   text	   data	    bss	    dec	    hex	filename
 0x88f4	0x1e4f8	  0x22c	 159768	  27018	/home/marcelo/Desktop/gap_sdk/examples/pmsis/DecentorOptimized/BUILD/GAP8/GCC_RISCV/test
/home/marcelo/Desktop/gap_sdk/examples/pmsis/DecentorOptimized/BUILD/GAP8/GCC_RISCV/test:1c025bb8 00000001 b buffer3
/home/marcelo/Desktop/gap_sdk/examples/pmsis/DecentorOptimized/BUILD/GAP8/GCC_RISCV/test:1b000bb8 00000001 D camera_isAwaked	/home/marcelo/Desktop/gap_sdk/rtos/pulp/pulp-os/drivers_deprecated/camera/himax.c:150
/home/marcelo/Desktop/gap_sdk/examples/pmsis/DecentorOptimized/BUILD/GAP8/GCC_RISCV/test:00000338 00000001 D __rt_hyper_pending_emu_do_memcpy	/home/marcelo/Desktop/gap_sdk/rtos/pulp/pulp-os/drivers/hyper/hyperram-v1.c:53
/home/marcelo/Desktop/gap_sdk/examples/pmsis/DecentorOptimized/BUILD/GAP8/GCC_RISCV/test:1c005da8 00000002 W illegal_insn_handler_c	/home/marcelo/Desktop/gap_sdk/rtos/pulp/pulp-os/kernel/irq.c:89
/home/marcelo/Desktop/gap_sdk/examples/pmsis/DecentorOptimized/BUILD/GAP8/GCC_RISCV/test:1c0055e2 00000002 T __rt_fll_deinit	/home/marcelo/Desktop/gap_sdk/rtos/pulp/pulp-os/kernel/gap/pmu_driver.c:876
/home/marcelo/Desktop/gap_sdk/examples/pmsis/DecentorOptimized/BUILD/GAP8/GCC_RISCV/test:1c0055e4 00000002 T __rt_flls_constructor	/home/marcelo/Desktop/gap_sdk/rtos/pulp/pulp-os/kernel/gap/pmu_driver.c:880
/home/marcelo/Desktop/gap_sdk/examples/pmsis/DecentorOptimized/BUILD/GAP8/GCC_RISCV/test:1c025954 00000003 d ToHWDCDC_Pos	/home/marcelo/Desktop/gap_sdk/rtos/pulp/pulp-os/kernel/gap/pmu_driver.c:192
/home/marcelo/Desktop/gap_sdk/examples/pmsis/DecentorOptimized/BUILD/GAP8/GCC_RISCV/test:1c007fe8 00000004 t ctor_list	/home/marcelo/Desktop/gap_sdk/rtos/pulp/pulp-os/kernel/init.c:29
/home/marcelo/Desktop/gap_sdk/examples/pmsis/DecentorOptimized/BUILD/GAP8/GCC_RISCV/test:1c008028 00000004 t dtor_list	/home/marcelo/Desktop/gap_sdk/rtos/pulp/pulp-os/kernel/init.c:30
/home/marcelo/Desktop/gap_sdk/examples/pmsis/DecentorOptimized/BUILD/GAP8/GCC_RISCV/test:1c025be8 00000004 b errno	/home/marcelo/Desktop/gap_sdk/rtos/pulp/pulp-os/libs/io/io.c:52
/home/marcelo/Desktop/gap_sdk/examples/pmsis/DecentorOptimized/BUILD/GAP8/GCC_RISCV/test:1c025938 00000004 D __fdlib_version
/home/marcelo/Desktop/gap_sdk/examples/pmsis/DecentorOptimized/BUILD/GAP8/GCC_RISCV/test:1c025bf8 00000004 B first_delayed
/home/marcelo/Desktop/gap_sdk/examples/pmsis/DecentorOptimized/BUILD/GAP8/GCC_RISCV/test:1c025bb4 00000004 b fwd_p
/home/marcelo/Desktop/gap_sdk/examples/pmsis/DecentorOptimized/BUILD/GAP8/GCC_RISCV/test:1c0021f8 00000004 T matherr
/home/marcelo/Desktop/gap_sdk/examples/pmsis/DecentorOptimized/BUILD/GAP8/GCC_RISCV/test:1c025bc4 00000004 b __pi_hyper_cluster_reqs_first	/home/marcelo/Desktop/gap_sdk/rtos/pulp/pulp-os/drivers/hyper/hyperram-v1.c:62
/home/marcelo/Desktop/gap_sdk/examples/pmsis/DecentorOptimized/BUILD/GAP8/GCC_RISCV/test:1c005d58 00000004 T pi_open_from_conf	/home/marcelo/Desktop/gap_sdk/rtos/pulp/pulp-os/kernel/init.c:325
/home/marcelo/Desktop/gap_sdk/examples/pmsis/DecentorOptimized/BUILD/GAP8/GCC_RISCV/test:1c025958 00000004 D PMURetentionState
/home/marcelo/Desktop/gap_sdk/examples/pmsis/DecentorOptimized/BUILD/GAP8/GCC_RISCV/test:00000354 00000004 D pwmEventsStatus	/home/marcelo/Desktop/gap_sdk/rtos/pulp/pulp-os/drivers/pwm/pwm.c:9
/home/marcelo/Desktop/gap_sdk/examples/pmsis/DecentorOptimized/BUILD/GAP8/GCC_RISCV/test:1c025964 00000004 d RetPMUStateToPMUState	/home/marcelo/Desktop/gap_sdk/rtos/pulp/pulp-os/kernel/gap/pmu_driver.c:185
/home/marcelo/Desktop/gap_sdk/examples/pmsis/DecentorOptimized/BUILD/GAP8/GCC_RISCV/test:1c025bf4 00000004 B __rt_alloc_fc_tcdm
/home/marcelo/Desktop/gap_sdk/examples/pmsis/DecentorOptimized/BUILD/GAP8/GCC_RISCV/test:1c025bec 00000004 B __rt_alloc_l1
/home/marcelo/Desktop/gap_sdk/examples/pmsis/DecentorOptimized/BUILD/GAP8/GCC_RISCV/test:1c025bf0 00000004 B __rt_alloc_l2
/home/marcelo/Desktop/gap_sdk/examples/pmsis/DecentorOptimized/BUILD/GAP8/GCC_RISCV/test:00000014 00000004 d __rt_bridge_eeprom_handle	/home/marcelo/Desktop/gap_sdk/rtos/pulp/pulp-os/kernel/bridge.c:25
/home/marcelo/Desktop/gap_sdk/examples/pmsis/DecentorOptimized/BUILD/GAP8/GCC_RISCV/test:00000010 00000004 d __rt_bridge_flash_cs	/home/marcelo/Desktop/gap_sdk/rtos/pulp/pulp-os/kernel/bridge.c:29
/home/marcelo/Desktop/gap_sdk/examples/pmsis/DecentorOptimized/BUILD/GAP8/GCC_RISCV/test:00000004 00000004 d __rt_bridge_flash_handle	/home/marcelo/Desktop/gap_sdk/rtos/pulp/pulp-os/kernel/bridge.c:26
/home/marcelo/Desktop/gap_sdk/examples/pmsis/DecentorOptimized/BUILD/GAP8/GCC_RISCV/test:0000000c 00000004 d __rt_bridge_flash_itf	/home/marcelo/Desktop/gap_sdk/rtos/pulp/pulp-os/kernel/bridge.c:28
/home/marcelo/Desktop/gap_sdk/examples/pmsis/DecentorOptimized/BUILD/GAP8/GCC_RISCV/test:00000008 00000004 d __rt_bridge_flash_type	/home/marcelo/Desktop/gap_sdk/rtos/pulp/pulp-os/kernel/bridge.c:27
/home/marcelo/Desktop/gap_sdk/examples/pmsis/DecentorOptimized/BUILD/GAP8/GCC_RISCV/test:00000390 00000004 D __rtc_handler	/home/marcelo/Desktop/gap_sdk/rtos/pulp/pulp-os/drivers_deprecated/dolphin/rtc.c:25
/home/marcelo/Desktop/gap_sdk/examples/pmsis/DecentorOptimized/BUILD/GAP8/GCC_RISCV/test:1000001c 00000004 D __rt_cluster_fc_task_lock	/home/marcelo/Desktop/gap_sdk/rtos/pulp/pulp-os/kernel/cluster.c:59
/home/marcelo/Desktop/gap_sdk/examples/pmsis/DecentorOptimized/BUILD/GAP8/GCC_RISCV/test:00000018 00000004 D __rt_cluster_nb_active_pe
/home/marcelo/Desktop/gap_sdk/examples/pmsis/DecentorOptimized/BUILD/GAP8/GCC_RISCV/test:1c025c08 00000004 B __rt_cluster_tasks	/home/marcelo/Desktop/gap_sdk/rtos/pulp/pulp-os/kernel/cluster.c:41
/home/marcelo/Desktop/gap_sdk/examples/pmsis/DecentorOptimized/BUILD/GAP8/GCC_RISCV/test:1b000b9c 00000004 D __rt_debug_config
/home/marcelo/Desktop/gap_sdk/examples/pmsis/DecentorOptimized/BUILD/GAP8/GCC_RISCV/test:1b000b98 00000004 D __rt_debug_config_trace
/home/marcelo/Desktop/gap_sdk/examples/pmsis/DecentorOptimized/BUILD/GAP8/GCC_RISCV/test:00000014 00000004 D __rt_dma_first_pending
/home/marcelo/Desktop/gap_sdk/examples/pmsis/DecentorOptimized/BUILD/GAP8/GCC_RISCV/test:00000010 00000004 D __rt_dma_last_pending
/home/marcelo/Desktop/gap_sdk/examples/pmsis/DecentorOptimized/BUILD/GAP8/GCC_RISCV/test:1c025bc0 00000004 b __rt_fc_cluster_device	/home/marcelo/Desktop/gap_sdk/rtos/pulp/pulp-os/kernel/pulpos_emu.c:25
/home/marcelo/Desktop/gap_sdk/examples/pmsis/DecentorOptimized/BUILD/GAP8/GCC_RISCV/test:1c025934 00000004 D __rt_fc_stack_size
/home/marcelo/Desktop/gap_sdk/examples/pmsis/DecentorOptimized/BUILD/GAP8/GCC_RISCV/test:00000018 00000004 D __rt_first_free
/home/marcelo/Desktop/gap_sdk/examples/pmsis/DecentorOptimized/BUILD/GAP8/GCC_RISCV/test:00000324 00000004 D __rt_hyper_current_task	/home/marcelo/Desktop/gap_sdk/rtos/pulp/pulp-os/drivers/hyper/hyperram-v1.c:27
/home/marcelo/Desktop/gap_sdk/examples/pmsis/DecentorOptimized/BUILD/GAP8/GCC_RISCV/test:00000320 00000004 D __rt_hyper_end_task	/home/marcelo/Desktop/gap_sdk/rtos/pulp/pulp-os/drivers/hyper/hyperram-v1.c:25
/home/marcelo/Desktop/gap_sdk/examples/pmsis/DecentorOptimized/BUILD/GAP8/GCC_RISCV/test:1c025bc8 00000004 b __rt_hyper_open_count	/home/marcelo/Desktop/gap_sdk/rtos/pulp/pulp-os/drivers/hyper/hyperram-v1.c:65
/home/marcelo/Desktop/gap_sdk/examples/pmsis/DecentorOptimized/BUILD/GAP8/GCC_RISCV/test:00000314 00000004 D __rt_hyper_pending_addr	/home/marcelo/Desktop/gap_sdk/rtos/pulp/pulp-os/drivers/hyper/hyperram-v1.c:33
/home/marcelo/Desktop/gap_sdk/examples/pmsis/DecentorOptimized/BUILD/GAP8/GCC_RISCV/test:0000030c 00000004 D __rt_hyper_pending_base	/home/marcelo/Desktop/gap_sdk/rtos/pulp/pulp-os/drivers/hyper/hyperram-v1.c:31
/home/marcelo/Desktop/gap_sdk/examples/pmsis/DecentorOptimized/BUILD/GAP8/GCC_RISCV/test:00000330 00000004 D __rt_hyper_pending_emu_addr	/home/marcelo/Desktop/gap_sdk/rtos/pulp/pulp-os/drivers/hyper/hyperram-v1.c:48
/home/marcelo/Desktop/gap_sdk/examples/pmsis/DecentorOptimized/BUILD/GAP8/GCC_RISCV/test:00000328 00000004 D __rt_hyper_pending_emu_channel	/home/marcelo/Desktop/gap_sdk/rtos/pulp/pulp-os/drivers/hyper/hyperram-v1.c:46
/home/marcelo/Desktop/gap_sdk/examples/pmsis/DecentorOptimized/BUILD/GAP8/GCC_RISCV/test:0000032c 00000004 D __rt_hyper_pending_emu_hyper_addr	/home/marcelo/Desktop/gap_sdk/rtos/pulp/pulp-os/drivers/hyper/hyperram-v1.c:47
/home/marcelo/Desktop/gap_sdk/examples/pmsis/DecentorOptimized/BUILD/GAP8/GCC_RISCV/test:0000034c 00000004 D __rt_hyper_pending_emu_length	/home/marcelo/Desktop/gap_sdk/rtos/pulp/pulp-os/drivers/hyper/hyperram-v1.c:51
/home/marcelo/Desktop/gap_sdk/examples/pmsis/DecentorOptimized/BUILD/GAP8/GCC_RISCV/test:00000334 00000004 D __rt_hyper_pending_emu_size	/home/marcelo/Desktop/gap_sdk/rtos/pulp/pulp-os/drivers/hyper/hyperram-v1.c:49
/home/marcelo/Desktop/gap_sdk/examples/pmsis/DecentorOptimized/BUILD/GAP8/GCC_RISCV/test:00000348 00000004 D __rt_hyper_pending_emu_size_2d	/home/marcelo/Desktop/gap_sdk/rtos/pulp/pulp-os/drivers/hyper/hyperram-v1.c:50
/home/marcelo/Desktop/gap_sdk/examples/pmsis/DecentorOptimized/BUILD/GAP8/GCC_RISCV/test:00000350 00000004 D __rt_hyper_pending_emu_stride	/home/marcelo/Desktop/gap_sdk/rtos/pulp/pulp-os/drivers/hyper/hyperram-v1.c:52
/home/marcelo/Desktop/gap_sdk/examples/pmsis/DecentorOptimized/BUILD/GAP8/GCC_RISCV/test:0000033c 00000004 D __rt_hyper_pending_emu_task	/home/marcelo/Desktop/gap_sdk/rtos/pulp/pulp-os/drivers/hyper/hyperram-v1.c:54
/home/marcelo/Desktop/gap_sdk/examples/pmsis/DecentorOptimized/BUILD/GAP8/GCC_RISCV/test:00000310 00000004 D __rt_hyper_pending_hyper_addr	/home/marcelo/Desktop/gap_sdk/rtos/pulp/pulp-os/drivers/hyper/hyperram-v1.c:32
/home/marcelo/Desktop/gap_sdk/examples/pmsis/DecentorOptimized/BUILD/GAP8/GCC_RISCV/test:00000318 00000004 D __rt_hyper_pending_repeat	/home/marcelo/Desktop/gap_sdk/rtos/pulp/pulp-os/drivers/hyper/hyperram-v1.c:34
/home/marcelo/Desktop/gap_sdk/examples/pmsis/DecentorOptimized/BUILD/GAP8/GCC_RISCV/test:0000031c 00000004 D __rt_hyper_pending_repeat_size	/home/marcelo/Desktop/gap_sdk/rtos/pulp/pulp-os/drivers/hyper/hyperram-v1.c:35
/home/marcelo/Desktop/gap_sdk/examples/pmsis/DecentorOptimized/BUILD/GAP8/GCC_RISCV/test:00000340 00000004 D __rt_hyper_pending_tasks	/home/marcelo/Desktop/gap_sdk/rtos/pulp/pulp-os/drivers/hyper/hyperram-v1.c:39
/home/marcelo/Desktop/gap_sdk/examples/pmsis/DecentorOptimized/BUILD/GAP8/GCC_RISCV/test:00000344 00000004 D __rt_hyper_pending_tasks_last	/home/marcelo/Desktop/gap_sdk/rtos/pulp/pulp-os/drivers/hyper/hyperram-v1.c:40
/home/marcelo/Desktop/gap_sdk/examples/pmsis/DecentorOptimized/BUILD/GAP8/GCC_RISCV/test:00000308 00000004 D __rt_hyper_udma_handle
/home/marcelo/Desktop/gap_sdk/examples/pmsis/DecentorOptimized/BUILD/GAP8/GCC_RISCV/test:1c025bcc 00000004 b __rt_i2s_first	/home/marcelo/Desktop/gap_sdk/rtos/pulp/pulp-os/drivers_deprecated/i2s/i2s-v1.c:40
/home/marcelo/Desktop/gap_sdk/examples/pmsis/DecentorOptimized/BUILD/GAP8/GCC_RISCV/test:1c02592c 00000004 D __rt_iodev
/home/marcelo/Desktop/gap_sdk/examples/pmsis/DecentorOptimized/BUILD/GAP8/GCC_RISCV/test:1c025930 00000004 D __rt_iodev_uart_baudrate
/home/marcelo/Desktop/gap_sdk/examples/pmsis/DecentorOptimized/BUILD/GAP8/GCC_RISCV/test:1c025bb0 00000004 B __rt_iodev_uart_channel
/home/marcelo/Desktop/gap_sdk/examples/pmsis/DecentorOptimized/BUILD/GAP8/GCC_RISCV/test:1c025bd8 00000004 b __rt_io_event_current	/home/marcelo/Desktop/gap_sdk/rtos/pulp/pulp-os/libs/io/io.c:40
/home/marcelo/Desktop/gap_sdk/examples/pmsis/DecentorOptimized/BUILD/GAP8/GCC_RISCV/test:1c025bdc 00000004 b __rt_io_pending_flush	/home/marcelo/Desktop/gap_sdk/rtos/pulp/pulp-os/libs/io/io.c:50
/home/marcelo/Desktop/gap_sdk/examples/pmsis/DecentorOptimized/BUILD/GAP8/GCC_RISCV/test:1c025be4 00000004 b _rt_io_uart	/home/marcelo/Desktop/gap_sdk/rtos/pulp/pulp-os/libs/io/io.c:38
/home/marcelo/Desktop/gap_sdk/examples/pmsis/DecentorOptimized/BUILD/GAP8/GCC_RISCV/test:1c025928 00000004 D __rt_platform
/home/marcelo/Desktop/gap_sdk/examples/pmsis/DecentorOptimized/BUILD/GAP8/GCC_RISCV/test:1c025be0 00000004 b __rt_putc_host_buffer_index	/home/marcelo/Desktop/gap_sdk/rtos/pulp/pulp-os/libs/io/io.c:48
/home/marcelo/Desktop/gap_sdk/examples/pmsis/DecentorOptimized/BUILD/GAP8/GCC_RISCV/test:0000038c 00000004 D __rt_rtc_init_done	/home/marcelo/Desktop/gap_sdk/rtos/pulp/pulp-os/drivers_deprecated/dolphin/rtc.c:26
/home/marcelo/Desktop/gap_sdk/examples/pmsis/DecentorOptimized/BUILD/GAP8/GCC_RISCV/test:1c025c04 00000004 B __rt_wakeup_use_fast	/home/marcelo/Desktop/gap_sdk/rtos/pulp/pulp-os/kernel/gap/pmu_driver.c:173
/home/marcelo/Desktop/gap_sdk/examples/pmsis/DecentorOptimized/BUILD/GAP8/GCC_RISCV/test:1c025bbc 00000004 b timer_count	/home/marcelo/Desktop/gap_sdk/rtos/pulp/pulp-os/kernel/time.c:23
/home/marcelo/Desktop/gap_sdk/examples/pmsis/DecentorOptimized/BUILD/GAP8/GCC_RISCV/test:1c0057c8 00000006 T pi_cluster_conf_init	/home/marcelo/Desktop/gap_sdk/rtos/pulp/pulp-os/kernel/cluster.c:337
/home/marcelo/Desktop/gap_sdk/examples/pmsis/DecentorOptimized/BUILD/GAP8/GCC_RISCV/test:1c0055e6 00000006 T __rt_fll_set_freq	/home/marcelo/Desktop/gap_sdk/rtos/pulp/pulp-os/kernel/gap/pmu_driver.c:884
/home/marcelo/Desktop/gap_sdk/examples/pmsis/DecentorOptimized/BUILD/GAP8/GCC_RISCV/test:1c02593c 00000007 d SystemStateToSCUFastSeq	/home/marcelo/Desktop/gap_sdk/rtos/pulp/pulp-os/kernel/gap/pmu_driver.c:176
/home/marcelo/Desktop/gap_sdk/examples/pmsis/DecentorOptimized/BUILD/GAP8/GCC_RISCV/test:1c02595c 00000008 D FllsFrequency
/home/marcelo/Desktop/gap_sdk/examples/pmsis/DecentorOptimized/BUILD/GAP8/GCC_RISCV/test:1c025bfc 00000008 B __rt_freq_domains
/home/marcelo/Desktop/gap_sdk/examples/pmsis/DecentorOptimized/BUILD/GAP8/GCC_RISCV/test:000002b0 00000008 D __rt_socevents_status
/home/marcelo/Desktop/gap_sdk/examples/pmsis/DecentorOptimized/BUILD/GAP8/GCC_RISCV/test:1c025bd0 00000008 b __rt_spim_open_count	/home/marcelo/Desktop/gap_sdk/rtos/pulp/pulp-os/drivers_deprecated/spim/spim-v2.c:26
/home/marcelo/Desktop/gap_sdk/examples/pmsis/DecentorOptimized/BUILD/GAP8/GCC_RISCV/test:1c006f06 00000008 T semihost_exit	/home/marcelo/Desktop/gap_sdk/rtos/pulp/pulp-os/libs/io/semihost.c:47
/home/marcelo/Desktop/gap_sdk/examples/pmsis/DecentorOptimized/BUILD/GAP8/GCC_RISCV/test:1c006efe 00000008 T semihost_write0	/home/marcelo/Desktop/gap_sdk/rtos/pulp/pulp-os/libs/io/semihost.c:6
/home/marcelo/Desktop/gap_sdk/examples/pmsis/DecentorOptimized/BUILD/GAP8/GCC_RISCV/test:1c006e74 0000000a T abort	/home/marcelo/Desktop/gap_sdk/rtos/pulp/pulp-os/libs/io/io.c:739
/home/marcelo/Desktop/gap_sdk/examples/pmsis/DecentorOptimized/BUILD/GAP8/GCC_RISCV/test:1c006c44 0000000a T __errno	/home/marcelo/Desktop/gap_sdk/rtos/pulp/pulp-os/libs/io/io.c:53
/home/marcelo/Desktop/gap_sdk/examples/pmsis/DecentorOptimized/BUILD/GAP8/GCC_RISCV/test:1c006844 0000000a T __rt_himax_init	/home/marcelo/Desktop/gap_sdk/rtos/pulp/pulp-os/drivers_deprecated/camera/himax.c:400
/home/marcelo/Desktop/gap_sdk/examples/pmsis/DecentorOptimized/BUILD/GAP8/GCC_RISCV/test:1c008fb4 0000000c d out_formats
/home/marcelo/Desktop/gap_sdk/examples/pmsis/DecentorOptimized/BUILD/GAP8/GCC_RISCV/test:1c004dac 0000000c T pi_l2_malloc	/home/marcelo/Desktop/gap_sdk/rtos/pulp/pulp-os/kernel/alloc.c:595
/home/marcelo/Desktop/gap_sdk/examples/pmsis/DecentorOptimized/BUILD/GAP8/GCC_RISCV/test:00000004 0000000c D __rt_cluster_pool
/home/marcelo/Desktop/gap_sdk/examples/pmsis/DecentorOptimized/BUILD/GAP8/GCC_RISCV/test:1c0066aa 0000000c T __rt_padframe_init	/home/marcelo/Desktop/gap_sdk/rtos/pulp/pulp-os/drivers_deprecated/pads/pads-v1.c:58
/home/marcelo/Desktop/gap_sdk/examples/pmsis/DecentorOptimized/BUILD/GAP8/GCC_RISCV/test:1c025a50 0000000c b train_log
/home/marcelo/Desktop/gap_sdk/examples/pmsis/DecentorOptimized/BUILD/GAP8/GCC_RISCV/test:1c006ef0 0000000e t __internal_semihost	/home/marcelo/Desktop/gap_sdk/rtos/pulp/pulp-os/libs/io/semihost.h:75
/home/marcelo/Desktop/gap_sdk/examples/pmsis/DecentorOptimized/BUILD/GAP8/GCC_RISCV/test:1c0021fc 0000000e T nan
/home/marcelo/Desktop/gap_sdk/examples/pmsis/DecentorOptimized/BUILD/GAP8/GCC_RISCV/test:1c004db8 0000000e T pi_l2_free	/home/marcelo/Desktop/gap_sdk/rtos/pulp/pulp-os/kernel/alloc.c:600
/home/marcelo/Desktop/gap_sdk/examples/pmsis/DecentorOptimized/BUILD/GAP8/GCC_RISCV/test:1c004e1c 0000000e T pi_time_get_us	/home/marcelo/Desktop/gap_sdk/rtos/pulp/pulp-os/kernel/time.c:53
/home/marcelo/Desktop/gap_sdk/examples/pmsis/DecentorOptimized/BUILD/GAP8/GCC_RISCV/test:1c006884 0000000e t __rt_io_end_of_flush	/home/marcelo/Desktop/gap_sdk/rtos/pulp/pulp-os/libs/io/io.c:366
/home/marcelo/Desktop/gap_sdk/examples/pmsis/DecentorOptimized/BUILD/GAP8/GCC_RISCV/test:1c006c4e 00000010 T memset	/home/marcelo/Desktop/gap_sdk/rtos/pulp/pulp-os/libs/io/io.c:150
/home/marcelo/Desktop/gap_sdk/examples/pmsis/DecentorOptimized/BUILD/GAP8/GCC_RISCV/test:1c025944 00000010 D PMUState
/home/marcelo/Desktop/gap_sdk/examples/pmsis/DecentorOptimized/BUILD/GAP8/GCC_RISCV/test:1b000bbc 00000010 d __rt_io_fc_lock	/home/marcelo/Desktop/gap_sdk/rtos/pulp/pulp-os/libs/io/io.c:35
/home/marcelo/Desktop/gap_sdk/examples/pmsis/DecentorOptimized/BUILD/GAP8/GCC_RISCV/test:1c025820 00000010 V __rt_padframe_default	/home/marcelo/Desktop/gap_sdk/rtos/pulp/pulp-os/drivers_deprecated/pads/pads-v1.c:28
/home/marcelo/Desktop/gap_sdk/examples/pmsis/DecentorOptimized/BUILD/GAP8/GCC_RISCV/test:1c025830 00000010 V __rt_padframe_hyper	/home/marcelo/Desktop/gap_sdk/rtos/pulp/pulp-os/drivers_deprecated/pads/pads-v1.c:30
/home/marcelo/Desktop/gap_sdk/examples/pmsis/DecentorOptimized/BUILD/GAP8/GCC_RISCV/test:1c025840 00000010 V __rt_padframe_hyper_gpio	/home/marcelo/Desktop/gap_sdk/rtos/pulp/pulp-os/drivers_deprecated/pads/pads-v1.c:32
/home/marcelo/Desktop/gap_sdk/examples/pmsis/DecentorOptimized/BUILD/GAP8/GCC_RISCV/test:1c025ba0 00000010 b __rt_uart	/home/marcelo/Desktop/gap_sdk/rtos/pulp/pulp-os/drivers_deprecated/uart/uart.c:43
/home/marcelo/Desktop/gap_sdk/examples/pmsis/DecentorOptimized/BUILD/GAP8/GCC_RISCV/test:1c007c5c 00000010 T rt_uart_conf_init
/home/marcelo/Desktop/gap_sdk/examples/pmsis/DecentorOptimized/BUILD/GAP8/GCC_RISCV/test:1c0055d0 00000012 T __rt_fll_init	/home/marcelo/Desktop/gap_sdk/rtos/pulp/pulp-os/kernel/gap/pmu_driver.c:871
/home/marcelo/Desktop/gap_sdk/examples/pmsis/DecentorOptimized/BUILD/GAP8/GCC_RISCV/test:1c00684e 00000012 T __rt_i2c_init	/home/marcelo/Desktop/gap_sdk/rtos/pulp/pulp-os/drivers_deprecated/i2c/i2c-v2.c:236
/home/marcelo/Desktop/gap_sdk/examples/pmsis/DecentorOptimized/BUILD/GAP8/GCC_RISCV/test:1c006860 00000012 T __rt_rtc_init	/home/marcelo/Desktop/gap_sdk/rtos/pulp/pulp-os/drivers_deprecated/dolphin/rtc.c:414
/home/marcelo/Desktop/gap_sdk/examples/pmsis/DecentorOptimized/BUILD/GAP8/GCC_RISCV/test:1c006872 00000012 T __rt_spim_init	/home/marcelo/Desktop/gap_sdk/rtos/pulp/pulp-os/drivers_deprecated/spim/spim-v2.c:446
/home/marcelo/Desktop/gap_sdk/examples/pmsis/DecentorOptimized/BUILD/GAP8/GCC_RISCV/test:1c006486 00000014 T __rt_event_sched_init	/home/marcelo/Desktop/gap_sdk/rtos/pulp/pulp-os/kernel/events.c:264
/home/marcelo/Desktop/gap_sdk/examples/pmsis/DecentorOptimized/BUILD/GAP8/GCC_RISCV/test:0000001c 00000014 D __rt_sched
/home/marcelo/Desktop/gap_sdk/examples/pmsis/DecentorOptimized/BUILD/GAP8/GCC_RISCV/test:1b000ba0 00000018 d cbsys_first	/home/marcelo/Desktop/gap_sdk/rtos/pulp/pulp-os/kernel/utils.c:30
/home/marcelo/Desktop/gap_sdk/examples/pmsis/DecentorOptimized/BUILD/GAP8/GCC_RISCV/test:1c025850 00000018 V __rt_padframe_profiles
/home/marcelo/Desktop/gap_sdk/examples/pmsis/DecentorOptimized/BUILD/GAP8/GCC_RISCV/test:1c004dc6 00000018 t __rt_time_poweroff	/home/marcelo/Desktop/gap_sdk/rtos/pulp/pulp-os/kernel/time.c:28
/home/marcelo/Desktop/gap_sdk/examples/pmsis/DecentorOptimized/BUILD/GAP8/GCC_RISCV/test:1c004dde 00000018 t __rt_time_poweron	/home/marcelo/Desktop/gap_sdk/rtos/pulp/pulp-os/kernel/time.c:37
/home/marcelo/Desktop/gap_sdk/examples/pmsis/DecentorOptimized/BUILD/GAP8/GCC_RISCV/test:1c0062ec 00000018 T __rt_wait_event_prepare_blocking	/home/marcelo/Desktop/gap_sdk/rtos/pulp/pulp-os/kernel/events.c:42
/home/marcelo/Desktop/gap_sdk/examples/pmsis/DecentorOptimized/BUILD/GAP8/GCC_RISCV/test:1c006dbe 0000001a T fputc_locked
/home/marcelo/Desktop/gap_sdk/examples/pmsis/DecentorOptimized/BUILD/GAP8/GCC_RISCV/test:1c00637c 0000001a T rt_event_get	/home/marcelo/Desktop/gap_sdk/rtos/pulp/pulp-os/kernel/events.c:105
/home/marcelo/Desktop/gap_sdk/examples/pmsis/DecentorOptimized/BUILD/GAP8/GCC_RISCV/test:1c00646c 0000001a T rt_event_wait	/home/marcelo/Desktop/gap_sdk/rtos/pulp/pulp-os/kernel/events.c:257
/home/marcelo/Desktop/gap_sdk/examples/pmsis/DecentorOptimized/BUILD/GAP8/GCC_RISCV/test:1c006c5e 0000001a T strchr	/home/marcelo/Desktop/gap_sdk/rtos/pulp/pulp-os/libs/io/io.c:278
/home/marcelo/Desktop/gap_sdk/examples/pmsis/DecentorOptimized/BUILD/GAP8/GCC_RISCV/test:1c00602e 0000001c t __rt_event_enqueue	/home/marcelo/Desktop/gap_sdk/install/GAP8/include/rt/rt_event.h:397
/home/marcelo/Desktop/gap_sdk/examples/pmsis/DecentorOptimized/BUILD/GAP8/GCC_RISCV/test:1c006172 0000001e T __rt_bridge_set_available	/home/marcelo/Desktop/gap_sdk/rtos/pulp/pulp-os/kernel/bridge.c:725
/home/marcelo/Desktop/gap_sdk/examples/pmsis/DecentorOptimized/BUILD/GAP8/GCC_RISCV/test:1c025a08 00000020 b buffer2
/home/marcelo/Desktop/gap_sdk/examples/pmsis/DecentorOptimized/BUILD/GAP8/GCC_RISCV/test:1c006fcc 00000020 t _rlrshift	/home/marcelo/Desktop/gap_sdk/rtos/pulp/pulp-os/libs/io/prf.c:122
/home/marcelo/Desktop/gap_sdk/examples/pmsis/DecentorOptimized/BUILD/GAP8/GCC_RISCV/test:1c00604a 00000020 t __rt_bridge_check_bridge_req.part.5	/home/marcelo/Desktop/gap_sdk/rtos/pulp/pulp-os/kernel/bridge.c:638
/home/marcelo/Desktop/gap_sdk/examples/pmsis/DecentorOptimized/BUILD/GAP8/GCC_RISCV/test:1c00697c 00000020 t rt_event_execute.isra.4.constprop.12	/home/marcelo/Desktop/gap_sdk/rtos/pulp/pulp-os/libs/io/io.c:795
/home/marcelo/Desktop/gap_sdk/examples/pmsis/DecentorOptimized/BUILD/GAP8/GCC_RISCV/test:1c025968 00000020 d __rt_i2c	/home/marcelo/Desktop/gap_sdk/rtos/pulp/pulp-os/drivers_deprecated/i2c/i2c-v2.c:28
/home/marcelo/Desktop/gap_sdk/examples/pmsis/DecentorOptimized/BUILD/GAP8/GCC_RISCV/test:1c004c16 00000020 T rt_user_alloc_init	/home/marcelo/Desktop/gap_sdk/rtos/pulp/pulp-os/kernel/alloc.c:193
/home/marcelo/Desktop/gap_sdk/examples/pmsis/DecentorOptimized/BUILD/GAP8/GCC_RISCV/test:1c004cf8 00000022 T __rt_alloc_init_l1	/home/marcelo/Desktop/gap_sdk/rtos/pulp/pulp-os/kernel/alloc.c:445
/home/marcelo/Desktop/gap_sdk/examples/pmsis/DecentorOptimized/BUILD/GAP8/GCC_RISCV/test:1c0061b2 00000022 T __rt_bridge_clear_notif	/home/marcelo/Desktop/gap_sdk/rtos/pulp/pulp-os/kernel/bridge.c:838
/home/marcelo/Desktop/gap_sdk/examples/pmsis/DecentorOptimized/BUILD/GAP8/GCC_RISCV/test:1c006190 00000022 T __rt_bridge_send_notif	/home/marcelo/Desktop/gap_sdk/rtos/pulp/pulp-os/kernel/bridge.c:821
/home/marcelo/Desktop/gap_sdk/examples/pmsis/DecentorOptimized/BUILD/GAP8/GCC_RISCV/test:1c006396 00000022 T rt_event_get_blocking	/home/marcelo/Desktop/gap_sdk/rtos/pulp/pulp-os/kernel/events.c:127
/home/marcelo/Desktop/gap_sdk/examples/pmsis/DecentorOptimized/BUILD/GAP8/GCC_RISCV/test:1c004ea4 00000022 T rt_time_wait_us	/home/marcelo/Desktop/gap_sdk/rtos/pulp/pulp-os/kernel/time.c:124
/home/marcelo/Desktop/gap_sdk/examples/pmsis/DecentorOptimized/BUILD/GAP8/GCC_RISCV/test:1c007b64 00000022 t __rt_uart_setfreq_after	/home/marcelo/Desktop/gap_sdk/rtos/pulp/pulp-os/drivers_deprecated/uart/uart.c:135
/home/marcelo/Desktop/gap_sdk/examples/pmsis/DecentorOptimized/BUILD/GAP8/GCC_RISCV/test:1c005f38 00000022 T __rt_utils_init	/home/marcelo/Desktop/gap_sdk/rtos/pulp/pulp-os/kernel/utils.c:84
/home/marcelo/Desktop/gap_sdk/examples/pmsis/DecentorOptimized/BUILD/GAP8/GCC_RISCV/test:1c0063b8 00000024 T rt_event_push	/home/marcelo/Desktop/gap_sdk/rtos/pulp/pulp-os/kernel/events.c:139
/home/marcelo/Desktop/gap_sdk/examples/pmsis/DecentorOptimized/BUILD/GAP8/GCC_RISCV/test:1c007b40 00000024 t __rt_uart_setup.isra.5	/home/marcelo/Desktop/gap_sdk/rtos/pulp/pulp-os/drivers_deprecated/uart/uart.c:222
/home/marcelo/Desktop/gap_sdk/examples/pmsis/DecentorOptimized/BUILD/GAP8/GCC_RISCV/test:1c005ba2 00000026 t cluster_start	/home/marcelo/Desktop/gap_sdk/rtos/pulp/pulp-os/kernel/init.c:198
/home/marcelo/Desktop/gap_sdk/examples/pmsis/DecentorOptimized/BUILD/GAP8/GCC_RISCV/test:1c004df6 00000026 T rt_time_get_us	/home/marcelo/Desktop/gap_sdk/rtos/pulp/pulp-os/kernel/time.c:45
/home/marcelo/Desktop/gap_sdk/examples/pmsis/DecentorOptimized/BUILD/GAP8/GCC_RISCV/test:1c007b1a 00000026 T __rt_uart_cluster_req_done	/home/marcelo/Desktop/gap_sdk/rtos/pulp/pulp-os/drivers_deprecated/uart/uart.c:253
/home/marcelo/Desktop/gap_sdk/examples/pmsis/DecentorOptimized/BUILD/GAP8/GCC_RISCV/test:1c0050f8 00000026 t soc_eu_fcEventMask_setEvent	/home/marcelo/Desktop/gap_sdk/install/GAP8/include/hal/soc_eu/soc_eu_v1.h:60
/home/marcelo/Desktop/gap_sdk/examples/pmsis/DecentorOptimized/BUILD/GAP8/GCC_RISCV/test:1c007c36 00000026 t soc_eu_fcEventMask_setEvent	/home/marcelo/Desktop/gap_sdk/install/GAP8/include/hal/soc_eu/soc_eu_v1.h:60
/home/marcelo/Desktop/gap_sdk/examples/pmsis/DecentorOptimized/BUILD/GAP8/GCC_RISCV/test:1c025a28 00000028 b buffer1
/home/marcelo/Desktop/gap_sdk/examples/pmsis/DecentorOptimized/BUILD/GAP8/GCC_RISCV/test:1c006dd8 00000028 T _prf_locked	/home/marcelo/Desktop/gap_sdk/rtos/pulp/pulp-os/libs/io/io.c:626
/home/marcelo/Desktop/gap_sdk/examples/pmsis/DecentorOptimized/BUILD/GAP8/GCC_RISCV/test:1c004d1a 00000028 T __rt_alloc_init_l1_for_fc	/home/marcelo/Desktop/gap_sdk/rtos/pulp/pulp-os/kernel/alloc.c:452
/home/marcelo/Desktop/gap_sdk/examples/pmsis/DecentorOptimized/BUILD/GAP8/GCC_RISCV/test:1c005d30 00000028 T __rt_deinit	/home/marcelo/Desktop/gap_sdk/rtos/pulp/pulp-os/kernel/init.c:163
/home/marcelo/Desktop/gap_sdk/examples/pmsis/DecentorOptimized/BUILD/GAP8/GCC_RISCV/test:1c025c0c 00000028 B __rt_fc_cluster_data
/home/marcelo/Desktop/gap_sdk/examples/pmsis/DecentorOptimized/BUILD/GAP8/GCC_RISCV/test:1c006c1c 00000028 t __rt_io_stop	/home/marcelo/Desktop/gap_sdk/rtos/pulp/pulp-os/libs/io/io.c:769
/home/marcelo/Desktop/gap_sdk/examples/pmsis/DecentorOptimized/BUILD/GAP8/GCC_RISCV/test:1c006682 00000028 T rt_padframe_set	/home/marcelo/Desktop/gap_sdk/rtos/pulp/pulp-os/drivers_deprecated/pads/pads-v1.c:77
/home/marcelo/Desktop/gap_sdk/examples/pmsis/DecentorOptimized/BUILD/GAP8/GCC_RISCV/test:000002b8 00000028 D __rt_udma_extra_callback
/home/marcelo/Desktop/gap_sdk/examples/pmsis/DecentorOptimized/BUILD/GAP8/GCC_RISCV/test:000002e0 00000028 D __rt_udma_extra_callback_arg
/home/marcelo/Desktop/gap_sdk/examples/pmsis/DecentorOptimized/BUILD/GAP8/GCC_RISCV/test:1c004688 0000002a T __ashldi3	/home/gitlab-runner/riscv-gnu-toolchain/riscv-gnu-toolchain/riscv-gcc/libgcc/libgcc2.c:431
/home/marcelo/Desktop/gap_sdk/examples/pmsis/DecentorOptimized/BUILD/GAP8/GCC_RISCV/test:1c0062c2 0000002a T __rt_event_init	/home/marcelo/Desktop/gap_sdk/rtos/pulp/pulp-os/kernel/events.c:32
/home/marcelo/Desktop/gap_sdk/examples/pmsis/DecentorOptimized/BUILD/GAP8/GCC_RISCV/test:1c00679e 0000002a t __rt_i2s_setfreq_after	/home/marcelo/Desktop/gap_sdk/rtos/pulp/pulp-os/drivers_deprecated/i2s/i2s-v1.c:235
/home/marcelo/Desktop/gap_sdk/examples/pmsis/DecentorOptimized/BUILD/GAP8/GCC_RISCV/test:1c006f0e 0000002c T printf	/home/marcelo/Desktop/gap_sdk/rtos/pulp/pulp-os/libs/io/fprintf.c:41
/home/marcelo/Desktop/gap_sdk/examples/pmsis/DecentorOptimized/BUILD/GAP8/GCC_RISCV/test:1c0067c8 0000002c t __rt_i2s_setfreq_before	/home/marcelo/Desktop/gap_sdk/rtos/pulp/pulp-os/drivers_deprecated/i2s/i2s-v1.c:219
/home/marcelo/Desktop/gap_sdk/examples/pmsis/DecentorOptimized/BUILD/GAP8/GCC_RISCV/test:1c025a5c 0000002c b __rt_pulpos_emu_global_cluster_task	/home/marcelo/Desktop/gap_sdk/rtos/pulp/pulp-os/kernel/pulpos_emu.c:26
/home/marcelo/Desktop/gap_sdk/examples/pmsis/DecentorOptimized/BUILD/GAP8/GCC_RISCV/test:1c007bc8 0000002c t __rt_uart_setfreq_before	/home/marcelo/Desktop/gap_sdk/rtos/pulp/pulp-os/drivers_deprecated/uart/uart.c:102
/home/marcelo/Desktop/gap_sdk/examples/pmsis/DecentorOptimized/BUILD/GAP8/GCC_RISCV/test:1c006440 0000002c T __rt_wait_event	/home/marcelo/Desktop/gap_sdk/rtos/pulp/pulp-os/kernel/events.c:247
/home/marcelo/Desktop/gap_sdk/examples/pmsis/DecentorOptimized/BUILD/GAP8/GCC_RISCV/test:1c0050cc 0000002c t SetFllMultDivFactors
/home/marcelo/Desktop/gap_sdk/examples/pmsis/DecentorOptimized/BUILD/GAP8/GCC_RISCV/test:1c004cca 0000002e T rt_alloc
/home/marcelo/Desktop/gap_sdk/examples/pmsis/DecentorOptimized/BUILD/GAP8/GCC_RISCV/test:1c0066b6 0000002e t __rt_hyper_init	/home/marcelo/Desktop/gap_sdk/rtos/pulp/pulp-os/drivers/hyper/hyperram-v1.c:995
/home/marcelo/Desktop/gap_sdk/examples/pmsis/DecentorOptimized/BUILD/GAP8/GCC_RISCV/test:1c005f08 00000030 T __rt_cbsys_exec	/home/marcelo/Desktop/gap_sdk/rtos/pulp/pulp-os/kernel/utils.c:71
/home/marcelo/Desktop/gap_sdk/examples/pmsis/DecentorOptimized/BUILD/GAP8/GCC_RISCV/test:1c0058a6 00000032 T pi_cluster_close	/home/marcelo/Desktop/gap_sdk/rtos/pulp/pulp-os/kernel/cluster.c:370
/home/marcelo/Desktop/gap_sdk/examples/pmsis/DecentorOptimized/BUILD/GAP8/GCC_RISCV/test:1c005f5a 00000032 T __rt_fc_lock	/home/marcelo/Desktop/gap_sdk/rtos/pulp/pulp-os/kernel/utils.c:92
/home/marcelo/Desktop/gap_sdk/examples/pmsis/DecentorOptimized/BUILD/GAP8/GCC_RISCV/test:1c003834 00000032 T __unorddf2	/home/gitlab-runner/riscv-gnu-toolchain/riscv-gnu-toolchain/riscv-gcc/libgcc/soft-fp/unorddf2.c:34
/home/marcelo/Desktop/gap_sdk/examples/pmsis/DecentorOptimized/BUILD/GAP8/GCC_RISCV/test:00000358 00000034 D dev_rtc	/home/marcelo/Desktop/gap_sdk/rtos/pulp/pulp-os/drivers_deprecated/dolphin/rtc.c:24
/home/marcelo/Desktop/gap_sdk/examples/pmsis/DecentorOptimized/BUILD/GAP8/GCC_RISCV/test:1c007030 00000034 t _get_digit	/home/marcelo/Desktop/gap_sdk/rtos/pulp/pulp-os/libs/io/prf.c:167
/home/marcelo/Desktop/gap_sdk/examples/pmsis/DecentorOptimized/BUILD/GAP8/GCC_RISCV/test:1c00628e 00000034 T __rt_bridge_init	/home/marcelo/Desktop/gap_sdk/rtos/pulp/pulp-os/kernel/bridge.c:851
/home/marcelo/Desktop/gap_sdk/examples/pmsis/DecentorOptimized/BUILD/GAP8/GCC_RISCV/test:1c005f8c 00000034 T __rt_fc_unlock	/home/marcelo/Desktop/gap_sdk/rtos/pulp/pulp-os/kernel/utils.c:127
/home/marcelo/Desktop/gap_sdk/examples/pmsis/DecentorOptimized/BUILD/GAP8/GCC_RISCV/test:1c00676a 00000034 t __rt_i2s_resume	/home/marcelo/Desktop/gap_sdk/rtos/pulp/pulp-os/drivers_deprecated/i2s/i2s-v1.c:186
/home/marcelo/Desktop/gap_sdk/examples/pmsis/DecentorOptimized/BUILD/GAP8/GCC_RISCV/test:1c006a0c 00000034 t __rt_putc_host_cluster_req	/home/marcelo/Desktop/gap_sdk/rtos/pulp/pulp-os/libs/io/io.c:451
/home/marcelo/Desktop/gap_sdk/examples/pmsis/DecentorOptimized/BUILD/GAP8/GCC_RISCV/test:1c007d48 00000034 T rt_uart_cluster_write	/home/marcelo/Desktop/gap_sdk/rtos/pulp/pulp-os/drivers_deprecated/uart/uart.c:277
/home/marcelo/Desktop/gap_sdk/examples/pmsis/DecentorOptimized/BUILD/GAP8/GCC_RISCV/test:1c005ff8 00000036 T __rt_fc_cluster_unlock	/home/marcelo/Desktop/gap_sdk/rtos/pulp/pulp-os/kernel/utils.c:199
/home/marcelo/Desktop/gap_sdk/examples/pmsis/DecentorOptimized/BUILD/GAP8/GCC_RISCV/test:1c005fc0 00000038 T __rt_fc_cluster_lock	/home/marcelo/Desktop/gap_sdk/rtos/pulp/pulp-os/kernel/utils.c:189
/home/marcelo/Desktop/gap_sdk/examples/pmsis/DecentorOptimized/BUILD/GAP8/GCC_RISCV/test:1c005948 0000003a T __rt_cluster_new	/home/marcelo/Desktop/gap_sdk/rtos/pulp/pulp-os/kernel/cluster.c:445
/home/marcelo/Desktop/gap_sdk/examples/pmsis/DecentorOptimized/BUILD/GAP8/GCC_RISCV/test:1c005982 0000003c t __rt_cluster_pulpos_emu_init	/home/marcelo/Desktop/gap_sdk/rtos/pulp/pulp-os/kernel/pulpos_emu.c:29
/home/marcelo/Desktop/gap_sdk/examples/pmsis/DecentorOptimized/BUILD/GAP8/GCC_RISCV/test:1c006cd6 0000003c T __rt_putc_uart	/home/marcelo/Desktop/gap_sdk/rtos/pulp/pulp-os/libs/io/io.c:412
/home/marcelo/Desktop/gap_sdk/examples/pmsis/DecentorOptimized/BUILD/GAP8/GCC_RISCV/test:1c00508e 0000003e T __rt_freq_init	/home/marcelo/Desktop/gap_sdk/rtos/pulp/pulp-os/kernel/gap/freq.c:62
/home/marcelo/Desktop/gap_sdk/examples/pmsis/DecentorOptimized/BUILD/GAP8/GCC_RISCV/test:1c005ec8 00000040 T __rt_cbsys_add	/home/marcelo/Desktop/gap_sdk/rtos/pulp/pulp-os/kernel/utils.c:57
/home/marcelo/Desktop/gap_sdk/examples/pmsis/DecentorOptimized/BUILD/GAP8/GCC_RISCV/test:1c0068e2 00000040 t __rt_do_putc_host	/home/marcelo/Desktop/gap_sdk/rtos/pulp/pulp-os/libs/io/io.c:430
/home/marcelo/Desktop/gap_sdk/examples/pmsis/DecentorOptimized/BUILD/GAP8/GCC_RISCV/test:1c0061d4 00000042 T __rt_bridge_printf_flush
/home/marcelo/Desktop/gap_sdk/examples/pmsis/DecentorOptimized/BUILD/GAP8/GCC_RISCV/test:1c007bf4 00000042 t __rt_uart_cluster_req	/home/marcelo/Desktop/gap_sdk/rtos/pulp/pulp-os/drivers_deprecated/uart/uart.c:266
/home/marcelo/Desktop/gap_sdk/examples/pmsis/DecentorOptimized/BUILD/GAP8/GCC_RISCV/test:1c007b86 00000042 t __rt_uart_wait_tx_done.isra.6	/home/marcelo/Desktop/gap_sdk/rtos/pulp/pulp-os/drivers_deprecated/uart/uart.c:222
/home/marcelo/Desktop/gap_sdk/examples/pmsis/DecentorOptimized/BUILD/GAP8/GCC_RISCV/test:1c0054d2 00000044 T InitFlls	/home/marcelo/Desktop/gap_sdk/rtos/pulp/pulp-os/kernel/gap/pmu_driver.c:858
/home/marcelo/Desktop/gap_sdk/examples/pmsis/DecentorOptimized/BUILD/GAP8/GCC_RISCV/test:1c006fec 00000044 t _ldiv5	/home/marcelo/Desktop/gap_sdk/rtos/pulp/pulp-os/libs/io/prf.c:143
/home/marcelo/Desktop/gap_sdk/examples/pmsis/DecentorOptimized/BUILD/GAP8/GCC_RISCV/test:1c00606a 00000044 t __rt_bridge_wait
/home/marcelo/Desktop/gap_sdk/examples/pmsis/DecentorOptimized/BUILD/GAP8/GCC_RISCV/test:1c004c36 00000048 T rt_user_alloc	/home/marcelo/Desktop/gap_sdk/rtos/pulp/pulp-os/kernel/alloc.c:207
/home/marcelo/Desktop/gap_sdk/examples/pmsis/DecentorOptimized/BUILD/GAP8/GCC_RISCV/test:1c005044 0000004a T rt_freq_set_and_get	/home/marcelo/Desktop/gap_sdk/rtos/pulp/pulp-os/kernel/gap/freq.c:30
/home/marcelo/Desktop/gap_sdk/examples/pmsis/DecentorOptimized/BUILD/GAP8/GCC_RISCV/test:1c006126 0000004c T __rt_bridge_check_connection
/home/marcelo/Desktop/gap_sdk/examples/pmsis/DecentorOptimized/BUILD/GAP8/GCC_RISCV/test:1c005d5c 0000004c T rt_irq_set_handler	/home/marcelo/Desktop/gap_sdk/rtos/pulp/pulp-os/kernel/irq.c:61
/home/marcelo/Desktop/gap_sdk/examples/pmsis/DecentorOptimized/BUILD/GAP8/GCC_RISCV/test:1c004c7e 0000004c T rt_user_free	/home/marcelo/Desktop/gap_sdk/rtos/pulp/pulp-os/kernel/alloc.c:291
/home/marcelo/Desktop/gap_sdk/examples/pmsis/DecentorOptimized/BUILD/GAP8/GCC_RISCV/test:1c007cfa 0000004e T rt_uart_close	/home/marcelo/Desktop/gap_sdk/rtos/pulp/pulp-os/drivers_deprecated/uart/uart.c:228
/home/marcelo/Desktop/gap_sdk/examples/pmsis/DecentorOptimized/BUILD/GAP8/GCC_RISCV/test:1c005daa 00000050 T __rt_handle_illegal_instr	/home/marcelo/Desktop/gap_sdk/rtos/pulp/pulp-os/kernel/irq.c:94
/home/marcelo/Desktop/gap_sdk/examples/pmsis/DecentorOptimized/BUILD/GAP8/GCC_RISCV/test:1c0067f4 00000050 T __rt_i2s_init	/home/marcelo/Desktop/gap_sdk/rtos/pulp/pulp-os/drivers_deprecated/i2s/i2s-v1.c:268
/home/marcelo/Desktop/gap_sdk/examples/pmsis/DecentorOptimized/BUILD/GAP8/GCC_RISCV/test:1c006892 00000050 t __rt_io_uart_wait_req	/home/marcelo/Desktop/gap_sdk/rtos/pulp/pulp-os/libs/io/io.c:315
/home/marcelo/Desktop/gap_sdk/examples/pmsis/DecentorOptimized/BUILD/GAP8/GCC_RISCV/test:1c005dfa 00000052 T __rt_irq_init	/home/marcelo/Desktop/gap_sdk/rtos/pulp/pulp-os/kernel/irq.c:103
/home/marcelo/Desktop/gap_sdk/examples/pmsis/DecentorOptimized/BUILD/GAP8/GCC_RISCV/test:1c0043fa 00000056 T __fixsfsi	/home/gitlab-runner/riscv-gnu-toolchain/riscv-gnu-toolchain/riscv-gcc/libgcc/soft-fp/fixsfsi.c:35
/home/marcelo/Desktop/gap_sdk/examples/pmsis/DecentorOptimized/BUILD/GAP8/GCC_RISCV/test:1c0065ce 00000056 T __rt_periph_wait_event	/home/marcelo/Desktop/gap_sdk/rtos/pulp/pulp-os/kernel/periph-v2.c:237
/home/marcelo/Desktop/gap_sdk/examples/pmsis/DecentorOptimized/BUILD/GAP8/GCC_RISCV/test:1c0038c2 00000058 T __floatsidf	/home/gitlab-runner/riscv-gnu-toolchain/riscv-gnu-toolchain/riscv-gcc/libgcc/soft-fp/floatsidf.c:36
/home/marcelo/Desktop/gap_sdk/examples/pmsis/DecentorOptimized/BUILD/GAP8/GCC_RISCV/test:1c005a4e 0000005a T rt_cluster_mount	/home/marcelo/Desktop/gap_sdk/rtos/pulp/pulp-os/kernel/pulpos_emu.c:68
/home/marcelo/Desktop/gap_sdk/examples/pmsis/DecentorOptimized/BUILD/GAP8/GCC_RISCV/test:1c006922 0000005a t __rt_io_start	/home/marcelo/Desktop/gap_sdk/rtos/pulp/pulp-os/libs/io/io.c:746
/home/marcelo/Desktop/gap_sdk/examples/pmsis/DecentorOptimized/BUILD/GAP8/GCC_RISCV/test:1c003866 0000005c T __fixdfsi	/home/gitlab-runner/riscv-gnu-toolchain/riscv-gnu-toolchain/riscv-gcc/libgcc/soft-fp/fixdfsi.c:35
/home/marcelo/Desktop/gap_sdk/examples/pmsis/DecentorOptimized/BUILD/GAP8/GCC_RISCV/test:1c007d7c 0000005c T __rt_uart_init	/home/marcelo/Desktop/gap_sdk/rtos/pulp/pulp-os/drivers_deprecated/uart/uart.c:292
/home/marcelo/Desktop/gap_sdk/examples/pmsis/DecentorOptimized/BUILD/GAP8/GCC_RISCV/test:1c00564e 0000005e t __rt_cluster_init	/home/marcelo/Desktop/gap_sdk/rtos/pulp/pulp-os/kernel/cluster.c:382
/home/marcelo/Desktop/gap_sdk/examples/pmsis/DecentorOptimized/BUILD/GAP8/GCC_RISCV/test:1c006624 0000005e T __rt_periph_init	/home/marcelo/Desktop/gap_sdk/rtos/pulp/pulp-os/kernel/periph-v2.c:276
/home/marcelo/Desktop/gap_sdk/examples/pmsis/DecentorOptimized/BUILD/GAP8/GCC_RISCV/test:1c006c78 0000005e T __rt_putc_debug_bridge	/home/marcelo/Desktop/gap_sdk/rtos/pulp/pulp-os/libs/io/io.c:288
/home/marcelo/Desktop/gap_sdk/examples/pmsis/DecentorOptimized/BUILD/GAP8/GCC_RISCV/test:1c002cda 00000060 T __eqdf2	/home/gitlab-runner/riscv-gnu-toolchain/riscv-gnu-toolchain/riscv-gcc/libgcc/soft-fp/eqdf2.c:35
/home/marcelo/Desktop/gap_sdk/examples/pmsis/DecentorOptimized/BUILD/GAP8/GCC_RISCV/test:1c002cda 00000060 T __nedf2	/home/gitlab-runner/riscv-gnu-toolchain/riscv-gnu-toolchain/riscv-gcc/libgcc/soft-fp/eqdf2.c:36
/home/marcelo/Desktop/gap_sdk/examples/pmsis/DecentorOptimized/BUILD/GAP8/GCC_RISCV/test:1c0055ec 00000062 t __rt_init_cluster_data	/home/marcelo/Desktop/gap_sdk/rtos/pulp/pulp-os/kernel/cluster.c:72
/home/marcelo/Desktop/gap_sdk/examples/pmsis/DecentorOptimized/BUILD/GAP8/GCC_RISCV/test:1c0063dc 00000064 T __rt_event_execute	/home/marcelo/Desktop/gap_sdk/rtos/pulp/pulp-os/kernel/events.c:189
/home/marcelo/Desktop/gap_sdk/examples/pmsis/DecentorOptimized/BUILD/GAP8/GCC_RISCV/test:1c004d42 0000006a T __rt_allocs_init	/home/marcelo/Desktop/gap_sdk/rtos/pulp/pulp-os/kernel/alloc.c:465
/home/marcelo/Desktop/gap_sdk/examples/pmsis/DecentorOptimized/BUILD/GAP8/GCC_RISCV/test:1c0058d8 00000070 T __rt_cluster_push_fc_event	/home/marcelo/Desktop/gap_sdk/rtos/pulp/pulp-os/kernel/cluster.c:413
/home/marcelo/Desktop/gap_sdk/examples/pmsis/DecentorOptimized/BUILD/GAP8/GCC_RISCV/test:1c00699c 00000070 t __rt_io_lock
/home/marcelo/Desktop/gap_sdk/examples/pmsis/DecentorOptimized/BUILD/GAP8/GCC_RISCV/test:1c006a40 00000070 t __rt_io_unlock
/home/marcelo/Desktop/gap_sdk/examples/pmsis/DecentorOptimized/BUILD/GAP8/GCC_RISCV/test:1c006e7e 00000072 T __rt_io_init	/home/marcelo/Desktop/gap_sdk/rtos/pulp/pulp-os/libs/io/io.c:800
/home/marcelo/Desktop/gap_sdk/examples/pmsis/DecentorOptimized/BUILD/GAP8/GCC_RISCV/test:1c006e00 00000074 T exit	/home/marcelo/Desktop/gap_sdk/rtos/pulp/pulp-os/libs/io/io.c:690
/home/marcelo/Desktop/gap_sdk/examples/pmsis/DecentorOptimized/BUILD/GAP8/GCC_RISCV/test:1c0060ae 00000078 T __rt_bridge_handle_notif	/home/marcelo/Desktop/gap_sdk/rtos/pulp/pulp-os/kernel/bridge.c:644
/home/marcelo/Desktop/gap_sdk/examples/pmsis/DecentorOptimized/BUILD/GAP8/GCC_RISCV/test:1c006216 00000078 T __rt_bridge_req_shutdown	/home/marcelo/Desktop/gap_sdk/rtos/pulp/pulp-os/kernel/bridge.c:774
/home/marcelo/Desktop/gap_sdk/examples/pmsis/DecentorOptimized/BUILD/GAP8/GCC_RISCV/test:1c006304 00000078 T rt_event_alloc	/home/marcelo/Desktop/gap_sdk/rtos/pulp/pulp-os/kernel/events.c:52
/home/marcelo/Desktop/gap_sdk/examples/pmsis/DecentorOptimized/BUILD/GAP8/GCC_RISCV/test:1c004e2a 0000007a T rt_event_push_delayed	/home/marcelo/Desktop/gap_sdk/rtos/pulp/pulp-os/kernel/time.c:59
/home/marcelo/Desktop/gap_sdk/examples/pmsis/DecentorOptimized/BUILD/GAP8/GCC_RISCV/test:1c004584 0000007c T __fixsfdi	/home/gitlab-runner/riscv-gnu-toolchain/riscv-gnu-toolchain/riscv-gcc/libgcc/soft-fp/fixsfdi.c:35
/home/marcelo/Desktop/gap_sdk/examples/pmsis/DecentorOptimized/BUILD/GAP8/GCC_RISCV/test:1c005e4c 0000007c t __rt_fc_cluster_lock_req	/home/marcelo/Desktop/gap_sdk/rtos/pulp/pulp-os/kernel/utils.c:142
/home/marcelo/Desktop/gap_sdk/examples/pmsis/DecentorOptimized/BUILD/GAP8/GCC_RISCV/test:1c025b20 00000080 b __rt_io_event	/home/marcelo/Desktop/gap_sdk/rtos/pulp/pulp-os/libs/io/io.c:39
/home/marcelo/Desktop/gap_sdk/examples/pmsis/DecentorOptimized/BUILD/GAP8/GCC_RISCV/test:1c025988 00000080 d __rt_putc_host_buffer	/home/marcelo/Desktop/gap_sdk/rtos/pulp/pulp-os/libs/io/io.c:47
/home/marcelo/Desktop/gap_sdk/examples/pmsis/DecentorOptimized/BUILD/GAP8/GCC_RISCV/test:1c0000a0 00000082 t get_qfrac_bits
/home/marcelo/Desktop/gap_sdk/examples/pmsis/DecentorOptimized/BUILD/GAP8/GCC_RISCV/test:1c003e02 00000084 T __gesf2	/home/gitlab-runner/riscv-gnu-toolchain/riscv-gnu-toolchain/riscv-gcc/libgcc/soft-fp/gesf2.c:35
/home/marcelo/Desktop/gap_sdk/examples/pmsis/DecentorOptimized/BUILD/GAP8/GCC_RISCV/test:1c003e02 00000084 T __gtsf2	/home/gitlab-runner/riscv-gnu-toolchain/riscv-gnu-toolchain/riscv-gcc/libgcc/soft-fp/gesf2.c:43
/home/marcelo/Desktop/gap_sdk/examples/pmsis/DecentorOptimized/BUILD/GAP8/GCC_RISCV/test:1c003e86 00000084 T __lesf2	/home/gitlab-runner/riscv-gnu-toolchain/riscv-gnu-toolchain/riscv-gcc/libgcc/soft-fp/lesf2.c:35
/home/marcelo/Desktop/gap_sdk/examples/pmsis/DecentorOptimized/BUILD/GAP8/GCC_RISCV/test:1c003e86 00000084 T __ltsf2	/home/gitlab-runner/riscv-gnu-toolchain/riscv-gnu-toolchain/riscv-gcc/libgcc/soft-fp/lesf2.c:43
/home/marcelo/Desktop/gap_sdk/examples/pmsis/DecentorOptimized/BUILD/GAP8/GCC_RISCV/test:1c0066e4 00000086 T __pi_gpio_handler	/home/marcelo/Desktop/gap_sdk/rtos/pulp/pulp-os/drivers/gpio/gpio-v2.c:54
/home/marcelo/Desktop/gap_sdk/examples/pmsis/DecentorOptimized/BUILD/GAP8/GCC_RISCV/test:1c004600 00000088 T __extendsfdf2	/home/gitlab-runner/riscv-gnu-toolchain/riscv-gnu-toolchain/riscv-gcc/libgcc/soft-fp/extendsfdf2.c:37
/home/marcelo/Desktop/gap_sdk/examples/pmsis/DecentorOptimized/BUILD/GAP8/GCC_RISCV/test:1c004ec6 0000008c T __rt_time_init	/home/marcelo/Desktop/gap_sdk/rtos/pulp/pulp-os/kernel/time.c:136
/home/marcelo/Desktop/gap_sdk/examples/pmsis/DecentorOptimized/BUILD/GAP8/GCC_RISCV/test:1c007c6c 0000008e T __rt_uart_open	/home/marcelo/Desktop/gap_sdk/rtos/pulp/pulp-os/drivers_deprecated/uart/uart.c:151
/home/marcelo/Desktop/gap_sdk/examples/pmsis/DecentorOptimized/BUILD/GAP8/GCC_RISCV/test:1c0044f4 00000090 T __floatunsisf	/home/gitlab-runner/riscv-gnu-toolchain/riscv-gnu-toolchain/riscv-gcc/libgcc/soft-fp/floatunsisf.c:35
/home/marcelo/Desktop/gap_sdk/examples/pmsis/DecentorOptimized/BUILD/GAP8/GCC_RISCV/test:1c0059be 00000090 T rt_cluster_call	/home/marcelo/Desktop/gap_sdk/rtos/pulp/pulp-os/kernel/pulpos_emu.c:40
/home/marcelo/Desktop/gap_sdk/examples/pmsis/DecentorOptimized/BUILD/GAP8/GCC_RISCV/test:1c00511e 00000090 T __rt_pmu_cluster_power_down	/home/marcelo/Desktop/gap_sdk/rtos/pulp/pulp-os/kernel/gap/pmu_driver.c:205
/home/marcelo/Desktop/gap_sdk/examples/pmsis/DecentorOptimized/BUILD/GAP8/GCC_RISCV/test:1c006b8a 00000092 t __rt_io_uart_wait_pending	/home/marcelo/Desktop/gap_sdk/rtos/pulp/pulp-os/libs/io/io.c:332
/home/marcelo/Desktop/gap_sdk/examples/pmsis/DecentorOptimized/BUILD/GAP8/GCC_RISCV/test:1c006f3a 00000092 t _to_x	/home/marcelo/Desktop/gap_sdk/rtos/pulp/pulp-os/libs/io/prf.c:44
/home/marcelo/Desktop/gap_sdk/examples/pmsis/DecentorOptimized/BUILD/GAP8/GCC_RISCV/test:1c025a88 00000098 b __rt_gpio	/home/marcelo/Desktop/gap_sdk/rtos/pulp/pulp-os/drivers/gpio/gpio-v2.c:34
/home/marcelo/Desktop/gap_sdk/examples/pmsis/DecentorOptimized/BUILD/GAP8/GCC_RISCV/test:1c004450 000000a4 T __floatsisf	/home/gitlab-runner/riscv-gnu-toolchain/riscv-gnu-toolchain/riscv-gcc/libgcc/soft-fp/floatsisf.c:35
/home/marcelo/Desktop/gap_sdk/examples/pmsis/DecentorOptimized/BUILD/GAP8/GCC_RISCV/test:1c006d12 000000ac t tfp_putc.isra.9	/home/marcelo/Desktop/gap_sdk/rtos/pulp/pulp-os/libs/io/io.c:795
/home/marcelo/Desktop/gap_sdk/examples/pmsis/DecentorOptimized/BUILD/GAP8/GCC_RISCV/test:1c002d3a 000000ae T __gedf2	/home/gitlab-runner/riscv-gnu-toolchain/riscv-gnu-toolchain/riscv-gcc/libgcc/soft-fp/gedf2.c:35
/home/marcelo/Desktop/gap_sdk/examples/pmsis/DecentorOptimized/BUILD/GAP8/GCC_RISCV/test:1c002d3a 000000ae T __gtdf2	/home/gitlab-runner/riscv-gnu-toolchain/riscv-gnu-toolchain/riscv-gcc/libgcc/soft-fp/gedf2.c:36
/home/marcelo/Desktop/gap_sdk/examples/pmsis/DecentorOptimized/BUILD/GAP8/GCC_RISCV/test:1c005516 000000ba T __rt_pmu_init	/home/marcelo/Desktop/gap_sdk/rtos/pulp/pulp-os/kernel/gap/pmu_driver.c:472
/home/marcelo/Desktop/gap_sdk/examples/pmsis/DecentorOptimized/BUILD/GAP8/GCC_RISCV/test:1c025868 000000c0 D __hal_debug_struct
/home/marcelo/Desktop/gap_sdk/examples/pmsis/DecentorOptimized/BUILD/GAP8/GCC_RISCV/test:1c005408 000000ca T __rt_pmu_cluster_power_up
/home/marcelo/Desktop/gap_sdk/examples/pmsis/DecentorOptimized/BUILD/GAP8/GCC_RISCV/test:1c0057ce 000000d8 T pi_cluster_open	/home/marcelo/Desktop/gap_sdk/rtos/pulp/pulp-os/kernel/cluster.c:343
/home/marcelo/Desktop/gap_sdk/examples/pmsis/DecentorOptimized/BUILD/GAP8/GCC_RISCV/test:1c006ab0 000000da t __rt_io_uart_flush.constprop.11	/home/marcelo/Desktop/gap_sdk/rtos/pulp/pulp-os/libs/io/io.c:795
/home/marcelo/Desktop/gap_sdk/examples/pmsis/DecentorOptimized/BUILD/GAP8/GCC_RISCV/test:1c004f52 000000f2 T __rt_timer_handler	/home/marcelo/Desktop/gap_sdk/rtos/pulp/pulp-os/kernel/time_irq.c:30
/home/marcelo/Desktop/gap_sdk/examples/pmsis/DecentorOptimized/BUILD/GAP8/GCC_RISCV/test:1c005aa8 000000fa T pi_cluster_send_task_to_cl_async	/home/marcelo/Desktop/gap_sdk/rtos/pulp/pulp-os/kernel/cluster_call.c:65
/home/marcelo/Desktop/gap_sdk/examples/pmsis/DecentorOptimized/BUILD/GAP8/GCC_RISCV/test:1c008230 00000100 R __clz_tab
/home/marcelo/Desktop/gap_sdk/examples/pmsis/DecentorOptimized/BUILD/GAP8/GCC_RISCV/test:1c008130 00000100 r sigmoidTable_q7
/home/marcelo/Desktop/gap_sdk/examples/pmsis/DecentorOptimized/BUILD/GAP8/GCC_RISCV/test:1c008030 00000100 r tanhTable_q7
/home/marcelo/Desktop/gap_sdk/examples/pmsis/DecentorOptimized/BUILD/GAP8/GCC_RISCV/test:1c001d36 00000102 T log
/home/marcelo/Desktop/gap_sdk/examples/pmsis/DecentorOptimized/BUILD/GAP8/GCC_RISCV/test:1c0056ac 0000011c t __rt_cluster_mount_step	/home/marcelo/Desktop/gap_sdk/rtos/pulp/pulp-os/kernel/cluster.c:221
/home/marcelo/Desktop/gap_sdk/examples/pmsis/DecentorOptimized/BUILD/GAP8/GCC_RISCV/test:1c0052e6 00000122 T InitOneFll	/home/marcelo/Desktop/gap_sdk/rtos/pulp/pulp-os/kernel/gap/pmu_driver.c:771
/home/marcelo/Desktop/gap_sdk/examples/pmsis/DecentorOptimized/BUILD/GAP8/GCC_RISCV/test:1c001c02 00000134 T ceil
/home/marcelo/Desktop/gap_sdk/examples/pmsis/DecentorOptimized/BUILD/GAP8/GCC_RISCV/test:1c00649a 00000134 T rt_periph_copy	/home/marcelo/Desktop/gap_sdk/rtos/pulp/pulp-os/kernel/periph-v2.c:58
/home/marcelo/Desktop/gap_sdk/examples/pmsis/DecentorOptimized/BUILD/GAP8/GCC_RISCV/test:1c0051ae 00000138 T SetFllFrequency
/home/marcelo/Desktop/gap_sdk/examples/pmsis/DecentorOptimized/BUILD/GAP8/GCC_RISCV/test:1c00069c 00000142 t forward_pass_q7.constprop.11
/home/marcelo/Desktop/gap_sdk/examples/pmsis/DecentorOptimized/BUILD/GAP8/GCC_RISCV/test:1c005bc8 00000168 T __rt_init	/home/marcelo/Desktop/gap_sdk/rtos/pulp/pulp-os/kernel/init.c:74
/home/marcelo/Desktop/gap_sdk/examples/pmsis/DecentorOptimized/BUILD/GAP8/GCC_RISCV/test:1c008fc0 00000190 d training_labels
/home/marcelo/Desktop/gap_sdk/examples/pmsis/DecentorOptimized/BUILD/GAP8/GCC_RISCV/test:1c003f0a 000001ec T __mulsf3	/home/gitlab-runner/riscv-gnu-toolchain/riscv-gnu-toolchain/riscv-gcc/libgcc/soft-fp/mulsf3.c:35
/home/marcelo/Desktop/gap_sdk/examples/pmsis/DecentorOptimized/BUILD/GAP8/GCC_RISCV/test:1c003c04 000001fe T __divsf3	/home/gitlab-runner/riscv-gnu-toolchain/riscv-gnu-toolchain/riscv-gcc/libgcc/soft-fp/divsf3.c:35
/home/marcelo/Desktop/gap_sdk/examples/pmsis/DecentorOptimized/BUILD/GAP8/GCC_RISCV/test:1c000422 0000027a t pulp_nn_linear_int8
/home/marcelo/Desktop/gap_sdk/examples/pmsis/DecentorOptimized/BUILD/GAP8/GCC_RISCV/test:00000030 00000280 D periph_channels
/home/marcelo/Desktop/gap_sdk/examples/pmsis/DecentorOptimized/BUILD/GAP8/GCC_RISCV/test:1c0007de 000002d4 t validation_process_q7.constprop.9
/home/marcelo/Desktop/gap_sdk/examples/pmsis/DecentorOptimized/BUILD/GAP8/GCC_RISCV/test:1c00391a 000002ea T __addsf3	/home/gitlab-runner/riscv-gnu-toolchain/riscv-gnu-toolchain/riscv-gcc/libgcc/soft-fp/addsf3.c:35
/home/marcelo/Desktop/gap_sdk/examples/pmsis/DecentorOptimized/BUILD/GAP8/GCC_RISCV/test:1c000122 00000300 t q_update_parameters.constprop.8
/home/marcelo/Desktop/gap_sdk/examples/pmsis/DecentorOptimized/BUILD/GAP8/GCC_RISCV/test:1c0040f6 00000304 T __subsf3	/home/gitlab-runner/riscv-gnu-toolchain/riscv-gnu-toolchain/riscv-gcc/libgcc/soft-fp/subsf3.c:35
/home/marcelo/Desktop/gap_sdk/examples/pmsis/DecentorOptimized/BUILD/GAP8/GCC_RISCV/test:1c0018d4 0000032e T __umoddi3	/home/gitlab-runner/riscv-gnu-toolchain/riscv-gnu-toolchain/riscv-gcc/libgcc/libgcc2.c:1305
/home/marcelo/Desktop/gap_sdk/examples/pmsis/DecentorOptimized/BUILD/GAP8/GCC_RISCV/test:1c001598 0000033c T __udivdi3	/home/gitlab-runner/riscv-gnu-toolchain/riscv-gnu-toolchain/riscv-gcc/libgcc/libgcc2.c:1317
/home/marcelo/Desktop/gap_sdk/examples/pmsis/DecentorOptimized/BUILD/GAP8/GCC_RISCV/test:1c001e38 000003c0 T __ieee754_log
/home/marcelo/Desktop/gap_sdk/examples/pmsis/DecentorOptimized/BUILD/GAP8/GCC_RISCV/test:1c002de8 0000043a T __muldf3	/home/gitlab-runner/riscv-gnu-toolchain/riscv-gnu-toolchain/riscv-gcc/libgcc/soft-fp/muldf3.c:35
/home/marcelo/Desktop/gap_sdk/examples/pmsis/DecentorOptimized/BUILD/GAP8/GCC_RISCV/test:1c002808 000004d2 T __divdf3	/home/gitlab-runner/riscv-gnu-toolchain/riscv-gnu-toolchain/riscv-gcc/libgcc/soft-fp/divdf3.c:35
/home/marcelo/Desktop/gap_sdk/examples/pmsis/DecentorOptimized/BUILD/GAP8/GCC_RISCV/test:1c0046b2 00000564 T main
/home/marcelo/Desktop/gap_sdk/examples/pmsis/DecentorOptimized/BUILD/GAP8/GCC_RISCV/test:1c00220a 000005fe T __adddf3	/home/gitlab-runner/riscv-gnu-toolchain/riscv-gnu-toolchain/riscv-gcc/libgcc/soft-fp/adddf3.c:35
/home/marcelo/Desktop/gap_sdk/examples/pmsis/DecentorOptimized/BUILD/GAP8/GCC_RISCV/test:1c003222 00000612 T __subdf3	/home/gitlab-runner/riscv-gnu-toolchain/riscv-gnu-toolchain/riscv-gcc/libgcc/soft-fp/subdf3.c:35
/home/marcelo/Desktop/gap_sdk/examples/pmsis/DecentorOptimized/BUILD/GAP8/GCC_RISCV/test:1c008940 00000674 d new_model_q7
/home/marcelo/Desktop/gap_sdk/examples/pmsis/DecentorOptimized/BUILD/GAP8/GCC_RISCV/test:1c000ab2 00000680 t training_process.constprop.2
/home/marcelo/Desktop/gap_sdk/examples/pmsis/DecentorOptimized/BUILD/GAP8/GCC_RISCV/test:1b000398 00000800 D __rt_fc_stack
/home/marcelo/Desktop/gap_sdk/examples/pmsis/DecentorOptimized/BUILD/GAP8/GCC_RISCV/test:1c023550 00000960 d training_values
/home/marcelo/Desktop/gap_sdk/examples/pmsis/DecentorOptimized/BUILD/GAP8/GCC_RISCV/test:1c007064 00000ab6 T _prf	/home/marcelo/Desktop/gap_sdk/rtos/pulp/pulp-os/libs/io/prf.c:437
/home/marcelo/Desktop/gap_sdk/examples/pmsis/DecentorOptimized/BUILD/GAP8/GCC_RISCV/test:1c023eb0 00001970 d new_model
/home/marcelo/Desktop/gap_sdk/examples/pmsis/DecentorOptimized/BUILD/GAP8/GCC_RISCV/test:1c009150 00003c00 d testing_labels
/home/marcelo/Desktop/gap_sdk/examples/pmsis/DecentorOptimized/BUILD/GAP8/GCC_RISCV/test:1c00cd50 00016800 d testing_values
