   text	   data	    bss	    dec	    hex	filename
 0x775c	0x2a578	  0x228	 204540	  31efc	/home/marcelo/Desktop/gap_sdk/examples/pmsis/PULP_DECENTOR/BUILD/GAP8/GCC_RISCV/test
/home/marcelo/Desktop/gap_sdk/examples/pmsis/PULP_DECENTOR/BUILD/GAP8/GCC_RISCV/test:1b000bb8 00000001 D camera_isAwaked	/home/marcelo/Desktop/gap_sdk/rtos/pulp/pulp-os/drivers_deprecated/camera/himax.c:150
/home/marcelo/Desktop/gap_sdk/examples/pmsis/PULP_DECENTOR/BUILD/GAP8/GCC_RISCV/test:00000338 00000001 D __rt_hyper_pending_emu_do_memcpy	/home/marcelo/Desktop/gap_sdk/rtos/pulp/pulp-os/drivers/hyper/hyperram-v1.c:53
/home/marcelo/Desktop/gap_sdk/examples/pmsis/PULP_DECENTOR/BUILD/GAP8/GCC_RISCV/test:1c003e6c 00000002 W illegal_insn_handler_c	/home/marcelo/Desktop/gap_sdk/rtos/pulp/pulp-os/kernel/irq.c:89
/home/marcelo/Desktop/gap_sdk/examples/pmsis/PULP_DECENTOR/BUILD/GAP8/GCC_RISCV/test:1c0050f2 00000002 T __rt_fll_deinit	/home/marcelo/Desktop/gap_sdk/rtos/pulp/pulp-os/kernel/gap/pmu_driver.c:876
/home/marcelo/Desktop/gap_sdk/examples/pmsis/PULP_DECENTOR/BUILD/GAP8/GCC_RISCV/test:1c0050f4 00000002 T __rt_flls_constructor	/home/marcelo/Desktop/gap_sdk/rtos/pulp/pulp-os/kernel/gap/pmu_driver.c:880
/home/marcelo/Desktop/gap_sdk/examples/pmsis/PULP_DECENTOR/BUILD/GAP8/GCC_RISCV/test:1c030840 00000003 d ToHWDCDC_Pos	/home/marcelo/Desktop/gap_sdk/rtos/pulp/pulp-os/kernel/gap/pmu_driver.c:192
/home/marcelo/Desktop/gap_sdk/examples/pmsis/PULP_DECENTOR/BUILD/GAP8/GCC_RISCV/test:1c007018 00000004 t ctor_list	/home/marcelo/Desktop/gap_sdk/rtos/pulp/pulp-os/kernel/init.c:29
/home/marcelo/Desktop/gap_sdk/examples/pmsis/PULP_DECENTOR/BUILD/GAP8/GCC_RISCV/test:1c00705c 00000004 t dtor_list	/home/marcelo/Desktop/gap_sdk/rtos/pulp/pulp-os/kernel/init.c:30
/home/marcelo/Desktop/gap_sdk/examples/pmsis/PULP_DECENTOR/BUILD/GAP8/GCC_RISCV/test:1c030ae0 00000004 B first_delayed
/home/marcelo/Desktop/gap_sdk/examples/pmsis/PULP_DECENTOR/BUILD/GAP8/GCC_RISCV/test:1c030aac 00000004 b __pi_hyper_cluster_reqs_first	/home/marcelo/Desktop/gap_sdk/rtos/pulp/pulp-os/drivers/hyper/hyperram-v1.c:62
/home/marcelo/Desktop/gap_sdk/examples/pmsis/PULP_DECENTOR/BUILD/GAP8/GCC_RISCV/test:1c003e1c 00000004 T pi_open_from_conf	/home/marcelo/Desktop/gap_sdk/rtos/pulp/pulp-os/kernel/init.c:325
/home/marcelo/Desktop/gap_sdk/examples/pmsis/PULP_DECENTOR/BUILD/GAP8/GCC_RISCV/test:1c030844 00000004 D PMURetentionState
/home/marcelo/Desktop/gap_sdk/examples/pmsis/PULP_DECENTOR/BUILD/GAP8/GCC_RISCV/test:1c030ab4 00000004 b __pos_i2s_global_open_count	/home/marcelo/Desktop/gap_sdk/rtos/pulp/pulp-os/drivers/i2s/i2s-v1.c:26
/home/marcelo/Desktop/gap_sdk/examples/pmsis/PULP_DECENTOR/BUILD/GAP8/GCC_RISCV/test:00000354 00000004 D pwmEventsStatus	/home/marcelo/Desktop/gap_sdk/rtos/pulp/pulp-os/drivers/pwm/pwm.c:9
/home/marcelo/Desktop/gap_sdk/examples/pmsis/PULP_DECENTOR/BUILD/GAP8/GCC_RISCV/test:1c030850 00000004 d RetPMUStateToPMUState	/home/marcelo/Desktop/gap_sdk/rtos/pulp/pulp-os/kernel/gap/pmu_driver.c:185
/home/marcelo/Desktop/gap_sdk/examples/pmsis/PULP_DECENTOR/BUILD/GAP8/GCC_RISCV/test:1c030adc 00000004 B __rt_alloc_fc_tcdm
/home/marcelo/Desktop/gap_sdk/examples/pmsis/PULP_DECENTOR/BUILD/GAP8/GCC_RISCV/test:1c030ad4 00000004 B __rt_alloc_l1
/home/marcelo/Desktop/gap_sdk/examples/pmsis/PULP_DECENTOR/BUILD/GAP8/GCC_RISCV/test:1c030ad8 00000004 B __rt_alloc_l2
/home/marcelo/Desktop/gap_sdk/examples/pmsis/PULP_DECENTOR/BUILD/GAP8/GCC_RISCV/test:00000014 00000004 d __rt_bridge_eeprom_handle	/home/marcelo/Desktop/gap_sdk/rtos/pulp/pulp-os/kernel/bridge.c:25
/home/marcelo/Desktop/gap_sdk/examples/pmsis/PULP_DECENTOR/BUILD/GAP8/GCC_RISCV/test:00000010 00000004 d __rt_bridge_flash_cs	/home/marcelo/Desktop/gap_sdk/rtos/pulp/pulp-os/kernel/bridge.c:29
/home/marcelo/Desktop/gap_sdk/examples/pmsis/PULP_DECENTOR/BUILD/GAP8/GCC_RISCV/test:00000004 00000004 d __rt_bridge_flash_handle	/home/marcelo/Desktop/gap_sdk/rtos/pulp/pulp-os/kernel/bridge.c:26
/home/marcelo/Desktop/gap_sdk/examples/pmsis/PULP_DECENTOR/BUILD/GAP8/GCC_RISCV/test:0000000c 00000004 d __rt_bridge_flash_itf	/home/marcelo/Desktop/gap_sdk/rtos/pulp/pulp-os/kernel/bridge.c:28
/home/marcelo/Desktop/gap_sdk/examples/pmsis/PULP_DECENTOR/BUILD/GAP8/GCC_RISCV/test:00000008 00000004 d __rt_bridge_flash_type	/home/marcelo/Desktop/gap_sdk/rtos/pulp/pulp-os/kernel/bridge.c:27
/home/marcelo/Desktop/gap_sdk/examples/pmsis/PULP_DECENTOR/BUILD/GAP8/GCC_RISCV/test:00000390 00000004 D __rtc_handler	/home/marcelo/Desktop/gap_sdk/rtos/pulp/pulp-os/drivers_deprecated/dolphin/rtc.c:25
/home/marcelo/Desktop/gap_sdk/examples/pmsis/PULP_DECENTOR/BUILD/GAP8/GCC_RISCV/test:1000001c 00000004 D __rt_cluster_fc_task_lock	/home/marcelo/Desktop/gap_sdk/rtos/pulp/pulp-os/kernel/cluster.c:59
/home/marcelo/Desktop/gap_sdk/examples/pmsis/PULP_DECENTOR/BUILD/GAP8/GCC_RISCV/test:00000018 00000004 D __rt_cluster_nb_active_pe
/home/marcelo/Desktop/gap_sdk/examples/pmsis/PULP_DECENTOR/BUILD/GAP8/GCC_RISCV/test:1c030af0 00000004 B __rt_cluster_tasks	/home/marcelo/Desktop/gap_sdk/rtos/pulp/pulp-os/kernel/cluster.c:41
/home/marcelo/Desktop/gap_sdk/examples/pmsis/PULP_DECENTOR/BUILD/GAP8/GCC_RISCV/test:1b000b9c 00000004 D __rt_debug_config
/home/marcelo/Desktop/gap_sdk/examples/pmsis/PULP_DECENTOR/BUILD/GAP8/GCC_RISCV/test:1b000b98 00000004 D __rt_debug_config_trace
/home/marcelo/Desktop/gap_sdk/examples/pmsis/PULP_DECENTOR/BUILD/GAP8/GCC_RISCV/test:00000014 00000004 D __rt_dma_first_pending
/home/marcelo/Desktop/gap_sdk/examples/pmsis/PULP_DECENTOR/BUILD/GAP8/GCC_RISCV/test:00000010 00000004 D __rt_dma_last_pending
/home/marcelo/Desktop/gap_sdk/examples/pmsis/PULP_DECENTOR/BUILD/GAP8/GCC_RISCV/test:1c030aa8 00000004 b __rt_fc_cluster_device	/home/marcelo/Desktop/gap_sdk/rtos/pulp/pulp-os/kernel/pulpos_emu.c:25
/home/marcelo/Desktop/gap_sdk/examples/pmsis/PULP_DECENTOR/BUILD/GAP8/GCC_RISCV/test:1c030824 00000004 D __rt_fc_stack_size
/home/marcelo/Desktop/gap_sdk/examples/pmsis/PULP_DECENTOR/BUILD/GAP8/GCC_RISCV/test:00000018 00000004 D __rt_first_free
/home/marcelo/Desktop/gap_sdk/examples/pmsis/PULP_DECENTOR/BUILD/GAP8/GCC_RISCV/test:00000324 00000004 D __rt_hyper_current_task	/home/marcelo/Desktop/gap_sdk/rtos/pulp/pulp-os/drivers/hyper/hyperram-v1.c:27
/home/marcelo/Desktop/gap_sdk/examples/pmsis/PULP_DECENTOR/BUILD/GAP8/GCC_RISCV/test:00000320 00000004 D __rt_hyper_end_task	/home/marcelo/Desktop/gap_sdk/rtos/pulp/pulp-os/drivers/hyper/hyperram-v1.c:25
/home/marcelo/Desktop/gap_sdk/examples/pmsis/PULP_DECENTOR/BUILD/GAP8/GCC_RISCV/test:1c030ab0 00000004 b __rt_hyper_open_count	/home/marcelo/Desktop/gap_sdk/rtos/pulp/pulp-os/drivers/hyper/hyperram-v1.c:65
/home/marcelo/Desktop/gap_sdk/examples/pmsis/PULP_DECENTOR/BUILD/GAP8/GCC_RISCV/test:00000314 00000004 D __rt_hyper_pending_addr	/home/marcelo/Desktop/gap_sdk/rtos/pulp/pulp-os/drivers/hyper/hyperram-v1.c:33
/home/marcelo/Desktop/gap_sdk/examples/pmsis/PULP_DECENTOR/BUILD/GAP8/GCC_RISCV/test:0000030c 00000004 D __rt_hyper_pending_base	/home/marcelo/Desktop/gap_sdk/rtos/pulp/pulp-os/drivers/hyper/hyperram-v1.c:31
/home/marcelo/Desktop/gap_sdk/examples/pmsis/PULP_DECENTOR/BUILD/GAP8/GCC_RISCV/test:00000330 00000004 D __rt_hyper_pending_emu_addr	/home/marcelo/Desktop/gap_sdk/rtos/pulp/pulp-os/drivers/hyper/hyperram-v1.c:48
/home/marcelo/Desktop/gap_sdk/examples/pmsis/PULP_DECENTOR/BUILD/GAP8/GCC_RISCV/test:00000328 00000004 D __rt_hyper_pending_emu_channel	/home/marcelo/Desktop/gap_sdk/rtos/pulp/pulp-os/drivers/hyper/hyperram-v1.c:46
/home/marcelo/Desktop/gap_sdk/examples/pmsis/PULP_DECENTOR/BUILD/GAP8/GCC_RISCV/test:0000032c 00000004 D __rt_hyper_pending_emu_hyper_addr	/home/marcelo/Desktop/gap_sdk/rtos/pulp/pulp-os/drivers/hyper/hyperram-v1.c:47
/home/marcelo/Desktop/gap_sdk/examples/pmsis/PULP_DECENTOR/BUILD/GAP8/GCC_RISCV/test:0000034c 00000004 D __rt_hyper_pending_emu_length	/home/marcelo/Desktop/gap_sdk/rtos/pulp/pulp-os/drivers/hyper/hyperram-v1.c:51
/home/marcelo/Desktop/gap_sdk/examples/pmsis/PULP_DECENTOR/BUILD/GAP8/GCC_RISCV/test:00000334 00000004 D __rt_hyper_pending_emu_size	/home/marcelo/Desktop/gap_sdk/rtos/pulp/pulp-os/drivers/hyper/hyperram-v1.c:49
/home/marcelo/Desktop/gap_sdk/examples/pmsis/PULP_DECENTOR/BUILD/GAP8/GCC_RISCV/test:00000348 00000004 D __rt_hyper_pending_emu_size_2d	/home/marcelo/Desktop/gap_sdk/rtos/pulp/pulp-os/drivers/hyper/hyperram-v1.c:50
/home/marcelo/Desktop/gap_sdk/examples/pmsis/PULP_DECENTOR/BUILD/GAP8/GCC_RISCV/test:00000350 00000004 D __rt_hyper_pending_emu_stride	/home/marcelo/Desktop/gap_sdk/rtos/pulp/pulp-os/drivers/hyper/hyperram-v1.c:52
/home/marcelo/Desktop/gap_sdk/examples/pmsis/PULP_DECENTOR/BUILD/GAP8/GCC_RISCV/test:0000033c 00000004 D __rt_hyper_pending_emu_task	/home/marcelo/Desktop/gap_sdk/rtos/pulp/pulp-os/drivers/hyper/hyperram-v1.c:54
/home/marcelo/Desktop/gap_sdk/examples/pmsis/PULP_DECENTOR/BUILD/GAP8/GCC_RISCV/test:00000310 00000004 D __rt_hyper_pending_hyper_addr	/home/marcelo/Desktop/gap_sdk/rtos/pulp/pulp-os/drivers/hyper/hyperram-v1.c:32
/home/marcelo/Desktop/gap_sdk/examples/pmsis/PULP_DECENTOR/BUILD/GAP8/GCC_RISCV/test:00000318 00000004 D __rt_hyper_pending_repeat	/home/marcelo/Desktop/gap_sdk/rtos/pulp/pulp-os/drivers/hyper/hyperram-v1.c:34
/home/marcelo/Desktop/gap_sdk/examples/pmsis/PULP_DECENTOR/BUILD/GAP8/GCC_RISCV/test:0000031c 00000004 D __rt_hyper_pending_repeat_size	/home/marcelo/Desktop/gap_sdk/rtos/pulp/pulp-os/drivers/hyper/hyperram-v1.c:35
/home/marcelo/Desktop/gap_sdk/examples/pmsis/PULP_DECENTOR/BUILD/GAP8/GCC_RISCV/test:00000340 00000004 D __rt_hyper_pending_tasks	/home/marcelo/Desktop/gap_sdk/rtos/pulp/pulp-os/drivers/hyper/hyperram-v1.c:39
/home/marcelo/Desktop/gap_sdk/examples/pmsis/PULP_DECENTOR/BUILD/GAP8/GCC_RISCV/test:00000344 00000004 D __rt_hyper_pending_tasks_last	/home/marcelo/Desktop/gap_sdk/rtos/pulp/pulp-os/drivers/hyper/hyperram-v1.c:40
/home/marcelo/Desktop/gap_sdk/examples/pmsis/PULP_DECENTOR/BUILD/GAP8/GCC_RISCV/test:00000308 00000004 D __rt_hyper_udma_handle
/home/marcelo/Desktop/gap_sdk/examples/pmsis/PULP_DECENTOR/BUILD/GAP8/GCC_RISCV/test:1c030ab8 00000004 b __rt_i2s_first	/home/marcelo/Desktop/gap_sdk/rtos/pulp/pulp-os/drivers_deprecated/i2s/i2s-v1.c:40
/home/marcelo/Desktop/gap_sdk/examples/pmsis/PULP_DECENTOR/BUILD/GAP8/GCC_RISCV/test:1c03081c 00000004 D __rt_iodev
/home/marcelo/Desktop/gap_sdk/examples/pmsis/PULP_DECENTOR/BUILD/GAP8/GCC_RISCV/test:1c030820 00000004 D __rt_iodev_uart_baudrate
/home/marcelo/Desktop/gap_sdk/examples/pmsis/PULP_DECENTOR/BUILD/GAP8/GCC_RISCV/test:1c030aa0 00000004 B __rt_iodev_uart_channel
/home/marcelo/Desktop/gap_sdk/examples/pmsis/PULP_DECENTOR/BUILD/GAP8/GCC_RISCV/test:1c030ac4 00000004 b __rt_io_event_current	/home/marcelo/Desktop/gap_sdk/rtos/pulp/pulp-os/libs/io/io.c:40
/home/marcelo/Desktop/gap_sdk/examples/pmsis/PULP_DECENTOR/BUILD/GAP8/GCC_RISCV/test:1c030ac8 00000004 b __rt_io_pending_flush	/home/marcelo/Desktop/gap_sdk/rtos/pulp/pulp-os/libs/io/io.c:50
/home/marcelo/Desktop/gap_sdk/examples/pmsis/PULP_DECENTOR/BUILD/GAP8/GCC_RISCV/test:1c030ad0 00000004 b _rt_io_uart	/home/marcelo/Desktop/gap_sdk/rtos/pulp/pulp-os/libs/io/io.c:38
/home/marcelo/Desktop/gap_sdk/examples/pmsis/PULP_DECENTOR/BUILD/GAP8/GCC_RISCV/test:1c030818 00000004 D __rt_platform
/home/marcelo/Desktop/gap_sdk/examples/pmsis/PULP_DECENTOR/BUILD/GAP8/GCC_RISCV/test:1c030acc 00000004 b __rt_putc_host_buffer_index	/home/marcelo/Desktop/gap_sdk/rtos/pulp/pulp-os/libs/io/io.c:48
/home/marcelo/Desktop/gap_sdk/examples/pmsis/PULP_DECENTOR/BUILD/GAP8/GCC_RISCV/test:0000038c 00000004 D __rt_rtc_init_done	/home/marcelo/Desktop/gap_sdk/rtos/pulp/pulp-os/drivers_deprecated/dolphin/rtc.c:26
/home/marcelo/Desktop/gap_sdk/examples/pmsis/PULP_DECENTOR/BUILD/GAP8/GCC_RISCV/test:1c030aec 00000004 B __rt_wakeup_use_fast	/home/marcelo/Desktop/gap_sdk/rtos/pulp/pulp-os/kernel/gap/pmu_driver.c:173
/home/marcelo/Desktop/gap_sdk/examples/pmsis/PULP_DECENTOR/BUILD/GAP8/GCC_RISCV/test:1c030aa4 00000004 b timer_count	/home/marcelo/Desktop/gap_sdk/rtos/pulp/pulp-os/kernel/time.c:23
/home/marcelo/Desktop/gap_sdk/examples/pmsis/PULP_DECENTOR/BUILD/GAP8/GCC_RISCV/test:1c0052d8 00000006 T pi_cluster_conf_init	/home/marcelo/Desktop/gap_sdk/rtos/pulp/pulp-os/kernel/cluster.c:337
/home/marcelo/Desktop/gap_sdk/examples/pmsis/PULP_DECENTOR/BUILD/GAP8/GCC_RISCV/test:1c0050f6 00000006 T __rt_fll_set_freq	/home/marcelo/Desktop/gap_sdk/rtos/pulp/pulp-os/kernel/gap/pmu_driver.c:884
/home/marcelo/Desktop/gap_sdk/examples/pmsis/PULP_DECENTOR/BUILD/GAP8/GCC_RISCV/test:1c003c62 00000006 T semihost_exit	/home/marcelo/Desktop/gap_sdk/rtos/pmsis/pmsis_bsp/fs/host_fs/semihost.c:47
/home/marcelo/Desktop/gap_sdk/examples/pmsis/PULP_DECENTOR/BUILD/GAP8/GCC_RISCV/test:1c003c5c 00000006 T semihost_write0	/home/marcelo/Desktop/gap_sdk/rtos/pmsis/pmsis_bsp/fs/host_fs/semihost.c:6
/home/marcelo/Desktop/gap_sdk/examples/pmsis/PULP_DECENTOR/BUILD/GAP8/GCC_RISCV/test:1c030828 00000007 d SystemStateToSCUFastSeq	/home/marcelo/Desktop/gap_sdk/rtos/pulp/pulp-os/kernel/gap/pmu_driver.c:176
/home/marcelo/Desktop/gap_sdk/examples/pmsis/PULP_DECENTOR/BUILD/GAP8/GCC_RISCV/test:1c005ecc 00000008 T abort	/home/marcelo/Desktop/gap_sdk/rtos/pulp/pulp-os/libs/io/io.c:739
/home/marcelo/Desktop/gap_sdk/examples/pmsis/PULP_DECENTOR/BUILD/GAP8/GCC_RISCV/test:1c030848 00000008 D FllsFrequency
/home/marcelo/Desktop/gap_sdk/examples/pmsis/PULP_DECENTOR/BUILD/GAP8/GCC_RISCV/test:1c030ae4 00000008 B __rt_freq_domains
/home/marcelo/Desktop/gap_sdk/examples/pmsis/PULP_DECENTOR/BUILD/GAP8/GCC_RISCV/test:000002b0 00000008 D __rt_socevents_status
/home/marcelo/Desktop/gap_sdk/examples/pmsis/PULP_DECENTOR/BUILD/GAP8/GCC_RISCV/test:1c030abc 00000008 b __rt_spim_open_count	/home/marcelo/Desktop/gap_sdk/rtos/pulp/pulp-os/drivers_deprecated/spim/spim-v2.c:26
/home/marcelo/Desktop/gap_sdk/examples/pmsis/PULP_DECENTOR/BUILD/GAP8/GCC_RISCV/test:1c00587a 0000000a T __rt_himax_init	/home/marcelo/Desktop/gap_sdk/rtos/pulp/pulp-os/drivers_deprecated/camera/himax.c:400
/home/marcelo/Desktop/gap_sdk/examples/pmsis/PULP_DECENTOR/BUILD/GAP8/GCC_RISCV/test:1c005712 0000000a T __rt_padframe_init	/home/marcelo/Desktop/gap_sdk/rtos/pulp/pulp-os/drivers_deprecated/pads/pads-v1.c:58
/home/marcelo/Desktop/gap_sdk/examples/pmsis/PULP_DECENTOR/BUILD/GAP8/GCC_RISCV/test:1c007078 0000000c r Activation_Functions
/home/marcelo/Desktop/gap_sdk/examples/pmsis/PULP_DECENTOR/BUILD/GAP8/GCC_RISCV/test:1c0046f4 0000000c T pi_l2_malloc	/home/marcelo/Desktop/gap_sdk/rtos/pulp/pulp-os/kernel/alloc.c:595
/home/marcelo/Desktop/gap_sdk/examples/pmsis/PULP_DECENTOR/BUILD/GAP8/GCC_RISCV/test:00000004 0000000c D __rt_cluster_pool
/home/marcelo/Desktop/gap_sdk/examples/pmsis/PULP_DECENTOR/BUILD/GAP8/GCC_RISCV/test:1c005c68 0000000e T free	/home/marcelo/Desktop/gap_sdk/rtos/pulp/pulp-os/libs/io/io.c:82
/home/marcelo/Desktop/gap_sdk/examples/pmsis/PULP_DECENTOR/BUILD/GAP8/GCC_RISCV/test:1c003c4e 0000000e t __internal_semihost	/home/marcelo/Desktop/gap_sdk/rtos/pmsis/pmsis_bsp/fs/host_fs/semihost.h:75
/home/marcelo/Desktop/gap_sdk/examples/pmsis/PULP_DECENTOR/BUILD/GAP8/GCC_RISCV/test:1c004756 0000000e T pi_time_get_us	/home/marcelo/Desktop/gap_sdk/rtos/pulp/pulp-os/kernel/time.c:53
/home/marcelo/Desktop/gap_sdk/examples/pmsis/PULP_DECENTOR/BUILD/GAP8/GCC_RISCV/test:1c0058ba 0000000e t __rt_io_end_of_flush	/home/marcelo/Desktop/gap_sdk/rtos/pulp/pulp-os/libs/io/io.c:366
/home/marcelo/Desktop/gap_sdk/examples/pmsis/PULP_DECENTOR/BUILD/GAP8/GCC_RISCV/test:1c005c76 00000010 T memset	/home/marcelo/Desktop/gap_sdk/rtos/pulp/pulp-os/libs/io/io.c:150
/home/marcelo/Desktop/gap_sdk/examples/pmsis/PULP_DECENTOR/BUILD/GAP8/GCC_RISCV/test:1c007068 00000010 r Model_Dimensions
/home/marcelo/Desktop/gap_sdk/examples/pmsis/PULP_DECENTOR/BUILD/GAP8/GCC_RISCV/test:1c030830 00000010 D PMUState
/home/marcelo/Desktop/gap_sdk/examples/pmsis/PULP_DECENTOR/BUILD/GAP8/GCC_RISCV/test:1b000bbc 00000010 d __rt_io_fc_lock	/home/marcelo/Desktop/gap_sdk/rtos/pulp/pulp-os/libs/io/io.c:35
/home/marcelo/Desktop/gap_sdk/examples/pmsis/PULP_DECENTOR/BUILD/GAP8/GCC_RISCV/test:1c030710 00000010 V __rt_padframe_default	/home/marcelo/Desktop/gap_sdk/rtos/pulp/pulp-os/drivers_deprecated/pads/pads-v1.c:28
/home/marcelo/Desktop/gap_sdk/examples/pmsis/PULP_DECENTOR/BUILD/GAP8/GCC_RISCV/test:1c030720 00000010 V __rt_padframe_hyper	/home/marcelo/Desktop/gap_sdk/rtos/pulp/pulp-os/drivers_deprecated/pads/pads-v1.c:30
/home/marcelo/Desktop/gap_sdk/examples/pmsis/PULP_DECENTOR/BUILD/GAP8/GCC_RISCV/test:1c030730 00000010 V __rt_padframe_hyper_gpio	/home/marcelo/Desktop/gap_sdk/rtos/pulp/pulp-os/drivers_deprecated/pads/pads-v1.c:32
/home/marcelo/Desktop/gap_sdk/examples/pmsis/PULP_DECENTOR/BUILD/GAP8/GCC_RISCV/test:1c030a90 00000010 b __rt_uart	/home/marcelo/Desktop/gap_sdk/rtos/pulp/pulp-os/drivers_deprecated/uart/uart.c:43
/home/marcelo/Desktop/gap_sdk/examples/pmsis/PULP_DECENTOR/BUILD/GAP8/GCC_RISCV/test:1c006c8e 00000010 T rt_uart_conf_init
/home/marcelo/Desktop/gap_sdk/examples/pmsis/PULP_DECENTOR/BUILD/GAP8/GCC_RISCV/test:1c0056d8 00000012 t __pos_i2s_init	/home/marcelo/Desktop/gap_sdk/rtos/pulp/pulp-os/drivers/i2s/i2s-v1.c:476
/home/marcelo/Desktop/gap_sdk/examples/pmsis/PULP_DECENTOR/BUILD/GAP8/GCC_RISCV/test:1c004520 00000012 T __rt_event_sched_init	/home/marcelo/Desktop/gap_sdk/rtos/pulp/pulp-os/kernel/events.c:264
/home/marcelo/Desktop/gap_sdk/examples/pmsis/PULP_DECENTOR/BUILD/GAP8/GCC_RISCV/test:1c0050e0 00000012 T __rt_fll_init	/home/marcelo/Desktop/gap_sdk/rtos/pulp/pulp-os/kernel/gap/pmu_driver.c:871
/home/marcelo/Desktop/gap_sdk/examples/pmsis/PULP_DECENTOR/BUILD/GAP8/GCC_RISCV/test:1c005884 00000012 T __rt_i2c_init	/home/marcelo/Desktop/gap_sdk/rtos/pulp/pulp-os/drivers_deprecated/i2c/i2c-v2.c:236
/home/marcelo/Desktop/gap_sdk/examples/pmsis/PULP_DECENTOR/BUILD/GAP8/GCC_RISCV/test:1c005896 00000012 T __rt_rtc_init	/home/marcelo/Desktop/gap_sdk/rtos/pulp/pulp-os/drivers_deprecated/dolphin/rtc.c:414
/home/marcelo/Desktop/gap_sdk/examples/pmsis/PULP_DECENTOR/BUILD/GAP8/GCC_RISCV/test:1c0058a8 00000012 T __rt_spim_init	/home/marcelo/Desktop/gap_sdk/rtos/pulp/pulp-os/drivers_deprecated/spim/spim-v2.c:446
/home/marcelo/Desktop/gap_sdk/examples/pmsis/PULP_DECENTOR/BUILD/GAP8/GCC_RISCV/test:0000001c 00000014 D __rt_sched
/home/marcelo/Desktop/gap_sdk/examples/pmsis/PULP_DECENTOR/BUILD/GAP8/GCC_RISCV/test:1b000ba0 00000018 d cbsys_first	/home/marcelo/Desktop/gap_sdk/rtos/pulp/pulp-os/kernel/utils.c:30
/home/marcelo/Desktop/gap_sdk/examples/pmsis/PULP_DECENTOR/BUILD/GAP8/GCC_RISCV/test:1c005e16 00000018 T fputc_locked
/home/marcelo/Desktop/gap_sdk/examples/pmsis/PULP_DECENTOR/BUILD/GAP8/GCC_RISCV/test:1c004508 00000018 T rt_event_wait	/home/marcelo/Desktop/gap_sdk/rtos/pulp/pulp-os/kernel/events.c:257
/home/marcelo/Desktop/gap_sdk/examples/pmsis/PULP_DECENTOR/BUILD/GAP8/GCC_RISCV/test:1c030740 00000018 V __rt_padframe_profiles
/home/marcelo/Desktop/gap_sdk/examples/pmsis/PULP_DECENTOR/BUILD/GAP8/GCC_RISCV/test:1c004700 00000018 t __rt_time_poweroff	/home/marcelo/Desktop/gap_sdk/rtos/pulp/pulp-os/kernel/time.c:28
/home/marcelo/Desktop/gap_sdk/examples/pmsis/PULP_DECENTOR/BUILD/GAP8/GCC_RISCV/test:1c004718 00000018 t __rt_time_poweron	/home/marcelo/Desktop/gap_sdk/rtos/pulp/pulp-os/kernel/time.c:37
/home/marcelo/Desktop/gap_sdk/examples/pmsis/PULP_DECENTOR/BUILD/GAP8/GCC_RISCV/test:1c00438e 00000018 T __rt_wait_event_prepare_blocking	/home/marcelo/Desktop/gap_sdk/rtos/pulp/pulp-os/kernel/events.c:42
/home/marcelo/Desktop/gap_sdk/examples/pmsis/PULP_DECENTOR/BUILD/GAP8/GCC_RISCV/test:1c00441a 0000001a T rt_event_get	/home/marcelo/Desktop/gap_sdk/rtos/pulp/pulp-os/kernel/events.c:105
/home/marcelo/Desktop/gap_sdk/examples/pmsis/PULP_DECENTOR/BUILD/GAP8/GCC_RISCV/test:1c005cbc 0000001a T strchr	/home/marcelo/Desktop/gap_sdk/rtos/pulp/pulp-os/libs/io/io.c:278
/home/marcelo/Desktop/gap_sdk/examples/pmsis/PULP_DECENTOR/BUILD/GAP8/GCC_RISCV/test:1c0040f0 0000001c t __rt_event_enqueue	/home/marcelo/Desktop/gap_sdk/install/GAP8/include/rt/rt_event.h:397
/home/marcelo/Desktop/gap_sdk/examples/pmsis/PULP_DECENTOR/BUILD/GAP8/GCC_RISCV/test:1c00426c 0000001e T __rt_bridge_clear_notif	/home/marcelo/Desktop/gap_sdk/rtos/pulp/pulp-os/kernel/bridge.c:838
/home/marcelo/Desktop/gap_sdk/examples/pmsis/PULP_DECENTOR/BUILD/GAP8/GCC_RISCV/test:1c00422e 0000001e T __rt_bridge_set_available	/home/marcelo/Desktop/gap_sdk/rtos/pulp/pulp-os/kernel/bridge.c:725
/home/marcelo/Desktop/gap_sdk/examples/pmsis/PULP_DECENTOR/BUILD/GAP8/GCC_RISCV/test:1c0047de 0000001e T rt_time_wait_us	/home/marcelo/Desktop/gap_sdk/rtos/pulp/pulp-os/kernel/time.c:124
/home/marcelo/Desktop/gap_sdk/examples/pmsis/PULP_DECENTOR/BUILD/GAP8/GCC_RISCV/test:1c006002 00000020 t _rlrshift	/home/marcelo/Desktop/gap_sdk/rtos/pulp/pulp-os/libs/io/prf.c:122
/home/marcelo/Desktop/gap_sdk/examples/pmsis/PULP_DECENTOR/BUILD/GAP8/GCC_RISCV/test:1c00410c 00000020 t __rt_bridge_check_bridge_req.part.5	/home/marcelo/Desktop/gap_sdk/rtos/pulp/pulp-os/kernel/bridge.c:638
/home/marcelo/Desktop/gap_sdk/examples/pmsis/PULP_DECENTOR/BUILD/GAP8/GCC_RISCV/test:1c00424c 00000020 T __rt_bridge_send_notif	/home/marcelo/Desktop/gap_sdk/rtos/pulp/pulp-os/kernel/bridge.c:821
/home/marcelo/Desktop/gap_sdk/examples/pmsis/PULP_DECENTOR/BUILD/GAP8/GCC_RISCV/test:1c0059b4 00000020 t rt_event_execute.isra.4.constprop.12	/home/marcelo/Desktop/gap_sdk/rtos/pulp/pulp-os/libs/io/io.c:795
/home/marcelo/Desktop/gap_sdk/examples/pmsis/PULP_DECENTOR/BUILD/GAP8/GCC_RISCV/test:1c030854 00000020 d __rt_i2c	/home/marcelo/Desktop/gap_sdk/rtos/pulp/pulp-os/drivers_deprecated/i2c/i2c-v2.c:28
/home/marcelo/Desktop/gap_sdk/examples/pmsis/PULP_DECENTOR/BUILD/GAP8/GCC_RISCV/test:1c006b9a 00000020 t __rt_uart_setfreq_after	/home/marcelo/Desktop/gap_sdk/rtos/pulp/pulp-os/drivers_deprecated/uart/uart.c:135
/home/marcelo/Desktop/gap_sdk/examples/pmsis/PULP_DECENTOR/BUILD/GAP8/GCC_RISCV/test:1c004532 00000020 T rt_user_alloc_init	/home/marcelo/Desktop/gap_sdk/rtos/pulp/pulp-os/kernel/alloc.c:193
/home/marcelo/Desktop/gap_sdk/examples/pmsis/PULP_DECENTOR/BUILD/GAP8/GCC_RISCV/test:1c004640 00000022 T __rt_alloc_init_l1	/home/marcelo/Desktop/gap_sdk/rtos/pulp/pulp-os/kernel/alloc.c:445
/home/marcelo/Desktop/gap_sdk/examples/pmsis/PULP_DECENTOR/BUILD/GAP8/GCC_RISCV/test:1c004434 00000022 T rt_event_get_blocking	/home/marcelo/Desktop/gap_sdk/rtos/pulp/pulp-os/kernel/events.c:127
/home/marcelo/Desktop/gap_sdk/examples/pmsis/PULP_DECENTOR/BUILD/GAP8/GCC_RISCV/test:1c003ffa 00000022 T __rt_utils_init	/home/marcelo/Desktop/gap_sdk/rtos/pulp/pulp-os/kernel/utils.c:84
/home/marcelo/Desktop/gap_sdk/examples/pmsis/PULP_DECENTOR/BUILD/GAP8/GCC_RISCV/test:1c004456 00000024 T rt_event_push	/home/marcelo/Desktop/gap_sdk/rtos/pulp/pulp-os/kernel/events.c:139
/home/marcelo/Desktop/gap_sdk/examples/pmsis/PULP_DECENTOR/BUILD/GAP8/GCC_RISCV/test:1c006b76 00000024 t __rt_uart_setup.isra.5	/home/marcelo/Desktop/gap_sdk/rtos/pulp/pulp-os/drivers_deprecated/uart/uart.c:222
/home/marcelo/Desktop/gap_sdk/examples/pmsis/PULP_DECENTOR/BUILD/GAP8/GCC_RISCV/test:1c003c68 00000026 t cluster_start	/home/marcelo/Desktop/gap_sdk/rtos/pulp/pulp-os/kernel/init.c:198
/home/marcelo/Desktop/gap_sdk/examples/pmsis/PULP_DECENTOR/BUILD/GAP8/GCC_RISCV/test:1c005c42 00000026 t __rt_io_stop	/home/marcelo/Desktop/gap_sdk/rtos/pulp/pulp-os/libs/io/io.c:769
/home/marcelo/Desktop/gap_sdk/examples/pmsis/PULP_DECENTOR/BUILD/GAP8/GCC_RISCV/test:1c004730 00000026 T rt_time_get_us	/home/marcelo/Desktop/gap_sdk/rtos/pulp/pulp-os/kernel/time.c:45
/home/marcelo/Desktop/gap_sdk/examples/pmsis/PULP_DECENTOR/BUILD/GAP8/GCC_RISCV/test:1c006b50 00000026 T __rt_uart_cluster_req_done	/home/marcelo/Desktop/gap_sdk/rtos/pulp/pulp-os/drivers_deprecated/uart/uart.c:253
/home/marcelo/Desktop/gap_sdk/examples/pmsis/PULP_DECENTOR/BUILD/GAP8/GCC_RISCV/test:1c004c16 00000026 t soc_eu_fcEventMask_setEvent	/home/marcelo/Desktop/gap_sdk/install/GAP8/include/hal/soc_eu/soc_eu_v1.h:60
/home/marcelo/Desktop/gap_sdk/examples/pmsis/PULP_DECENTOR/BUILD/GAP8/GCC_RISCV/test:1c006c68 00000026 t soc_eu_fcEventMask_setEvent	/home/marcelo/Desktop/gap_sdk/install/GAP8/include/hal/soc_eu/soc_eu_v1.h:60
/home/marcelo/Desktop/gap_sdk/examples/pmsis/PULP_DECENTOR/BUILD/GAP8/GCC_RISCV/test:1c005e2e 00000028 T _prf_locked	/home/marcelo/Desktop/gap_sdk/rtos/pulp/pulp-os/libs/io/io.c:626
/home/marcelo/Desktop/gap_sdk/examples/pmsis/PULP_DECENTOR/BUILD/GAP8/GCC_RISCV/test:1c004662 00000028 T __rt_alloc_init_l1_for_fc	/home/marcelo/Desktop/gap_sdk/rtos/pulp/pulp-os/kernel/alloc.c:452
/home/marcelo/Desktop/gap_sdk/examples/pmsis/PULP_DECENTOR/BUILD/GAP8/GCC_RISCV/test:1c003df4 00000028 T __rt_deinit	/home/marcelo/Desktop/gap_sdk/rtos/pulp/pulp-os/kernel/init.c:163
/home/marcelo/Desktop/gap_sdk/examples/pmsis/PULP_DECENTOR/BUILD/GAP8/GCC_RISCV/test:1c004366 00000028 T __rt_event_init	/home/marcelo/Desktop/gap_sdk/rtos/pulp/pulp-os/kernel/events.c:32
/home/marcelo/Desktop/gap_sdk/examples/pmsis/PULP_DECENTOR/BUILD/GAP8/GCC_RISCV/test:1c030af4 00000028 B __rt_fc_cluster_data
/home/marcelo/Desktop/gap_sdk/examples/pmsis/PULP_DECENTOR/BUILD/GAP8/GCC_RISCV/test:1c0057d6 00000028 t __rt_i2s_setfreq_after	/home/marcelo/Desktop/gap_sdk/rtos/pulp/pulp-os/drivers_deprecated/i2s/i2s-v1.c:235
/home/marcelo/Desktop/gap_sdk/examples/pmsis/PULP_DECENTOR/BUILD/GAP8/GCC_RISCV/test:1c0056ea 00000028 T rt_padframe_set	/home/marcelo/Desktop/gap_sdk/rtos/pulp/pulp-os/drivers_deprecated/pads/pads-v1.c:77
/home/marcelo/Desktop/gap_sdk/examples/pmsis/PULP_DECENTOR/BUILD/GAP8/GCC_RISCV/test:000002b8 00000028 D __rt_udma_extra_callback
/home/marcelo/Desktop/gap_sdk/examples/pmsis/PULP_DECENTOR/BUILD/GAP8/GCC_RISCV/test:000002e0 00000028 D __rt_udma_extra_callback_arg
/home/marcelo/Desktop/gap_sdk/examples/pmsis/PULP_DECENTOR/BUILD/GAP8/GCC_RISCV/test:1c003346 0000002a T __ashldi3	/home/gitlab-runner/riscv-gnu-toolchain/riscv-gnu-toolchain/riscv-gcc/libgcc/libgcc2.c:431
/home/marcelo/Desktop/gap_sdk/examples/pmsis/PULP_DECENTOR/BUILD/GAP8/GCC_RISCV/test:1c005f46 0000002a T printf	/home/marcelo/Desktop/gap_sdk/rtos/pulp/pulp-os/libs/io/fprintf.c:41
/home/marcelo/Desktop/gap_sdk/examples/pmsis/PULP_DECENTOR/BUILD/GAP8/GCC_RISCV/test:1c006bfc 0000002a t __rt_uart_setfreq_before	/home/marcelo/Desktop/gap_sdk/rtos/pulp/pulp-os/drivers_deprecated/uart/uart.c:102
/home/marcelo/Desktop/gap_sdk/examples/pmsis/PULP_DECENTOR/BUILD/GAP8/GCC_RISCV/test:1c0044de 0000002a T __rt_wait_event	/home/marcelo/Desktop/gap_sdk/rtos/pulp/pulp-os/kernel/events.c:247
/home/marcelo/Desktop/gap_sdk/examples/pmsis/PULP_DECENTOR/BUILD/GAP8/GCC_RISCV/test:1c004614 0000002c T rt_free
/home/marcelo/Desktop/gap_sdk/examples/pmsis/PULP_DECENTOR/BUILD/GAP8/GCC_RISCV/test:1c0057fe 0000002c t __rt_i2s_setfreq_before	/home/marcelo/Desktop/gap_sdk/rtos/pulp/pulp-os/drivers_deprecated/i2s/i2s-v1.c:219
/home/marcelo/Desktop/gap_sdk/examples/pmsis/PULP_DECENTOR/BUILD/GAP8/GCC_RISCV/test:1c0308f8 0000002c b __rt_pulpos_emu_global_cluster_task	/home/marcelo/Desktop/gap_sdk/rtos/pulp/pulp-os/kernel/pulpos_emu.c:26
/home/marcelo/Desktop/gap_sdk/examples/pmsis/PULP_DECENTOR/BUILD/GAP8/GCC_RISCV/test:1c004bea 0000002c t SetFllMultDivFactors
/home/marcelo/Desktop/gap_sdk/examples/pmsis/PULP_DECENTOR/BUILD/GAP8/GCC_RISCV/test:1c0045e6 0000002e T rt_alloc
/home/marcelo/Desktop/gap_sdk/examples/pmsis/PULP_DECENTOR/BUILD/GAP8/GCC_RISCV/test:1c0056aa 0000002e t __rt_hyper_init	/home/marcelo/Desktop/gap_sdk/rtos/pulp/pulp-os/drivers/hyper/hyperram-v1.c:995
/home/marcelo/Desktop/gap_sdk/examples/pmsis/PULP_DECENTOR/BUILD/GAP8/GCC_RISCV/test:1c0053b2 00000030 T pi_cluster_close	/home/marcelo/Desktop/gap_sdk/rtos/pulp/pulp-os/kernel/cluster.c:370
/home/marcelo/Desktop/gap_sdk/examples/pmsis/PULP_DECENTOR/BUILD/GAP8/GCC_RISCV/test:1c003fca 00000030 T __rt_cbsys_exec	/home/marcelo/Desktop/gap_sdk/rtos/pulp/pulp-os/kernel/utils.c:71
/home/marcelo/Desktop/gap_sdk/examples/pmsis/PULP_DECENTOR/BUILD/GAP8/GCC_RISCV/test:1c00401c 00000032 T __rt_fc_lock	/home/marcelo/Desktop/gap_sdk/rtos/pulp/pulp-os/kernel/utils.c:92
/home/marcelo/Desktop/gap_sdk/examples/pmsis/PULP_DECENTOR/BUILD/GAP8/GCC_RISCV/test:1c005a44 00000032 t __rt_putc_host_cluster_req	/home/marcelo/Desktop/gap_sdk/rtos/pulp/pulp-os/libs/io/io.c:451
/home/marcelo/Desktop/gap_sdk/examples/pmsis/PULP_DECENTOR/BUILD/GAP8/GCC_RISCV/test:00000358 00000034 D dev_rtc	/home/marcelo/Desktop/gap_sdk/rtos/pulp/pulp-os/drivers_deprecated/dolphin/rtc.c:24
/home/marcelo/Desktop/gap_sdk/examples/pmsis/PULP_DECENTOR/BUILD/GAP8/GCC_RISCV/test:1c006066 00000034 t _get_digit	/home/marcelo/Desktop/gap_sdk/rtos/pulp/pulp-os/libs/io/prf.c:167
/home/marcelo/Desktop/gap_sdk/examples/pmsis/PULP_DECENTOR/BUILD/GAP8/GCC_RISCV/test:1c004332 00000034 T __rt_bridge_init	/home/marcelo/Desktop/gap_sdk/rtos/pulp/pulp-os/kernel/bridge.c:851
/home/marcelo/Desktop/gap_sdk/examples/pmsis/PULP_DECENTOR/BUILD/GAP8/GCC_RISCV/test:1c00404e 00000034 T __rt_fc_unlock	/home/marcelo/Desktop/gap_sdk/rtos/pulp/pulp-os/kernel/utils.c:127
/home/marcelo/Desktop/gap_sdk/examples/pmsis/PULP_DECENTOR/BUILD/GAP8/GCC_RISCV/test:1c0057a2 00000034 t __rt_i2s_resume	/home/marcelo/Desktop/gap_sdk/rtos/pulp/pulp-os/drivers_deprecated/i2s/i2s-v1.c:186
/home/marcelo/Desktop/gap_sdk/examples/pmsis/PULP_DECENTOR/BUILD/GAP8/GCC_RISCV/test:1c006d76 00000034 T rt_uart_cluster_write	/home/marcelo/Desktop/gap_sdk/rtos/pulp/pulp-os/drivers_deprecated/uart/uart.c:277
/home/marcelo/Desktop/gap_sdk/examples/pmsis/PULP_DECENTOR/BUILD/GAP8/GCC_RISCV/test:1c005c86 00000036 T memcpy	/home/marcelo/Desktop/gap_sdk/rtos/pulp/pulp-os/libs/io/io.c:159
/home/marcelo/Desktop/gap_sdk/examples/pmsis/PULP_DECENTOR/BUILD/GAP8/GCC_RISCV/test:1c0040ba 00000036 T __rt_fc_cluster_unlock	/home/marcelo/Desktop/gap_sdk/rtos/pulp/pulp-os/kernel/utils.c:199
/home/marcelo/Desktop/gap_sdk/examples/pmsis/PULP_DECENTOR/BUILD/GAP8/GCC_RISCV/test:1c004082 00000038 T __rt_fc_cluster_lock	/home/marcelo/Desktop/gap_sdk/rtos/pulp/pulp-os/kernel/utils.c:189
/home/marcelo/Desktop/gap_sdk/examples/pmsis/PULP_DECENTOR/BUILD/GAP8/GCC_RISCV/test:1c00428a 0000003a T __rt_bridge_printf_flush
/home/marcelo/Desktop/gap_sdk/examples/pmsis/PULP_DECENTOR/BUILD/GAP8/GCC_RISCV/test:1c005d34 0000003a T __rt_putc_uart	/home/marcelo/Desktop/gap_sdk/rtos/pulp/pulp-os/libs/io/io.c:412
/home/marcelo/Desktop/gap_sdk/examples/pmsis/PULP_DECENTOR/BUILD/GAP8/GCC_RISCV/test:1c00035c 0000003c t allocate_memory_l2
/home/marcelo/Desktop/gap_sdk/examples/pmsis/PULP_DECENTOR/BUILD/GAP8/GCC_RISCV/test:1c005452 0000003c T __rt_cluster_new	/home/marcelo/Desktop/gap_sdk/rtos/pulp/pulp-os/kernel/cluster.c:445
/home/marcelo/Desktop/gap_sdk/examples/pmsis/PULP_DECENTOR/BUILD/GAP8/GCC_RISCV/test:1c00548e 0000003c t __rt_cluster_pulpos_emu_init	/home/marcelo/Desktop/gap_sdk/rtos/pulp/pulp-os/kernel/pulpos_emu.c:29
/home/marcelo/Desktop/gap_sdk/examples/pmsis/PULP_DECENTOR/BUILD/GAP8/GCC_RISCV/test:1c003f8c 0000003e T __rt_cbsys_add	/home/marcelo/Desktop/gap_sdk/rtos/pulp/pulp-os/kernel/utils.c:57
/home/marcelo/Desktop/gap_sdk/examples/pmsis/PULP_DECENTOR/BUILD/GAP8/GCC_RISCV/test:1c004bac 0000003e T __rt_freq_init	/home/marcelo/Desktop/gap_sdk/rtos/pulp/pulp-os/kernel/gap/freq.c:62
/home/marcelo/Desktop/gap_sdk/examples/pmsis/PULP_DECENTOR/BUILD/GAP8/GCC_RISCV/test:1c004fe6 00000040 T InitFlls	/home/marcelo/Desktop/gap_sdk/rtos/pulp/pulp-os/kernel/gap/pmu_driver.c:858
/home/marcelo/Desktop/gap_sdk/examples/pmsis/PULP_DECENTOR/BUILD/GAP8/GCC_RISCV/test:1c005918 00000042 t __rt_do_putc_host	/home/marcelo/Desktop/gap_sdk/rtos/pulp/pulp-os/libs/io/io.c:430
/home/marcelo/Desktop/gap_sdk/examples/pmsis/PULP_DECENTOR/BUILD/GAP8/GCC_RISCV/test:1c006c26 00000042 t __rt_uart_cluster_req	/home/marcelo/Desktop/gap_sdk/rtos/pulp/pulp-os/drivers_deprecated/uart/uart.c:266
/home/marcelo/Desktop/gap_sdk/examples/pmsis/PULP_DECENTOR/BUILD/GAP8/GCC_RISCV/test:1c006bba 00000042 t __rt_uart_wait_tx_done.isra.6	/home/marcelo/Desktop/gap_sdk/rtos/pulp/pulp-os/drivers_deprecated/uart/uart.c:222
/home/marcelo/Desktop/gap_sdk/examples/pmsis/PULP_DECENTOR/BUILD/GAP8/GCC_RISCV/test:1c006022 00000044 t _ldiv5	/home/marcelo/Desktop/gap_sdk/rtos/pulp/pulp-os/libs/io/prf.c:143
/home/marcelo/Desktop/gap_sdk/examples/pmsis/PULP_DECENTOR/BUILD/GAP8/GCC_RISCV/test:1c00412c 00000046 t __rt_bridge_wait
/home/marcelo/Desktop/gap_sdk/examples/pmsis/PULP_DECENTOR/BUILD/GAP8/GCC_RISCV/test:1c00291a 00000048 T __eqsf2	/home/gitlab-runner/riscv-gnu-toolchain/riscv-gnu-toolchain/riscv-gcc/libgcc/soft-fp/eqsf2.c:35
/home/marcelo/Desktop/gap_sdk/examples/pmsis/PULP_DECENTOR/BUILD/GAP8/GCC_RISCV/test:1c00291a 00000048 T __nesf2	/home/gitlab-runner/riscv-gnu-toolchain/riscv-gnu-toolchain/riscv-gcc/libgcc/soft-fp/eqsf2.c:43
/home/marcelo/Desktop/gap_sdk/examples/pmsis/PULP_DECENTOR/BUILD/GAP8/GCC_RISCV/test:1c004552 00000048 T rt_user_alloc	/home/marcelo/Desktop/gap_sdk/rtos/pulp/pulp-os/kernel/alloc.c:207
/home/marcelo/Desktop/gap_sdk/examples/pmsis/PULP_DECENTOR/BUILD/GAP8/GCC_RISCV/test:1c002fb0 0000004a T __fixunssfsi	/home/gitlab-runner/riscv-gnu-toolchain/riscv-gnu-toolchain/riscv-gcc/libgcc/soft-fp/fixunssfsi.c:35
/home/marcelo/Desktop/gap_sdk/examples/pmsis/PULP_DECENTOR/BUILD/GAP8/GCC_RISCV/test:1c0041e4 0000004a T __rt_bridge_check_connection
/home/marcelo/Desktop/gap_sdk/examples/pmsis/PULP_DECENTOR/BUILD/GAP8/GCC_RISCV/test:1c004b62 0000004a T rt_freq_set_and_get	/home/marcelo/Desktop/gap_sdk/rtos/pulp/pulp-os/kernel/gap/freq.c:30
/home/marcelo/Desktop/gap_sdk/examples/pmsis/PULP_DECENTOR/BUILD/GAP8/GCC_RISCV/test:1c003e20 0000004c T rt_irq_set_handler	/home/marcelo/Desktop/gap_sdk/rtos/pulp/pulp-os/kernel/irq.c:61
/home/marcelo/Desktop/gap_sdk/examples/pmsis/PULP_DECENTOR/BUILD/GAP8/GCC_RISCV/test:1c00459a 0000004c T rt_user_free	/home/marcelo/Desktop/gap_sdk/rtos/pulp/pulp-os/kernel/alloc.c:291
/home/marcelo/Desktop/gap_sdk/examples/pmsis/PULP_DECENTOR/BUILD/GAP8/GCC_RISCV/test:1c006d28 0000004e T rt_uart_close	/home/marcelo/Desktop/gap_sdk/rtos/pulp/pulp-os/drivers_deprecated/uart/uart.c:228
/home/marcelo/Desktop/gap_sdk/examples/pmsis/PULP_DECENTOR/BUILD/GAP8/GCC_RISCV/test:1c003e6e 00000050 T __rt_handle_illegal_instr	/home/marcelo/Desktop/gap_sdk/rtos/pulp/pulp-os/kernel/irq.c:94
/home/marcelo/Desktop/gap_sdk/examples/pmsis/PULP_DECENTOR/BUILD/GAP8/GCC_RISCV/test:1c00582a 00000050 T __rt_i2s_init	/home/marcelo/Desktop/gap_sdk/rtos/pulp/pulp-os/drivers_deprecated/i2s/i2s-v1.c:268
/home/marcelo/Desktop/gap_sdk/examples/pmsis/PULP_DECENTOR/BUILD/GAP8/GCC_RISCV/test:1c0058c8 00000050 t __rt_io_uart_wait_req	/home/marcelo/Desktop/gap_sdk/rtos/pulp/pulp-os/libs/io/io.c:315
/home/marcelo/Desktop/gap_sdk/examples/pmsis/PULP_DECENTOR/BUILD/GAP8/GCC_RISCV/test:1c003ebe 00000052 T __rt_irq_init	/home/marcelo/Desktop/gap_sdk/rtos/pulp/pulp-os/kernel/irq.c:103
/home/marcelo/Desktop/gap_sdk/examples/pmsis/PULP_DECENTOR/BUILD/GAP8/GCC_RISCV/test:1c030924 00000054 b __pos_i2s	/home/marcelo/Desktop/gap_sdk/rtos/pulp/pulp-os/drivers/i2s/i2s-v1.c:28
/home/marcelo/Desktop/gap_sdk/examples/pmsis/PULP_DECENTOR/BUILD/GAP8/GCC_RISCV/test:1c002f5a 00000056 T __fixsfsi	/home/gitlab-runner/riscv-gnu-toolchain/riscv-gnu-toolchain/riscv-gcc/libgcc/soft-fp/fixsfsi.c:35
/home/marcelo/Desktop/gap_sdk/examples/pmsis/PULP_DECENTOR/BUILD/GAP8/GCC_RISCV/test:1c00555a 00000056 T rt_cluster_mount	/home/marcelo/Desktop/gap_sdk/rtos/pulp/pulp-os/kernel/pulpos_emu.c:68
/home/marcelo/Desktop/gap_sdk/examples/pmsis/PULP_DECENTOR/BUILD/GAP8/GCC_RISCV/test:1c004aae 00000056 T __rt_periph_wait_event	/home/marcelo/Desktop/gap_sdk/rtos/pulp/pulp-os/kernel/periph-v2.c:237
/home/marcelo/Desktop/gap_sdk/examples/pmsis/PULP_DECENTOR/BUILD/GAP8/GCC_RISCV/test:1c00595a 0000005a t __rt_io_start	/home/marcelo/Desktop/gap_sdk/rtos/pulp/pulp-os/libs/io/io.c:746
/home/marcelo/Desktop/gap_sdk/examples/pmsis/PULP_DECENTOR/BUILD/GAP8/GCC_RISCV/test:1c006daa 0000005c T __rt_uart_init	/home/marcelo/Desktop/gap_sdk/rtos/pulp/pulp-os/drivers_deprecated/uart/uart.c:292
/home/marcelo/Desktop/gap_sdk/examples/pmsis/PULP_DECENTOR/BUILD/GAP8/GCC_RISCV/test:1c004b04 0000005e T __rt_periph_init	/home/marcelo/Desktop/gap_sdk/rtos/pulp/pulp-os/kernel/periph-v2.c:276
/home/marcelo/Desktop/gap_sdk/examples/pmsis/PULP_DECENTOR/BUILD/GAP8/GCC_RISCV/test:1c005cd6 0000005e T __rt_putc_debug_bridge	/home/marcelo/Desktop/gap_sdk/rtos/pulp/pulp-os/libs/io/io.c:288
/home/marcelo/Desktop/gap_sdk/examples/pmsis/PULP_DECENTOR/BUILD/GAP8/GCC_RISCV/test:1c0050fc 00000062 t __rt_init_cluster_data	/home/marcelo/Desktop/gap_sdk/rtos/pulp/pulp-os/kernel/cluster.c:72
/home/marcelo/Desktop/gap_sdk/examples/pmsis/PULP_DECENTOR/BUILD/GAP8/GCC_RISCV/test:1c00515e 00000064 t __rt_cluster_init	/home/marcelo/Desktop/gap_sdk/rtos/pulp/pulp-os/kernel/cluster.c:382
/home/marcelo/Desktop/gap_sdk/examples/pmsis/PULP_DECENTOR/BUILD/GAP8/GCC_RISCV/test:1c00447a 00000064 T __rt_event_execute	/home/marcelo/Desktop/gap_sdk/rtos/pulp/pulp-os/kernel/events.c:189
/home/marcelo/Desktop/gap_sdk/examples/pmsis/PULP_DECENTOR/BUILD/GAP8/GCC_RISCV/test:1c00468a 0000006a T __rt_allocs_init	/home/marcelo/Desktop/gap_sdk/rtos/pulp/pulp-os/kernel/alloc.c:465
/home/marcelo/Desktop/gap_sdk/examples/pmsis/PULP_DECENTOR/BUILD/GAP8/GCC_RISCV/test:1c0042c4 0000006e T __rt_bridge_req_shutdown	/home/marcelo/Desktop/gap_sdk/rtos/pulp/pulp-os/kernel/bridge.c:774
/home/marcelo/Desktop/gap_sdk/examples/pmsis/PULP_DECENTOR/BUILD/GAP8/GCC_RISCV/test:1c0053e2 00000070 T __rt_cluster_push_fc_event	/home/marcelo/Desktop/gap_sdk/rtos/pulp/pulp-os/kernel/cluster.c:413
/home/marcelo/Desktop/gap_sdk/examples/pmsis/PULP_DECENTOR/BUILD/GAP8/GCC_RISCV/test:1c0059d4 00000070 t __rt_io_lock
/home/marcelo/Desktop/gap_sdk/examples/pmsis/PULP_DECENTOR/BUILD/GAP8/GCC_RISCV/test:1c005a76 00000070 t __rt_io_unlock
/home/marcelo/Desktop/gap_sdk/examples/pmsis/PULP_DECENTOR/BUILD/GAP8/GCC_RISCV/test:1c004172 00000072 T __rt_bridge_handle_notif	/home/marcelo/Desktop/gap_sdk/rtos/pulp/pulp-os/kernel/bridge.c:644
/home/marcelo/Desktop/gap_sdk/examples/pmsis/PULP_DECENTOR/BUILD/GAP8/GCC_RISCV/test:1c005ed4 00000072 T __rt_io_init	/home/marcelo/Desktop/gap_sdk/rtos/pulp/pulp-os/libs/io/io.c:800
/home/marcelo/Desktop/gap_sdk/examples/pmsis/PULP_DECENTOR/BUILD/GAP8/GCC_RISCV/test:1c0043a6 00000074 T rt_event_alloc	/home/marcelo/Desktop/gap_sdk/rtos/pulp/pulp-os/kernel/events.c:52
/home/marcelo/Desktop/gap_sdk/examples/pmsis/PULP_DECENTOR/BUILD/GAP8/GCC_RISCV/test:1c005e56 00000076 T exit	/home/marcelo/Desktop/gap_sdk/rtos/pulp/pulp-os/libs/io/io.c:690
/home/marcelo/Desktop/gap_sdk/examples/pmsis/PULP_DECENTOR/BUILD/GAP8/GCC_RISCV/test:1c004764 0000007a T rt_event_push_delayed	/home/marcelo/Desktop/gap_sdk/rtos/pulp/pulp-os/kernel/time.c:59
/home/marcelo/Desktop/gap_sdk/examples/pmsis/PULP_DECENTOR/BUILD/GAP8/GCC_RISCV/test:1c00312e 0000007c T __fixsfdi	/home/gitlab-runner/riscv-gnu-toolchain/riscv-gnu-toolchain/riscv-gcc/libgcc/soft-fp/fixsfdi.c:35
/home/marcelo/Desktop/gap_sdk/examples/pmsis/PULP_DECENTOR/BUILD/GAP8/GCC_RISCV/test:1c003f10 0000007c t __rt_fc_cluster_lock_req	/home/marcelo/Desktop/gap_sdk/rtos/pulp/pulp-os/kernel/utils.c:142
/home/marcelo/Desktop/gap_sdk/examples/pmsis/PULP_DECENTOR/BUILD/GAP8/GCC_RISCV/test:1c007c90 00000080 d LAYER_1_BS
/home/marcelo/Desktop/gap_sdk/examples/pmsis/PULP_DECENTOR/BUILD/GAP8/GCC_RISCV/test:1c007b70 00000080 d LAYER_2_WT
/home/marcelo/Desktop/gap_sdk/examples/pmsis/PULP_DECENTOR/BUILD/GAP8/GCC_RISCV/test:1c030a10 00000080 b __rt_io_event	/home/marcelo/Desktop/gap_sdk/rtos/pulp/pulp-os/libs/io/io.c:39
/home/marcelo/Desktop/gap_sdk/examples/pmsis/PULP_DECENTOR/BUILD/GAP8/GCC_RISCV/test:1c030874 00000080 d __rt_putc_host_buffer	/home/marcelo/Desktop/gap_sdk/rtos/pulp/pulp-os/libs/io/io.c:47
/home/marcelo/Desktop/gap_sdk/examples/pmsis/PULP_DECENTOR/BUILD/GAP8/GCC_RISCV/test:1c002962 00000084 T __gesf2	/home/gitlab-runner/riscv-gnu-toolchain/riscv-gnu-toolchain/riscv-gcc/libgcc/soft-fp/gesf2.c:35
/home/marcelo/Desktop/gap_sdk/examples/pmsis/PULP_DECENTOR/BUILD/GAP8/GCC_RISCV/test:1c002962 00000084 T __gtsf2	/home/gitlab-runner/riscv-gnu-toolchain/riscv-gnu-toolchain/riscv-gcc/libgcc/soft-fp/gesf2.c:43
/home/marcelo/Desktop/gap_sdk/examples/pmsis/PULP_DECENTOR/BUILD/GAP8/GCC_RISCV/test:1c0029e6 00000084 T __lesf2	/home/gitlab-runner/riscv-gnu-toolchain/riscv-gnu-toolchain/riscv-gcc/libgcc/soft-fp/lesf2.c:35
/home/marcelo/Desktop/gap_sdk/examples/pmsis/PULP_DECENTOR/BUILD/GAP8/GCC_RISCV/test:1c0029e6 00000084 T __ltsf2	/home/gitlab-runner/riscv-gnu-toolchain/riscv-gnu-toolchain/riscv-gcc/libgcc/soft-fp/lesf2.c:43
/home/marcelo/Desktop/gap_sdk/examples/pmsis/PULP_DECENTOR/BUILD/GAP8/GCC_RISCV/test:1c00571c 00000086 T __pi_gpio_handler	/home/marcelo/Desktop/gap_sdk/rtos/pulp/pulp-os/drivers/gpio/gpio-v2.c:54
/home/marcelo/Desktop/gap_sdk/examples/pmsis/PULP_DECENTOR/BUILD/GAP8/GCC_RISCV/test:1c0031aa 00000088 T __extendsfdf2	/home/gitlab-runner/riscv-gnu-toolchain/riscv-gnu-toolchain/riscv-gcc/libgcc/soft-fp/extendsfdf2.c:37
/home/marcelo/Desktop/gap_sdk/examples/pmsis/PULP_DECENTOR/BUILD/GAP8/GCC_RISCV/test:1c006c9e 0000008a T __rt_uart_open	/home/marcelo/Desktop/gap_sdk/rtos/pulp/pulp-os/drivers_deprecated/uart/uart.c:151
/home/marcelo/Desktop/gap_sdk/examples/pmsis/PULP_DECENTOR/BUILD/GAP8/GCC_RISCV/test:1c004c3c 0000008c T __rt_pmu_cluster_power_down	/home/marcelo/Desktop/gap_sdk/rtos/pulp/pulp-os/kernel/gap/pmu_driver.c:205
/home/marcelo/Desktop/gap_sdk/examples/pmsis/PULP_DECENTOR/BUILD/GAP8/GCC_RISCV/test:1c0047fc 0000008c T __rt_time_init	/home/marcelo/Desktop/gap_sdk/rtos/pulp/pulp-os/kernel/time.c:136
/home/marcelo/Desktop/gap_sdk/examples/pmsis/PULP_DECENTOR/BUILD/GAP8/GCC_RISCV/test:1c005bb4 0000008e t __rt_io_uart_wait_pending	/home/marcelo/Desktop/gap_sdk/rtos/pulp/pulp-os/libs/io/io.c:332
/home/marcelo/Desktop/gap_sdk/examples/pmsis/PULP_DECENTOR/BUILD/GAP8/GCC_RISCV/test:1c00309e 00000090 T __floatunsisf	/home/gitlab-runner/riscv-gnu-toolchain/riscv-gnu-toolchain/riscv-gcc/libgcc/soft-fp/floatunsisf.c:35
/home/marcelo/Desktop/gap_sdk/examples/pmsis/PULP_DECENTOR/BUILD/GAP8/GCC_RISCV/test:1c0054ca 00000090 T rt_cluster_call	/home/marcelo/Desktop/gap_sdk/rtos/pulp/pulp-os/kernel/pulpos_emu.c:40
/home/marcelo/Desktop/gap_sdk/examples/pmsis/PULP_DECENTOR/BUILD/GAP8/GCC_RISCV/test:1c005f70 00000092 t _to_x	/home/marcelo/Desktop/gap_sdk/rtos/pulp/pulp-os/libs/io/prf.c:44
/home/marcelo/Desktop/gap_sdk/examples/pmsis/PULP_DECENTOR/BUILD/GAP8/GCC_RISCV/test:1c030978 00000098 b __rt_gpio	/home/marcelo/Desktop/gap_sdk/rtos/pulp/pulp-os/drivers/gpio/gpio-v2.c:34
/home/marcelo/Desktop/gap_sdk/examples/pmsis/PULP_DECENTOR/BUILD/GAP8/GCC_RISCV/test:1c007bf0 000000a0 d LAYER_0_BS
/home/marcelo/Desktop/gap_sdk/examples/pmsis/PULP_DECENTOR/BUILD/GAP8/GCC_RISCV/test:1c002ffa 000000a4 T __floatsisf	/home/gitlab-runner/riscv-gnu-toolchain/riscv-gnu-toolchain/riscv-gcc/libgcc/soft-fp/floatsisf.c:35
/home/marcelo/Desktop/gap_sdk/examples/pmsis/PULP_DECENTOR/BUILD/GAP8/GCC_RISCV/test:1c005d6e 000000a8 t tfp_putc.isra.9	/home/marcelo/Desktop/gap_sdk/rtos/pulp/pulp-os/libs/io/io.c:795
/home/marcelo/Desktop/gap_sdk/examples/pmsis/PULP_DECENTOR/BUILD/GAP8/GCC_RISCV/test:1c001938 000000ae T __gedf2	/home/gitlab-runner/riscv-gnu-toolchain/riscv-gnu-toolchain/riscv-gcc/libgcc/soft-fp/gedf2.c:35
/home/marcelo/Desktop/gap_sdk/examples/pmsis/PULP_DECENTOR/BUILD/GAP8/GCC_RISCV/test:1c001938 000000ae T __gtdf2	/home/gitlab-runner/riscv-gnu-toolchain/riscv-gnu-toolchain/riscv-gcc/libgcc/soft-fp/gedf2.c:36
/home/marcelo/Desktop/gap_sdk/examples/pmsis/PULP_DECENTOR/BUILD/GAP8/GCC_RISCV/test:1c005026 000000ba T __rt_pmu_init	/home/marcelo/Desktop/gap_sdk/rtos/pulp/pulp-os/kernel/gap/pmu_driver.c:472
/home/marcelo/Desktop/gap_sdk/examples/pmsis/PULP_DECENTOR/BUILD/GAP8/GCC_RISCV/test:1c030758 000000c0 D __hal_debug_struct
/home/marcelo/Desktop/gap_sdk/examples/pmsis/PULP_DECENTOR/BUILD/GAP8/GCC_RISCV/test:1c004f1e 000000c8 T __rt_pmu_cluster_power_up
/home/marcelo/Desktop/gap_sdk/examples/pmsis/PULP_DECENTOR/BUILD/GAP8/GCC_RISCV/test:1c005ae6 000000ce t __rt_io_uart_flush.constprop.11	/home/marcelo/Desktop/gap_sdk/rtos/pulp/pulp-os/libs/io/io.c:795
/home/marcelo/Desktop/gap_sdk/examples/pmsis/PULP_DECENTOR/BUILD/GAP8/GCC_RISCV/test:1c0052de 000000d4 T pi_cluster_open	/home/marcelo/Desktop/gap_sdk/rtos/pulp/pulp-os/kernel/cluster.c:343
/home/marcelo/Desktop/gap_sdk/examples/pmsis/PULP_DECENTOR/BUILD/GAP8/GCC_RISCV/test:1c004888 000000f2 T __rt_timer_handler	/home/marcelo/Desktop/gap_sdk/rtos/pulp/pulp-os/kernel/time_irq.c:30
/home/marcelo/Desktop/gap_sdk/examples/pmsis/PULP_DECENTOR/BUILD/GAP8/GCC_RISCV/test:1c000268 000000f4 t validation_process.constprop.3
/home/marcelo/Desktop/gap_sdk/examples/pmsis/PULP_DECENTOR/BUILD/GAP8/GCC_RISCV/test:1c0055b0 000000fa T pi_cluster_send_task_to_cl_async	/home/marcelo/Desktop/gap_sdk/rtos/pulp/pulp-os/kernel/cluster_call.c:65
/home/marcelo/Desktop/gap_sdk/examples/pmsis/PULP_DECENTOR/BUILD/GAP8/GCC_RISCV/test:1c007084 00000100 R __clz_tab
/home/marcelo/Desktop/gap_sdk/examples/pmsis/PULP_DECENTOR/BUILD/GAP8/GCC_RISCV/test:1c003232 00000114 T __truncdfsf2	/home/gitlab-runner/riscv-gnu-toolchain/riscv-gnu-toolchain/riscv-gcc/libgcc/soft-fp/truncdfsf2.c:36
/home/marcelo/Desktop/gap_sdk/examples/pmsis/PULP_DECENTOR/BUILD/GAP8/GCC_RISCV/test:1c0051c2 00000116 t __rt_cluster_mount_step	/home/marcelo/Desktop/gap_sdk/rtos/pulp/pulp-os/kernel/cluster.c:221
/home/marcelo/Desktop/gap_sdk/examples/pmsis/PULP_DECENTOR/BUILD/GAP8/GCC_RISCV/test:1c004e00 0000011e T InitOneFll	/home/marcelo/Desktop/gap_sdk/rtos/pulp/pulp-os/kernel/gap/pmu_driver.c:771
/home/marcelo/Desktop/gap_sdk/examples/pmsis/PULP_DECENTOR/BUILD/GAP8/GCC_RISCV/test:1c00497a 00000134 T rt_periph_copy	/home/marcelo/Desktop/gap_sdk/rtos/pulp/pulp-os/kernel/periph-v2.c:58
/home/marcelo/Desktop/gap_sdk/examples/pmsis/PULP_DECENTOR/BUILD/GAP8/GCC_RISCV/test:1c004cc8 00000138 T SetFllFrequency
/home/marcelo/Desktop/gap_sdk/examples/pmsis/PULP_DECENTOR/BUILD/GAP8/GCC_RISCV/test:1c003c8e 00000166 T __rt_init	/home/marcelo/Desktop/gap_sdk/rtos/pulp/pulp-os/kernel/init.c:74
/home/marcelo/Desktop/gap_sdk/examples/pmsis/PULP_DECENTOR/BUILD/GAP8/GCC_RISCV/test:1c0000a0 000001c8 t forward_pass
/home/marcelo/Desktop/gap_sdk/examples/pmsis/PULP_DECENTOR/BUILD/GAP8/GCC_RISCV/test:1c002a6a 000001ec T __mulsf3	/home/gitlab-runner/riscv-gnu-toolchain/riscv-gnu-toolchain/riscv-gcc/libgcc/soft-fp/mulsf3.c:35
/home/marcelo/Desktop/gap_sdk/examples/pmsis/PULP_DECENTOR/BUILD/GAP8/GCC_RISCV/test:1c00271c 000001fe T __divsf3	/home/gitlab-runner/riscv-gnu-toolchain/riscv-gnu-toolchain/riscv-gcc/libgcc/soft-fp/divsf3.c:35
/home/marcelo/Desktop/gap_sdk/examples/pmsis/PULP_DECENTOR/BUILD/GAP8/GCC_RISCV/test:00000030 00000280 D periph_channels
/home/marcelo/Desktop/gap_sdk/examples/pmsis/PULP_DECENTOR/BUILD/GAP8/GCC_RISCV/test:1c002432 000002ea T __addsf3	/home/gitlab-runner/riscv-gnu-toolchain/riscv-gnu-toolchain/riscv-gcc/libgcc/soft-fp/addsf3.c:35
/home/marcelo/Desktop/gap_sdk/examples/pmsis/PULP_DECENTOR/BUILD/GAP8/GCC_RISCV/test:1c002c56 00000304 T __subsf3	/home/gitlab-runner/riscv-gnu-toolchain/riscv-gnu-toolchain/riscv-gcc/libgcc/soft-fp/subsf3.c:35
/home/marcelo/Desktop/gap_sdk/examples/pmsis/PULP_DECENTOR/BUILD/GAP8/GCC_RISCV/test:1c000b3a 0000032e T __umoddi3	/home/gitlab-runner/riscv-gnu-toolchain/riscv-gnu-toolchain/riscv-gcc/libgcc/libgcc2.c:1305
/home/marcelo/Desktop/gap_sdk/examples/pmsis/PULP_DECENTOR/BUILD/GAP8/GCC_RISCV/test:1c0007fe 0000033c T __udivdi3	/home/gitlab-runner/riscv-gnu-toolchain/riscv-gnu-toolchain/riscv-gcc/libgcc/libgcc2.c:1317
/home/marcelo/Desktop/gap_sdk/examples/pmsis/PULP_DECENTOR/BUILD/GAP8/GCC_RISCV/test:1c0077b0 000003c0 d LAYER_0_WT
/home/marcelo/Desktop/gap_sdk/examples/pmsis/PULP_DECENTOR/BUILD/GAP8/GCC_RISCV/test:1c0019e6 0000043a T __muldf3	/home/gitlab-runner/riscv-gnu-toolchain/riscv-gnu-toolchain/riscv-gcc/libgcc/soft-fp/muldf3.c:35
/home/marcelo/Desktop/gap_sdk/examples/pmsis/PULP_DECENTOR/BUILD/GAP8/GCC_RISCV/test:1c001466 000004d2 T __divdf3	/home/gitlab-runner/riscv-gnu-toolchain/riscv-gnu-toolchain/riscv-gcc/libgcc/soft-fp/divdf3.c:35
/home/marcelo/Desktop/gap_sdk/examples/pmsis/PULP_DECENTOR/BUILD/GAP8/GCC_RISCV/test:1c000e68 000005fe T __adddf3	/home/gitlab-runner/riscv-gnu-toolchain/riscv-gnu-toolchain/riscv-gcc/libgcc/soft-fp/adddf3.c:35
/home/marcelo/Desktop/gap_sdk/examples/pmsis/PULP_DECENTOR/BUILD/GAP8/GCC_RISCV/test:1c001e20 00000612 T __subdf3	/home/gitlab-runner/riscv-gnu-toolchain/riscv-gnu-toolchain/riscv-gcc/libgcc/soft-fp/subdf3.c:35
/home/marcelo/Desktop/gap_sdk/examples/pmsis/PULP_DECENTOR/BUILD/GAP8/GCC_RISCV/test:1b000398 00000800 D __rt_fc_stack
/home/marcelo/Desktop/gap_sdk/examples/pmsis/PULP_DECENTOR/BUILD/GAP8/GCC_RISCV/test:1c003370 000008de T main
/home/marcelo/Desktop/gap_sdk/examples/pmsis/PULP_DECENTOR/BUILD/GAP8/GCC_RISCV/test:1c00609a 00000ab6 T _prf	/home/marcelo/Desktop/gap_sdk/rtos/pulp/pulp-os/libs/io/prf.c:437
/home/marcelo/Desktop/gap_sdk/examples/pmsis/PULP_DECENTOR/BUILD/GAP8/GCC_RISCV/test:1c007d10 00001400 d LAYER_1_WT
/home/marcelo/Desktop/gap_sdk/examples/pmsis/PULP_DECENTOR/BUILD/GAP8/GCC_RISCV/test:1c024a10 00001b00 d validation_labels
/home/marcelo/Desktop/gap_sdk/examples/pmsis/PULP_DECENTOR/BUILD/GAP8/GCC_RISCV/test:1c009110 00003f00 d train_labels
/home/marcelo/Desktop/gap_sdk/examples/pmsis/PULP_DECENTOR/BUILD/GAP8/GCC_RISCV/test:1c026510 0000a200 d validation_samples
/home/marcelo/Desktop/gap_sdk/examples/pmsis/PULP_DECENTOR/BUILD/GAP8/GCC_RISCV/test:1c00d010 00017a00 d train_samples
