   text	   data	    bss	    dec	    hex	filename
 0x9c24	0x1e4f8	  0x22c	 164680	  28348	/home/marcelo/Desktop/gap_sdk/examples/pmsis/Quantized_PULP_Decentor/BUILD/GAP8/GCC_RISCV/test
/home/marcelo/Desktop/gap_sdk/examples/pmsis/Quantized_PULP_Decentor/BUILD/GAP8/GCC_RISCV/test:1c026f18 00000001 B buffer3	/home/marcelo/Desktop/gap_sdk/examples/pmsis/Quantized_PULP_Decentor/Src/main.c:343
/home/marcelo/Desktop/gap_sdk/examples/pmsis/Quantized_PULP_Decentor/BUILD/GAP8/GCC_RISCV/test:1b000bb8 00000001 D camera_isAwaked	/home/marcelo/Desktop/gap_sdk/rtos/pulp/pulp-os/drivers_deprecated/camera/himax.c:150
/home/marcelo/Desktop/gap_sdk/examples/pmsis/Quantized_PULP_Decentor/BUILD/GAP8/GCC_RISCV/test:00000338 00000001 D __rt_hyper_pending_emu_do_memcpy	/home/marcelo/Desktop/gap_sdk/rtos/pulp/pulp-os/drivers/hyper/hyperram-v1.c:53
/home/marcelo/Desktop/gap_sdk/examples/pmsis/Quantized_PULP_Decentor/BUILD/GAP8/GCC_RISCV/test:1c006cb2 00000002 W illegal_insn_handler_c	/home/marcelo/Desktop/gap_sdk/rtos/pulp/pulp-os/kernel/irq.c:89
/home/marcelo/Desktop/gap_sdk/examples/pmsis/Quantized_PULP_Decentor/BUILD/GAP8/GCC_RISCV/test:1c0064f6 00000002 T __rt_fll_deinit	/home/marcelo/Desktop/gap_sdk/rtos/pulp/pulp-os/kernel/gap/pmu_driver.c:876
/home/marcelo/Desktop/gap_sdk/examples/pmsis/Quantized_PULP_Decentor/BUILD/GAP8/GCC_RISCV/test:1c0064f8 00000002 T __rt_flls_constructor	/home/marcelo/Desktop/gap_sdk/rtos/pulp/pulp-os/kernel/gap/pmu_driver.c:880
/home/marcelo/Desktop/gap_sdk/examples/pmsis/Quantized_PULP_Decentor/BUILD/GAP8/GCC_RISCV/test:1c026c84 00000003 d ToHWDCDC_Pos	/home/marcelo/Desktop/gap_sdk/rtos/pulp/pulp-os/kernel/gap/pmu_driver.c:192
/home/marcelo/Desktop/gap_sdk/examples/pmsis/Quantized_PULP_Decentor/BUILD/GAP8/GCC_RISCV/test:1c008ed0 00000004 t ctor_list	/home/marcelo/Desktop/gap_sdk/rtos/pulp/pulp-os/kernel/init.c:29
/home/marcelo/Desktop/gap_sdk/examples/pmsis/Quantized_PULP_Decentor/BUILD/GAP8/GCC_RISCV/test:1c008f10 00000004 t dtor_list	/home/marcelo/Desktop/gap_sdk/rtos/pulp/pulp-os/kernel/init.c:30
/home/marcelo/Desktop/gap_sdk/examples/pmsis/Quantized_PULP_Decentor/BUILD/GAP8/GCC_RISCV/test:1c026ec8 00000004 b errno	/home/marcelo/Desktop/gap_sdk/rtos/pulp/pulp-os/libs/io/io.c:52
/home/marcelo/Desktop/gap_sdk/examples/pmsis/Quantized_PULP_Decentor/BUILD/GAP8/GCC_RISCV/test:1c026c58 00000004 D __fdlib_version
/home/marcelo/Desktop/gap_sdk/examples/pmsis/Quantized_PULP_Decentor/BUILD/GAP8/GCC_RISCV/test:1c026f28 00000004 B first_delayed
/home/marcelo/Desktop/gap_sdk/examples/pmsis/Quantized_PULP_Decentor/BUILD/GAP8/GCC_RISCV/test:1c026eec 00000004 B fwd_p	/home/marcelo/Desktop/gap_sdk/examples/pmsis/Quantized_PULP_Decentor/Src/main.c:345
/home/marcelo/Desktop/gap_sdk/examples/pmsis/Quantized_PULP_Decentor/BUILD/GAP8/GCC_RISCV/test:1c00073c 00000004 T matherr
/home/marcelo/Desktop/gap_sdk/examples/pmsis/Quantized_PULP_Decentor/BUILD/GAP8/GCC_RISCV/test:1c026ea4 00000004 b __pi_hyper_cluster_reqs_first	/home/marcelo/Desktop/gap_sdk/rtos/pulp/pulp-os/drivers/hyper/hyperram-v1.c:62
/home/marcelo/Desktop/gap_sdk/examples/pmsis/Quantized_PULP_Decentor/BUILD/GAP8/GCC_RISCV/test:1c006c62 00000004 T pi_open_from_conf	/home/marcelo/Desktop/gap_sdk/rtos/pulp/pulp-os/kernel/init.c:325
/home/marcelo/Desktop/gap_sdk/examples/pmsis/Quantized_PULP_Decentor/BUILD/GAP8/GCC_RISCV/test:1c026c88 00000004 D PMURetentionState
/home/marcelo/Desktop/gap_sdk/examples/pmsis/Quantized_PULP_Decentor/BUILD/GAP8/GCC_RISCV/test:00000354 00000004 D pwmEventsStatus	/home/marcelo/Desktop/gap_sdk/rtos/pulp/pulp-os/drivers/pwm/pwm.c:9
/home/marcelo/Desktop/gap_sdk/examples/pmsis/Quantized_PULP_Decentor/BUILD/GAP8/GCC_RISCV/test:1c026c94 00000004 d RetPMUStateToPMUState	/home/marcelo/Desktop/gap_sdk/rtos/pulp/pulp-os/kernel/gap/pmu_driver.c:185
/home/marcelo/Desktop/gap_sdk/examples/pmsis/Quantized_PULP_Decentor/BUILD/GAP8/GCC_RISCV/test:1c026f24 00000004 B __rt_alloc_fc_tcdm
/home/marcelo/Desktop/gap_sdk/examples/pmsis/Quantized_PULP_Decentor/BUILD/GAP8/GCC_RISCV/test:1c026f1c 00000004 B __rt_alloc_l1
/home/marcelo/Desktop/gap_sdk/examples/pmsis/Quantized_PULP_Decentor/BUILD/GAP8/GCC_RISCV/test:1c026f20 00000004 B __rt_alloc_l2
/home/marcelo/Desktop/gap_sdk/examples/pmsis/Quantized_PULP_Decentor/BUILD/GAP8/GCC_RISCV/test:00000014 00000004 d __rt_bridge_eeprom_handle	/home/marcelo/Desktop/gap_sdk/rtos/pulp/pulp-os/kernel/bridge.c:25
/home/marcelo/Desktop/gap_sdk/examples/pmsis/Quantized_PULP_Decentor/BUILD/GAP8/GCC_RISCV/test:00000010 00000004 d __rt_bridge_flash_cs	/home/marcelo/Desktop/gap_sdk/rtos/pulp/pulp-os/kernel/bridge.c:29
/home/marcelo/Desktop/gap_sdk/examples/pmsis/Quantized_PULP_Decentor/BUILD/GAP8/GCC_RISCV/test:00000004 00000004 d __rt_bridge_flash_handle	/home/marcelo/Desktop/gap_sdk/rtos/pulp/pulp-os/kernel/bridge.c:26
/home/marcelo/Desktop/gap_sdk/examples/pmsis/Quantized_PULP_Decentor/BUILD/GAP8/GCC_RISCV/test:0000000c 00000004 d __rt_bridge_flash_itf	/home/marcelo/Desktop/gap_sdk/rtos/pulp/pulp-os/kernel/bridge.c:28
/home/marcelo/Desktop/gap_sdk/examples/pmsis/Quantized_PULP_Decentor/BUILD/GAP8/GCC_RISCV/test:00000008 00000004 d __rt_bridge_flash_type	/home/marcelo/Desktop/gap_sdk/rtos/pulp/pulp-os/kernel/bridge.c:27
/home/marcelo/Desktop/gap_sdk/examples/pmsis/Quantized_PULP_Decentor/BUILD/GAP8/GCC_RISCV/test:00000390 00000004 D __rtc_handler	/home/marcelo/Desktop/gap_sdk/rtos/pulp/pulp-os/drivers_deprecated/dolphin/rtc.c:25
/home/marcelo/Desktop/gap_sdk/examples/pmsis/Quantized_PULP_Decentor/BUILD/GAP8/GCC_RISCV/test:1000001c 00000004 D __rt_cluster_fc_task_lock	/home/marcelo/Desktop/gap_sdk/rtos/pulp/pulp-os/kernel/cluster.c:59
/home/marcelo/Desktop/gap_sdk/examples/pmsis/Quantized_PULP_Decentor/BUILD/GAP8/GCC_RISCV/test:00000018 00000004 D __rt_cluster_nb_active_pe
/home/marcelo/Desktop/gap_sdk/examples/pmsis/Quantized_PULP_Decentor/BUILD/GAP8/GCC_RISCV/test:1c026f38 00000004 B __rt_cluster_tasks	/home/marcelo/Desktop/gap_sdk/rtos/pulp/pulp-os/kernel/cluster.c:41
/home/marcelo/Desktop/gap_sdk/examples/pmsis/Quantized_PULP_Decentor/BUILD/GAP8/GCC_RISCV/test:1b000b9c 00000004 D __rt_debug_config
/home/marcelo/Desktop/gap_sdk/examples/pmsis/Quantized_PULP_Decentor/BUILD/GAP8/GCC_RISCV/test:1b000b98 00000004 D __rt_debug_config_trace
/home/marcelo/Desktop/gap_sdk/examples/pmsis/Quantized_PULP_Decentor/BUILD/GAP8/GCC_RISCV/test:00000014 00000004 D __rt_dma_first_pending
/home/marcelo/Desktop/gap_sdk/examples/pmsis/Quantized_PULP_Decentor/BUILD/GAP8/GCC_RISCV/test:00000010 00000004 D __rt_dma_last_pending
/home/marcelo/Desktop/gap_sdk/examples/pmsis/Quantized_PULP_Decentor/BUILD/GAP8/GCC_RISCV/test:1c026ea0 00000004 b __rt_fc_cluster_device	/home/marcelo/Desktop/gap_sdk/rtos/pulp/pulp-os/kernel/pulpos_emu.c:25
/home/marcelo/Desktop/gap_sdk/examples/pmsis/Quantized_PULP_Decentor/BUILD/GAP8/GCC_RISCV/test:1c026c68 00000004 V __rt_fc_stack_size	/home/marcelo/Desktop/gap_sdk/rtos/pulp/pulp-os/kernel/conf.c:36
/home/marcelo/Desktop/gap_sdk/examples/pmsis/Quantized_PULP_Decentor/BUILD/GAP8/GCC_RISCV/test:00000018 00000004 D __rt_first_free
/home/marcelo/Desktop/gap_sdk/examples/pmsis/Quantized_PULP_Decentor/BUILD/GAP8/GCC_RISCV/test:00000324 00000004 D __rt_hyper_current_task	/home/marcelo/Desktop/gap_sdk/rtos/pulp/pulp-os/drivers/hyper/hyperram-v1.c:27
/home/marcelo/Desktop/gap_sdk/examples/pmsis/Quantized_PULP_Decentor/BUILD/GAP8/GCC_RISCV/test:00000320 00000004 D __rt_hyper_end_task	/home/marcelo/Desktop/gap_sdk/rtos/pulp/pulp-os/drivers/hyper/hyperram-v1.c:25
/home/marcelo/Desktop/gap_sdk/examples/pmsis/Quantized_PULP_Decentor/BUILD/GAP8/GCC_RISCV/test:1c026ea8 00000004 b __rt_hyper_open_count	/home/marcelo/Desktop/gap_sdk/rtos/pulp/pulp-os/drivers/hyper/hyperram-v1.c:65
/home/marcelo/Desktop/gap_sdk/examples/pmsis/Quantized_PULP_Decentor/BUILD/GAP8/GCC_RISCV/test:00000314 00000004 D __rt_hyper_pending_addr	/home/marcelo/Desktop/gap_sdk/rtos/pulp/pulp-os/drivers/hyper/hyperram-v1.c:33
/home/marcelo/Desktop/gap_sdk/examples/pmsis/Quantized_PULP_Decentor/BUILD/GAP8/GCC_RISCV/test:0000030c 00000004 D __rt_hyper_pending_base	/home/marcelo/Desktop/gap_sdk/rtos/pulp/pulp-os/drivers/hyper/hyperram-v1.c:31
/home/marcelo/Desktop/gap_sdk/examples/pmsis/Quantized_PULP_Decentor/BUILD/GAP8/GCC_RISCV/test:00000330 00000004 D __rt_hyper_pending_emu_addr	/home/marcelo/Desktop/gap_sdk/rtos/pulp/pulp-os/drivers/hyper/hyperram-v1.c:48
/home/marcelo/Desktop/gap_sdk/examples/pmsis/Quantized_PULP_Decentor/BUILD/GAP8/GCC_RISCV/test:00000328 00000004 D __rt_hyper_pending_emu_channel	/home/marcelo/Desktop/gap_sdk/rtos/pulp/pulp-os/drivers/hyper/hyperram-v1.c:46
/home/marcelo/Desktop/gap_sdk/examples/pmsis/Quantized_PULP_Decentor/BUILD/GAP8/GCC_RISCV/test:0000032c 00000004 D __rt_hyper_pending_emu_hyper_addr	/home/marcelo/Desktop/gap_sdk/rtos/pulp/pulp-os/drivers/hyper/hyperram-v1.c:47
/home/marcelo/Desktop/gap_sdk/examples/pmsis/Quantized_PULP_Decentor/BUILD/GAP8/GCC_RISCV/test:0000034c 00000004 D __rt_hyper_pending_emu_length	/home/marcelo/Desktop/gap_sdk/rtos/pulp/pulp-os/drivers/hyper/hyperram-v1.c:51
/home/marcelo/Desktop/gap_sdk/examples/pmsis/Quantized_PULP_Decentor/BUILD/GAP8/GCC_RISCV/test:00000334 00000004 D __rt_hyper_pending_emu_size	/home/marcelo/Desktop/gap_sdk/rtos/pulp/pulp-os/drivers/hyper/hyperram-v1.c:49
/home/marcelo/Desktop/gap_sdk/examples/pmsis/Quantized_PULP_Decentor/BUILD/GAP8/GCC_RISCV/test:00000348 00000004 D __rt_hyper_pending_emu_size_2d	/home/marcelo/Desktop/gap_sdk/rtos/pulp/pulp-os/drivers/hyper/hyperram-v1.c:50
/home/marcelo/Desktop/gap_sdk/examples/pmsis/Quantized_PULP_Decentor/BUILD/GAP8/GCC_RISCV/test:00000350 00000004 D __rt_hyper_pending_emu_stride	/home/marcelo/Desktop/gap_sdk/rtos/pulp/pulp-os/drivers/hyper/hyperram-v1.c:52
/home/marcelo/Desktop/gap_sdk/examples/pmsis/Quantized_PULP_Decentor/BUILD/GAP8/GCC_RISCV/test:0000033c 00000004 D __rt_hyper_pending_emu_task	/home/marcelo/Desktop/gap_sdk/rtos/pulp/pulp-os/drivers/hyper/hyperram-v1.c:54
/home/marcelo/Desktop/gap_sdk/examples/pmsis/Quantized_PULP_Decentor/BUILD/GAP8/GCC_RISCV/test:00000310 00000004 D __rt_hyper_pending_hyper_addr	/home/marcelo/Desktop/gap_sdk/rtos/pulp/pulp-os/drivers/hyper/hyperram-v1.c:32
/home/marcelo/Desktop/gap_sdk/examples/pmsis/Quantized_PULP_Decentor/BUILD/GAP8/GCC_RISCV/test:00000318 00000004 D __rt_hyper_pending_repeat	/home/marcelo/Desktop/gap_sdk/rtos/pulp/pulp-os/drivers/hyper/hyperram-v1.c:34
/home/marcelo/Desktop/gap_sdk/examples/pmsis/Quantized_PULP_Decentor/BUILD/GAP8/GCC_RISCV/test:0000031c 00000004 D __rt_hyper_pending_repeat_size	/home/marcelo/Desktop/gap_sdk/rtos/pulp/pulp-os/drivers/hyper/hyperram-v1.c:35
/home/marcelo/Desktop/gap_sdk/examples/pmsis/Quantized_PULP_Decentor/BUILD/GAP8/GCC_RISCV/test:00000340 00000004 D __rt_hyper_pending_tasks	/home/marcelo/Desktop/gap_sdk/rtos/pulp/pulp-os/drivers/hyper/hyperram-v1.c:39
/home/marcelo/Desktop/gap_sdk/examples/pmsis/Quantized_PULP_Decentor/BUILD/GAP8/GCC_RISCV/test:00000344 00000004 D __rt_hyper_pending_tasks_last	/home/marcelo/Desktop/gap_sdk/rtos/pulp/pulp-os/drivers/hyper/hyperram-v1.c:40
/home/marcelo/Desktop/gap_sdk/examples/pmsis/Quantized_PULP_Decentor/BUILD/GAP8/GCC_RISCV/test:00000308 00000004 D __rt_hyper_udma_handle
/home/marcelo/Desktop/gap_sdk/examples/pmsis/Quantized_PULP_Decentor/BUILD/GAP8/GCC_RISCV/test:1c026eac 00000004 b __rt_i2s_first	/home/marcelo/Desktop/gap_sdk/rtos/pulp/pulp-os/drivers_deprecated/i2s/i2s-v1.c:40
/home/marcelo/Desktop/gap_sdk/examples/pmsis/Quantized_PULP_Decentor/BUILD/GAP8/GCC_RISCV/test:1c026c60 00000004 V __rt_iodev
/home/marcelo/Desktop/gap_sdk/examples/pmsis/Quantized_PULP_Decentor/BUILD/GAP8/GCC_RISCV/test:1c026c64 00000004 V __rt_iodev_uart_baudrate
/home/marcelo/Desktop/gap_sdk/examples/pmsis/Quantized_PULP_Decentor/BUILD/GAP8/GCC_RISCV/test:1c026e98 00000004 V __rt_iodev_uart_channel
/home/marcelo/Desktop/gap_sdk/examples/pmsis/Quantized_PULP_Decentor/BUILD/GAP8/GCC_RISCV/test:1c026eb8 00000004 b __rt_io_event_current	/home/marcelo/Desktop/gap_sdk/rtos/pulp/pulp-os/libs/io/io.c:40
/home/marcelo/Desktop/gap_sdk/examples/pmsis/Quantized_PULP_Decentor/BUILD/GAP8/GCC_RISCV/test:1c026ebc 00000004 b __rt_io_pending_flush	/home/marcelo/Desktop/gap_sdk/rtos/pulp/pulp-os/libs/io/io.c:50
/home/marcelo/Desktop/gap_sdk/examples/pmsis/Quantized_PULP_Decentor/BUILD/GAP8/GCC_RISCV/test:1c026ec4 00000004 b _rt_io_uart	/home/marcelo/Desktop/gap_sdk/rtos/pulp/pulp-os/libs/io/io.c:38
/home/marcelo/Desktop/gap_sdk/examples/pmsis/Quantized_PULP_Decentor/BUILD/GAP8/GCC_RISCV/test:1c026c5c 00000004 V __rt_platform
/home/marcelo/Desktop/gap_sdk/examples/pmsis/Quantized_PULP_Decentor/BUILD/GAP8/GCC_RISCV/test:1c026ec0 00000004 b __rt_putc_host_buffer_index	/home/marcelo/Desktop/gap_sdk/rtos/pulp/pulp-os/libs/io/io.c:48
/home/marcelo/Desktop/gap_sdk/examples/pmsis/Quantized_PULP_Decentor/BUILD/GAP8/GCC_RISCV/test:0000038c 00000004 D __rt_rtc_init_done	/home/marcelo/Desktop/gap_sdk/rtos/pulp/pulp-os/drivers_deprecated/dolphin/rtc.c:26
/home/marcelo/Desktop/gap_sdk/examples/pmsis/Quantized_PULP_Decentor/BUILD/GAP8/GCC_RISCV/test:1c026f34 00000004 B __rt_wakeup_use_fast	/home/marcelo/Desktop/gap_sdk/rtos/pulp/pulp-os/kernel/gap/pmu_driver.c:173
/home/marcelo/Desktop/gap_sdk/examples/pmsis/Quantized_PULP_Decentor/BUILD/GAP8/GCC_RISCV/test:1c026e9c 00000004 b timer_count	/home/marcelo/Desktop/gap_sdk/rtos/pulp/pulp-os/kernel/time.c:23
/home/marcelo/Desktop/gap_sdk/examples/pmsis/Quantized_PULP_Decentor/BUILD/GAP8/GCC_RISCV/test:1c0066d8 00000006 T pi_cluster_conf_init	/home/marcelo/Desktop/gap_sdk/rtos/pulp/pulp-os/kernel/cluster.c:337
/home/marcelo/Desktop/gap_sdk/examples/pmsis/Quantized_PULP_Decentor/BUILD/GAP8/GCC_RISCV/test:1c0064fa 00000006 T __rt_fll_set_freq	/home/marcelo/Desktop/gap_sdk/rtos/pulp/pulp-os/kernel/gap/pmu_driver.c:884
/home/marcelo/Desktop/gap_sdk/examples/pmsis/Quantized_PULP_Decentor/BUILD/GAP8/GCC_RISCV/test:1c026c6c 00000007 d SystemStateToSCUFastSeq	/home/marcelo/Desktop/gap_sdk/rtos/pulp/pulp-os/kernel/gap/pmu_driver.c:176
/home/marcelo/Desktop/gap_sdk/examples/pmsis/Quantized_PULP_Decentor/BUILD/GAP8/GCC_RISCV/test:1c026c8c 00000008 D FllsFrequency
/home/marcelo/Desktop/gap_sdk/examples/pmsis/Quantized_PULP_Decentor/BUILD/GAP8/GCC_RISCV/test:1c026f2c 00000008 B __rt_freq_domains
/home/marcelo/Desktop/gap_sdk/examples/pmsis/Quantized_PULP_Decentor/BUILD/GAP8/GCC_RISCV/test:000002b0 00000008 D __rt_socevents_status
/home/marcelo/Desktop/gap_sdk/examples/pmsis/Quantized_PULP_Decentor/BUILD/GAP8/GCC_RISCV/test:1c026eb0 00000008 b __rt_spim_open_count	/home/marcelo/Desktop/gap_sdk/rtos/pulp/pulp-os/drivers_deprecated/spim/spim-v2.c:26
/home/marcelo/Desktop/gap_sdk/examples/pmsis/Quantized_PULP_Decentor/BUILD/GAP8/GCC_RISCV/test:1c007dee 00000008 T semihost_exit	/home/marcelo/Desktop/gap_sdk/rtos/pulp/pulp-os/libs/io/semihost.c:47
/home/marcelo/Desktop/gap_sdk/examples/pmsis/Quantized_PULP_Decentor/BUILD/GAP8/GCC_RISCV/test:1c007de6 00000008 T semihost_write0	/home/marcelo/Desktop/gap_sdk/rtos/pulp/pulp-os/libs/io/semihost.c:6
/home/marcelo/Desktop/gap_sdk/examples/pmsis/Quantized_PULP_Decentor/BUILD/GAP8/GCC_RISCV/test:1c007d5c 0000000a T abort	/home/marcelo/Desktop/gap_sdk/rtos/pulp/pulp-os/libs/io/io.c:739
/home/marcelo/Desktop/gap_sdk/examples/pmsis/Quantized_PULP_Decentor/BUILD/GAP8/GCC_RISCV/test:1c007b2c 0000000a T __errno	/home/marcelo/Desktop/gap_sdk/rtos/pulp/pulp-os/libs/io/io.c:53
/home/marcelo/Desktop/gap_sdk/examples/pmsis/Quantized_PULP_Decentor/BUILD/GAP8/GCC_RISCV/test:1c00772c 0000000a T __rt_himax_init	/home/marcelo/Desktop/gap_sdk/rtos/pulp/pulp-os/drivers_deprecated/camera/himax.c:400
/home/marcelo/Desktop/gap_sdk/examples/pmsis/Quantized_PULP_Decentor/BUILD/GAP8/GCC_RISCV/test:1c007596 0000000a T __rt_padframe_init	/home/marcelo/Desktop/gap_sdk/rtos/pulp/pulp-os/drivers_deprecated/pads/pads-v1.c:58
/home/marcelo/Desktop/gap_sdk/examples/pmsis/Quantized_PULP_Decentor/BUILD/GAP8/GCC_RISCV/test:1c026b44 0000000c D out_formats	/home/marcelo/Desktop/gap_sdk/examples/pmsis/Quantized_PULP_Decentor/Src/main.c:348
/home/marcelo/Desktop/gap_sdk/examples/pmsis/Quantized_PULP_Decentor/BUILD/GAP8/GCC_RISCV/test:1c005cca 0000000c T pi_l2_malloc	/home/marcelo/Desktop/gap_sdk/rtos/pulp/pulp-os/kernel/alloc.c:595
/home/marcelo/Desktop/gap_sdk/examples/pmsis/Quantized_PULP_Decentor/BUILD/GAP8/GCC_RISCV/test:00000004 0000000c D __rt_cluster_pool
/home/marcelo/Desktop/gap_sdk/examples/pmsis/Quantized_PULP_Decentor/BUILD/GAP8/GCC_RISCV/test:1c026d38 0000000c B train_log	/home/marcelo/Desktop/gap_sdk/examples/pmsis/Quantized_PULP_Decentor/Src/main.c:346
/home/marcelo/Desktop/gap_sdk/examples/pmsis/Quantized_PULP_Decentor/BUILD/GAP8/GCC_RISCV/test:1c007dd8 0000000e t __internal_semihost	/home/marcelo/Desktop/gap_sdk/rtos/pulp/pulp-os/libs/io/semihost.h:75
/home/marcelo/Desktop/gap_sdk/examples/pmsis/Quantized_PULP_Decentor/BUILD/GAP8/GCC_RISCV/test:1c000740 0000000e T nan
/home/marcelo/Desktop/gap_sdk/examples/pmsis/Quantized_PULP_Decentor/BUILD/GAP8/GCC_RISCV/test:1c005cd6 0000000e T pi_l2_free	/home/marcelo/Desktop/gap_sdk/rtos/pulp/pulp-os/kernel/alloc.c:600
/home/marcelo/Desktop/gap_sdk/examples/pmsis/Quantized_PULP_Decentor/BUILD/GAP8/GCC_RISCV/test:1c005d3a 0000000e T pi_time_get_us	/home/marcelo/Desktop/gap_sdk/rtos/pulp/pulp-os/kernel/time.c:53
/home/marcelo/Desktop/gap_sdk/examples/pmsis/Quantized_PULP_Decentor/BUILD/GAP8/GCC_RISCV/test:1c00776c 0000000e t __rt_io_end_of_flush	/home/marcelo/Desktop/gap_sdk/rtos/pulp/pulp-os/libs/io/io.c:366
/home/marcelo/Desktop/gap_sdk/examples/pmsis/Quantized_PULP_Decentor/BUILD/GAP8/GCC_RISCV/test:1c007b36 00000010 T memset	/home/marcelo/Desktop/gap_sdk/rtos/pulp/pulp-os/libs/io/io.c:150
/home/marcelo/Desktop/gap_sdk/examples/pmsis/Quantized_PULP_Decentor/BUILD/GAP8/GCC_RISCV/test:1c026c74 00000010 D PMUState
/home/marcelo/Desktop/gap_sdk/examples/pmsis/Quantized_PULP_Decentor/BUILD/GAP8/GCC_RISCV/test:1b000bbc 00000010 d __rt_io_fc_lock	/home/marcelo/Desktop/gap_sdk/rtos/pulp/pulp-os/libs/io/io.c:35
/home/marcelo/Desktop/gap_sdk/examples/pmsis/Quantized_PULP_Decentor/BUILD/GAP8/GCC_RISCV/test:1c026b50 00000010 V __rt_padframe_default	/home/marcelo/Desktop/gap_sdk/rtos/pulp/pulp-os/drivers_deprecated/pads/pads-v1.c:28
/home/marcelo/Desktop/gap_sdk/examples/pmsis/Quantized_PULP_Decentor/BUILD/GAP8/GCC_RISCV/test:1c026b60 00000010 V __rt_padframe_hyper	/home/marcelo/Desktop/gap_sdk/rtos/pulp/pulp-os/drivers_deprecated/pads/pads-v1.c:30
/home/marcelo/Desktop/gap_sdk/examples/pmsis/Quantized_PULP_Decentor/BUILD/GAP8/GCC_RISCV/test:1c026b70 00000010 V __rt_padframe_hyper_gpio	/home/marcelo/Desktop/gap_sdk/rtos/pulp/pulp-os/drivers_deprecated/pads/pads-v1.c:32
/home/marcelo/Desktop/gap_sdk/examples/pmsis/Quantized_PULP_Decentor/BUILD/GAP8/GCC_RISCV/test:1c026e88 00000010 b __rt_uart	/home/marcelo/Desktop/gap_sdk/rtos/pulp/pulp-os/drivers_deprecated/uart/uart.c:43
/home/marcelo/Desktop/gap_sdk/examples/pmsis/Quantized_PULP_Decentor/BUILD/GAP8/GCC_RISCV/test:1c008b44 00000010 T rt_uart_conf_init
/home/marcelo/Desktop/gap_sdk/examples/pmsis/Quantized_PULP_Decentor/BUILD/GAP8/GCC_RISCV/test:1c0064e4 00000012 T __rt_fll_init	/home/marcelo/Desktop/gap_sdk/rtos/pulp/pulp-os/kernel/gap/pmu_driver.c:871
/home/marcelo/Desktop/gap_sdk/examples/pmsis/Quantized_PULP_Decentor/BUILD/GAP8/GCC_RISCV/test:1c007736 00000012 T __rt_i2c_init	/home/marcelo/Desktop/gap_sdk/rtos/pulp/pulp-os/drivers_deprecated/i2c/i2c-v2.c:236
/home/marcelo/Desktop/gap_sdk/examples/pmsis/Quantized_PULP_Decentor/BUILD/GAP8/GCC_RISCV/test:1c007748 00000012 T __rt_rtc_init	/home/marcelo/Desktop/gap_sdk/rtos/pulp/pulp-os/drivers_deprecated/dolphin/rtc.c:414
/home/marcelo/Desktop/gap_sdk/examples/pmsis/Quantized_PULP_Decentor/BUILD/GAP8/GCC_RISCV/test:1c00775a 00000012 T __rt_spim_init	/home/marcelo/Desktop/gap_sdk/rtos/pulp/pulp-os/drivers_deprecated/spim/spim-v2.c:446
/home/marcelo/Desktop/gap_sdk/examples/pmsis/Quantized_PULP_Decentor/BUILD/GAP8/GCC_RISCV/test:1c00384c 00000014 t pmsis_exit	/home/marcelo/Desktop/gap_sdk/install/GAP8/include/rt/implem/implem.h:68
/home/marcelo/Desktop/gap_sdk/examples/pmsis/Quantized_PULP_Decentor/BUILD/GAP8/GCC_RISCV/test:1c007372 00000014 T __rt_event_sched_init	/home/marcelo/Desktop/gap_sdk/rtos/pulp/pulp-os/kernel/events.c:264
/home/marcelo/Desktop/gap_sdk/examples/pmsis/Quantized_PULP_Decentor/BUILD/GAP8/GCC_RISCV/test:0000001c 00000014 D __rt_sched
/home/marcelo/Desktop/gap_sdk/examples/pmsis/Quantized_PULP_Decentor/BUILD/GAP8/GCC_RISCV/test:1c003b90 00000016 t hal_core_id	/home/marcelo/Desktop/gap_sdk/install/GAP8/include/hal/riscv/riscv_v4.h:144
/home/marcelo/Desktop/gap_sdk/examples/pmsis/Quantized_PULP_Decentor/BUILD/GAP8/GCC_RISCV/test:1c003ba6 00000016 t rt_core_id	/home/marcelo/Desktop/gap_sdk/install/GAP8/include/rt/implem/utils.h:227
/home/marcelo/Desktop/gap_sdk/examples/pmsis/Quantized_PULP_Decentor/BUILD/GAP8/GCC_RISCV/test:1b000ba0 00000018 d cbsys_first	/home/marcelo/Desktop/gap_sdk/rtos/pulp/pulp-os/kernel/utils.c:30
/home/marcelo/Desktop/gap_sdk/examples/pmsis/Quantized_PULP_Decentor/BUILD/GAP8/GCC_RISCV/test:1c00735a 00000018 T rt_event_wait	/home/marcelo/Desktop/gap_sdk/rtos/pulp/pulp-os/kernel/events.c:257
/home/marcelo/Desktop/gap_sdk/examples/pmsis/Quantized_PULP_Decentor/BUILD/GAP8/GCC_RISCV/test:1c026b80 00000018 V __rt_padframe_profiles
/home/marcelo/Desktop/gap_sdk/examples/pmsis/Quantized_PULP_Decentor/BUILD/GAP8/GCC_RISCV/test:1c005ce4 00000018 t __rt_time_poweroff	/home/marcelo/Desktop/gap_sdk/rtos/pulp/pulp-os/kernel/time.c:28
/home/marcelo/Desktop/gap_sdk/examples/pmsis/Quantized_PULP_Decentor/BUILD/GAP8/GCC_RISCV/test:1c005cfc 00000018 t __rt_time_poweron	/home/marcelo/Desktop/gap_sdk/rtos/pulp/pulp-os/kernel/time.c:37
/home/marcelo/Desktop/gap_sdk/examples/pmsis/Quantized_PULP_Decentor/BUILD/GAP8/GCC_RISCV/test:1c0071de 00000018 T __rt_wait_event_prepare_blocking	/home/marcelo/Desktop/gap_sdk/rtos/pulp/pulp-os/kernel/events.c:42
/home/marcelo/Desktop/gap_sdk/examples/pmsis/Quantized_PULP_Decentor/BUILD/GAP8/GCC_RISCV/test:1c007ca6 0000001a T fputc_locked
/home/marcelo/Desktop/gap_sdk/examples/pmsis/Quantized_PULP_Decentor/BUILD/GAP8/GCC_RISCV/test:1c00726c 0000001a T rt_event_get	/home/marcelo/Desktop/gap_sdk/rtos/pulp/pulp-os/kernel/events.c:105
/home/marcelo/Desktop/gap_sdk/examples/pmsis/Quantized_PULP_Decentor/BUILD/GAP8/GCC_RISCV/test:1c007b46 0000001a T strchr	/home/marcelo/Desktop/gap_sdk/rtos/pulp/pulp-os/libs/io/io.c:278
/home/marcelo/Desktop/gap_sdk/examples/pmsis/Quantized_PULP_Decentor/BUILD/GAP8/GCC_RISCV/test:1c006f38 0000001c t __rt_event_enqueue	/home/marcelo/Desktop/gap_sdk/install/GAP8/include/rt/rt_event.h:397
/home/marcelo/Desktop/gap_sdk/examples/pmsis/Quantized_PULP_Decentor/BUILD/GAP8/GCC_RISCV/test:1c003b72 0000001e t core_id	/home/marcelo/Desktop/gap_sdk/install/GAP8/include/hal/riscv/riscv_v4.h:113
/home/marcelo/Desktop/gap_sdk/examples/pmsis/Quantized_PULP_Decentor/BUILD/GAP8/GCC_RISCV/test:1c0070b2 0000001e T __rt_bridge_clear_notif	/home/marcelo/Desktop/gap_sdk/rtos/pulp/pulp-os/kernel/bridge.c:838
/home/marcelo/Desktop/gap_sdk/examples/pmsis/Quantized_PULP_Decentor/BUILD/GAP8/GCC_RISCV/test:1c007074 0000001e T __rt_bridge_set_available	/home/marcelo/Desktop/gap_sdk/rtos/pulp/pulp-os/kernel/bridge.c:725
/home/marcelo/Desktop/gap_sdk/examples/pmsis/Quantized_PULP_Decentor/BUILD/GAP8/GCC_RISCV/test:1c026ecc 00000020 B buffer2	/home/marcelo/Desktop/gap_sdk/examples/pmsis/Quantized_PULP_Decentor/Src/main.c:342
/home/marcelo/Desktop/gap_sdk/examples/pmsis/Quantized_PULP_Decentor/BUILD/GAP8/GCC_RISCV/test:1c007eb4 00000020 t _rlrshift	/home/marcelo/Desktop/gap_sdk/rtos/pulp/pulp-os/libs/io/prf.c:122
/home/marcelo/Desktop/gap_sdk/examples/pmsis/Quantized_PULP_Decentor/BUILD/GAP8/GCC_RISCV/test:1c006f54 00000020 t __rt_bridge_check_bridge_req.part.5	/home/marcelo/Desktop/gap_sdk/rtos/pulp/pulp-os/kernel/bridge.c:638
/home/marcelo/Desktop/gap_sdk/examples/pmsis/Quantized_PULP_Decentor/BUILD/GAP8/GCC_RISCV/test:1c007092 00000020 T __rt_bridge_send_notif	/home/marcelo/Desktop/gap_sdk/rtos/pulp/pulp-os/kernel/bridge.c:821
/home/marcelo/Desktop/gap_sdk/examples/pmsis/Quantized_PULP_Decentor/BUILD/GAP8/GCC_RISCV/test:1c007864 00000020 t rt_event_execute.isra.4.constprop.12	/home/marcelo/Desktop/gap_sdk/rtos/pulp/pulp-os/libs/io/io.c:795
/home/marcelo/Desktop/gap_sdk/examples/pmsis/Quantized_PULP_Decentor/BUILD/GAP8/GCC_RISCV/test:1c026c98 00000020 d __rt_i2c	/home/marcelo/Desktop/gap_sdk/rtos/pulp/pulp-os/drivers_deprecated/i2c/i2c-v2.c:28
/home/marcelo/Desktop/gap_sdk/examples/pmsis/Quantized_PULP_Decentor/BUILD/GAP8/GCC_RISCV/test:1c005b34 00000020 T rt_user_alloc_init	/home/marcelo/Desktop/gap_sdk/rtos/pulp/pulp-os/kernel/alloc.c:193
/home/marcelo/Desktop/gap_sdk/examples/pmsis/Quantized_PULP_Decentor/BUILD/GAP8/GCC_RISCV/test:1c005c16 00000022 T __rt_alloc_init_l1	/home/marcelo/Desktop/gap_sdk/rtos/pulp/pulp-os/kernel/alloc.c:445
/home/marcelo/Desktop/gap_sdk/examples/pmsis/Quantized_PULP_Decentor/BUILD/GAP8/GCC_RISCV/test:1c007286 00000022 T rt_event_get_blocking	/home/marcelo/Desktop/gap_sdk/rtos/pulp/pulp-os/kernel/events.c:127
/home/marcelo/Desktop/gap_sdk/examples/pmsis/Quantized_PULP_Decentor/BUILD/GAP8/GCC_RISCV/test:1c005dc2 00000022 T rt_time_wait_us	/home/marcelo/Desktop/gap_sdk/rtos/pulp/pulp-os/kernel/time.c:124
/home/marcelo/Desktop/gap_sdk/examples/pmsis/Quantized_PULP_Decentor/BUILD/GAP8/GCC_RISCV/test:1c008a4c 00000022 t __rt_uart_setfreq_after	/home/marcelo/Desktop/gap_sdk/rtos/pulp/pulp-os/drivers_deprecated/uart/uart.c:135
/home/marcelo/Desktop/gap_sdk/examples/pmsis/Quantized_PULP_Decentor/BUILD/GAP8/GCC_RISCV/test:1c006e42 00000022 T __rt_utils_init	/home/marcelo/Desktop/gap_sdk/rtos/pulp/pulp-os/kernel/utils.c:84
/home/marcelo/Desktop/gap_sdk/examples/pmsis/Quantized_PULP_Decentor/BUILD/GAP8/GCC_RISCV/test:1c0072a8 00000024 T rt_event_push	/home/marcelo/Desktop/gap_sdk/rtos/pulp/pulp-os/kernel/events.c:139
/home/marcelo/Desktop/gap_sdk/examples/pmsis/Quantized_PULP_Decentor/BUILD/GAP8/GCC_RISCV/test:1c008a28 00000024 t __rt_uart_setup.isra.5	/home/marcelo/Desktop/gap_sdk/rtos/pulp/pulp-os/drivers_deprecated/uart/uart.c:222
/home/marcelo/Desktop/gap_sdk/examples/pmsis/Quantized_PULP_Decentor/BUILD/GAP8/GCC_RISCV/test:1c006aae 00000026 t cluster_start	/home/marcelo/Desktop/gap_sdk/rtos/pulp/pulp-os/kernel/init.c:198
/home/marcelo/Desktop/gap_sdk/examples/pmsis/Quantized_PULP_Decentor/BUILD/GAP8/GCC_RISCV/test:1c003860 00000026 t __pi_freq_get_domain	/home/marcelo/Desktop/gap_sdk/install/GAP8/include/pmsis/implem/implem.h:34
/home/marcelo/Desktop/gap_sdk/examples/pmsis/Quantized_PULP_Decentor/BUILD/GAP8/GCC_RISCV/test:1c0057da 00000026 t __pi_freq_get_domain	/home/marcelo/Desktop/gap_sdk/install/GAP8/include/pmsis/implem/implem.h:34
/home/marcelo/Desktop/gap_sdk/examples/pmsis/Quantized_PULP_Decentor/BUILD/GAP8/GCC_RISCV/test:1c005d14 00000026 T rt_time_get_us	/home/marcelo/Desktop/gap_sdk/rtos/pulp/pulp-os/kernel/time.c:45
/home/marcelo/Desktop/gap_sdk/examples/pmsis/Quantized_PULP_Decentor/BUILD/GAP8/GCC_RISCV/test:1c008a02 00000026 T __rt_uart_cluster_req_done	/home/marcelo/Desktop/gap_sdk/rtos/pulp/pulp-os/drivers_deprecated/uart/uart.c:253
/home/marcelo/Desktop/gap_sdk/examples/pmsis/Quantized_PULP_Decentor/BUILD/GAP8/GCC_RISCV/test:1c006016 00000026 t soc_eu_fcEventMask_setEvent	/home/marcelo/Desktop/gap_sdk/install/GAP8/include/hal/soc_eu/soc_eu_v1.h:60
/home/marcelo/Desktop/gap_sdk/examples/pmsis/Quantized_PULP_Decentor/BUILD/GAP8/GCC_RISCV/test:1c008b1e 00000026 t soc_eu_fcEventMask_setEvent	/home/marcelo/Desktop/gap_sdk/install/GAP8/include/hal/soc_eu/soc_eu_v1.h:60
/home/marcelo/Desktop/gap_sdk/examples/pmsis/Quantized_PULP_Decentor/BUILD/GAP8/GCC_RISCV/test:1c026ef0 00000028 B buffer1	/home/marcelo/Desktop/gap_sdk/examples/pmsis/Quantized_PULP_Decentor/Src/main.c:341
/home/marcelo/Desktop/gap_sdk/examples/pmsis/Quantized_PULP_Decentor/BUILD/GAP8/GCC_RISCV/test:1c004478 00000028 t fast_power_of_two	/home/marcelo/Desktop/gap_sdk/examples/pmsis/Quantized_PULP_Decentor/Decentor_L-SGD/Inc/faster_math.h:12
/home/marcelo/Desktop/gap_sdk/examples/pmsis/Quantized_PULP_Decentor/BUILD/GAP8/GCC_RISCV/test:1c005152 00000028 t fast_power_of_two	/home/marcelo/Desktop/gap_sdk/examples/pmsis/Quantized_PULP_Decentor/Decentor_L-SGD/Inc/faster_math.h:12
/home/marcelo/Desktop/gap_sdk/examples/pmsis/Quantized_PULP_Decentor/BUILD/GAP8/GCC_RISCV/test:1c007cc0 00000028 T _prf_locked	/home/marcelo/Desktop/gap_sdk/rtos/pulp/pulp-os/libs/io/io.c:626
/home/marcelo/Desktop/gap_sdk/examples/pmsis/Quantized_PULP_Decentor/BUILD/GAP8/GCC_RISCV/test:1c005c38 00000028 T __rt_alloc_init_l1_for_fc	/home/marcelo/Desktop/gap_sdk/rtos/pulp/pulp-os/kernel/alloc.c:452
/home/marcelo/Desktop/gap_sdk/examples/pmsis/Quantized_PULP_Decentor/BUILD/GAP8/GCC_RISCV/test:1c006c3a 00000028 T __rt_deinit	/home/marcelo/Desktop/gap_sdk/rtos/pulp/pulp-os/kernel/init.c:163
/home/marcelo/Desktop/gap_sdk/examples/pmsis/Quantized_PULP_Decentor/BUILD/GAP8/GCC_RISCV/test:1c026f3c 00000028 B __rt_fc_cluster_data
/home/marcelo/Desktop/gap_sdk/examples/pmsis/Quantized_PULP_Decentor/BUILD/GAP8/GCC_RISCV/test:1c007688 00000028 t __rt_i2s_setfreq_after	/home/marcelo/Desktop/gap_sdk/rtos/pulp/pulp-os/drivers_deprecated/i2s/i2s-v1.c:235
/home/marcelo/Desktop/gap_sdk/examples/pmsis/Quantized_PULP_Decentor/BUILD/GAP8/GCC_RISCV/test:1c007b04 00000028 t __rt_io_stop	/home/marcelo/Desktop/gap_sdk/rtos/pulp/pulp-os/libs/io/io.c:769
/home/marcelo/Desktop/gap_sdk/examples/pmsis/Quantized_PULP_Decentor/BUILD/GAP8/GCC_RISCV/test:1c00756e 00000028 T rt_padframe_set	/home/marcelo/Desktop/gap_sdk/rtos/pulp/pulp-os/drivers_deprecated/pads/pads-v1.c:77
/home/marcelo/Desktop/gap_sdk/examples/pmsis/Quantized_PULP_Decentor/BUILD/GAP8/GCC_RISCV/test:000002b8 00000028 D __rt_udma_extra_callback
/home/marcelo/Desktop/gap_sdk/examples/pmsis/Quantized_PULP_Decentor/BUILD/GAP8/GCC_RISCV/test:000002e0 00000028 D __rt_udma_extra_callback_arg
/home/marcelo/Desktop/gap_sdk/examples/pmsis/Quantized_PULP_Decentor/BUILD/GAP8/GCC_RISCV/test:1c002d52 0000002a T __ashldi3	/home/gitlab-runner/riscv-gnu-toolchain/riscv-gnu-toolchain/riscv-gcc/libgcc/libgcc2.c:431
/home/marcelo/Desktop/gap_sdk/examples/pmsis/Quantized_PULP_Decentor/BUILD/GAP8/GCC_RISCV/test:1c0071b4 0000002a T __rt_event_init	/home/marcelo/Desktop/gap_sdk/rtos/pulp/pulp-os/kernel/events.c:32
/home/marcelo/Desktop/gap_sdk/examples/pmsis/Quantized_PULP_Decentor/BUILD/GAP8/GCC_RISCV/test:1c007330 0000002a T __rt_wait_event	/home/marcelo/Desktop/gap_sdk/rtos/pulp/pulp-os/kernel/events.c:247
/home/marcelo/Desktop/gap_sdk/examples/pmsis/Quantized_PULP_Decentor/BUILD/GAP8/GCC_RISCV/test:1c007df6 0000002c T printf	/home/marcelo/Desktop/gap_sdk/rtos/pulp/pulp-os/libs/io/fprintf.c:41
/home/marcelo/Desktop/gap_sdk/examples/pmsis/Quantized_PULP_Decentor/BUILD/GAP8/GCC_RISCV/test:1c0076b0 0000002c t __rt_i2s_setfreq_before	/home/marcelo/Desktop/gap_sdk/rtos/pulp/pulp-os/drivers_deprecated/i2s/i2s-v1.c:219
/home/marcelo/Desktop/gap_sdk/examples/pmsis/Quantized_PULP_Decentor/BUILD/GAP8/GCC_RISCV/test:1c026d44 0000002c b __rt_pulpos_emu_global_cluster_task	/home/marcelo/Desktop/gap_sdk/rtos/pulp/pulp-os/kernel/pulpos_emu.c:26
/home/marcelo/Desktop/gap_sdk/examples/pmsis/Quantized_PULP_Decentor/BUILD/GAP8/GCC_RISCV/test:1c008ab0 0000002c t __rt_uart_setfreq_before	/home/marcelo/Desktop/gap_sdk/rtos/pulp/pulp-os/drivers_deprecated/uart/uart.c:102
/home/marcelo/Desktop/gap_sdk/examples/pmsis/Quantized_PULP_Decentor/BUILD/GAP8/GCC_RISCV/test:1c005fea 0000002c t SetFllMultDivFactors
/home/marcelo/Desktop/gap_sdk/examples/pmsis/Quantized_PULP_Decentor/BUILD/GAP8/GCC_RISCV/test:1c005800 0000002e t pi_freq_get	/home/marcelo/Desktop/gap_sdk/install/GAP8/include/pmsis/implem/implem.h:44
/home/marcelo/Desktop/gap_sdk/examples/pmsis/Quantized_PULP_Decentor/BUILD/GAP8/GCC_RISCV/test:1c005be8 0000002e T rt_alloc
/home/marcelo/Desktop/gap_sdk/examples/pmsis/Quantized_PULP_Decentor/BUILD/GAP8/GCC_RISCV/test:1c0075a0 0000002e t __rt_hyper_init	/home/marcelo/Desktop/gap_sdk/rtos/pulp/pulp-os/drivers/hyper/hyperram-v1.c:995
/home/marcelo/Desktop/gap_sdk/examples/pmsis/Quantized_PULP_Decentor/BUILD/GAP8/GCC_RISCV/test:1c006e12 00000030 T __rt_cbsys_exec	/home/marcelo/Desktop/gap_sdk/rtos/pulp/pulp-os/kernel/utils.c:71
/home/marcelo/Desktop/gap_sdk/examples/pmsis/Quantized_PULP_Decentor/BUILD/GAP8/GCC_RISCV/test:1c0067b4 00000032 T pi_cluster_close	/home/marcelo/Desktop/gap_sdk/rtos/pulp/pulp-os/kernel/cluster.c:370
/home/marcelo/Desktop/gap_sdk/examples/pmsis/Quantized_PULP_Decentor/BUILD/GAP8/GCC_RISCV/test:1c003886 00000032 t pi_freq_set	/home/marcelo/Desktop/gap_sdk/install/GAP8/include/pmsis/implem/implem.h:39
/home/marcelo/Desktop/gap_sdk/examples/pmsis/Quantized_PULP_Decentor/BUILD/GAP8/GCC_RISCV/test:1c006e64 00000032 T __rt_fc_lock	/home/marcelo/Desktop/gap_sdk/rtos/pulp/pulp-os/kernel/utils.c:92
/home/marcelo/Desktop/gap_sdk/examples/pmsis/Quantized_PULP_Decentor/BUILD/GAP8/GCC_RISCV/test:1c001e26 00000032 T __unorddf2	/home/gitlab-runner/riscv-gnu-toolchain/riscv-gnu-toolchain/riscv-gcc/libgcc/soft-fp/unorddf2.c:34
/home/marcelo/Desktop/gap_sdk/examples/pmsis/Quantized_PULP_Decentor/BUILD/GAP8/GCC_RISCV/test:00000358 00000034 D dev_rtc	/home/marcelo/Desktop/gap_sdk/rtos/pulp/pulp-os/drivers_deprecated/dolphin/rtc.c:24
/home/marcelo/Desktop/gap_sdk/examples/pmsis/Quantized_PULP_Decentor/BUILD/GAP8/GCC_RISCV/test:1c007f18 00000034 t _get_digit	/home/marcelo/Desktop/gap_sdk/rtos/pulp/pulp-os/libs/io/prf.c:167
/home/marcelo/Desktop/gap_sdk/examples/pmsis/Quantized_PULP_Decentor/BUILD/GAP8/GCC_RISCV/test:1c007180 00000034 T __rt_bridge_init	/home/marcelo/Desktop/gap_sdk/rtos/pulp/pulp-os/kernel/bridge.c:851
/home/marcelo/Desktop/gap_sdk/examples/pmsis/Quantized_PULP_Decentor/BUILD/GAP8/GCC_RISCV/test:1c006e96 00000034 T __rt_fc_unlock	/home/marcelo/Desktop/gap_sdk/rtos/pulp/pulp-os/kernel/utils.c:127
/home/marcelo/Desktop/gap_sdk/examples/pmsis/Quantized_PULP_Decentor/BUILD/GAP8/GCC_RISCV/test:1c007654 00000034 t __rt_i2s_resume	/home/marcelo/Desktop/gap_sdk/rtos/pulp/pulp-os/drivers_deprecated/i2s/i2s-v1.c:186
/home/marcelo/Desktop/gap_sdk/examples/pmsis/Quantized_PULP_Decentor/BUILD/GAP8/GCC_RISCV/test:1c0078f4 00000034 t __rt_putc_host_cluster_req	/home/marcelo/Desktop/gap_sdk/rtos/pulp/pulp-os/libs/io/io.c:451
/home/marcelo/Desktop/gap_sdk/examples/pmsis/Quantized_PULP_Decentor/BUILD/GAP8/GCC_RISCV/test:1c008c30 00000034 T rt_uart_cluster_write	/home/marcelo/Desktop/gap_sdk/rtos/pulp/pulp-os/drivers_deprecated/uart/uart.c:277
/home/marcelo/Desktop/gap_sdk/examples/pmsis/Quantized_PULP_Decentor/BUILD/GAP8/GCC_RISCV/test:1c006f02 00000036 T __rt_fc_cluster_unlock	/home/marcelo/Desktop/gap_sdk/rtos/pulp/pulp-os/kernel/utils.c:199
/home/marcelo/Desktop/gap_sdk/examples/pmsis/Quantized_PULP_Decentor/BUILD/GAP8/GCC_RISCV/test:1c006eca 00000038 T __rt_fc_cluster_lock	/home/marcelo/Desktop/gap_sdk/rtos/pulp/pulp-os/kernel/utils.c:189
/home/marcelo/Desktop/gap_sdk/examples/pmsis/Quantized_PULP_Decentor/BUILD/GAP8/GCC_RISCV/test:1c006856 0000003a T __rt_cluster_new	/home/marcelo/Desktop/gap_sdk/rtos/pulp/pulp-os/kernel/cluster.c:445
/home/marcelo/Desktop/gap_sdk/examples/pmsis/Quantized_PULP_Decentor/BUILD/GAP8/GCC_RISCV/test:1c0070d0 0000003c T __rt_bridge_printf_flush
/home/marcelo/Desktop/gap_sdk/examples/pmsis/Quantized_PULP_Decentor/BUILD/GAP8/GCC_RISCV/test:1c006890 0000003c t __rt_cluster_pulpos_emu_init	/home/marcelo/Desktop/gap_sdk/rtos/pulp/pulp-os/kernel/pulpos_emu.c:29
/home/marcelo/Desktop/gap_sdk/examples/pmsis/Quantized_PULP_Decentor/BUILD/GAP8/GCC_RISCV/test:1c007bbe 0000003c T __rt_putc_uart	/home/marcelo/Desktop/gap_sdk/rtos/pulp/pulp-os/libs/io/io.c:412
/home/marcelo/Desktop/gap_sdk/examples/pmsis/Quantized_PULP_Decentor/BUILD/GAP8/GCC_RISCV/test:1c005fac 0000003e T __rt_freq_init	/home/marcelo/Desktop/gap_sdk/rtos/pulp/pulp-os/kernel/gap/freq.c:62
/home/marcelo/Desktop/gap_sdk/examples/pmsis/Quantized_PULP_Decentor/BUILD/GAP8/GCC_RISCV/test:1c0063ea 00000040 T InitFlls	/home/marcelo/Desktop/gap_sdk/rtos/pulp/pulp-os/kernel/gap/pmu_driver.c:858
/home/marcelo/Desktop/gap_sdk/examples/pmsis/Quantized_PULP_Decentor/BUILD/GAP8/GCC_RISCV/test:1c006dd2 00000040 T __rt_cbsys_add	/home/marcelo/Desktop/gap_sdk/rtos/pulp/pulp-os/kernel/utils.c:57
/home/marcelo/Desktop/gap_sdk/examples/pmsis/Quantized_PULP_Decentor/BUILD/GAP8/GCC_RISCV/test:1c0077ca 00000040 t __rt_do_putc_host	/home/marcelo/Desktop/gap_sdk/rtos/pulp/pulp-os/libs/io/io.c:430
/home/marcelo/Desktop/gap_sdk/examples/pmsis/Quantized_PULP_Decentor/BUILD/GAP8/GCC_RISCV/test:1c008adc 00000042 t __rt_uart_cluster_req	/home/marcelo/Desktop/gap_sdk/rtos/pulp/pulp-os/drivers_deprecated/uart/uart.c:266
/home/marcelo/Desktop/gap_sdk/examples/pmsis/Quantized_PULP_Decentor/BUILD/GAP8/GCC_RISCV/test:1c008a6e 00000042 t __rt_uart_wait_tx_done.isra.6	/home/marcelo/Desktop/gap_sdk/rtos/pulp/pulp-os/drivers_deprecated/uart/uart.c:222
/home/marcelo/Desktop/gap_sdk/examples/pmsis/Quantized_PULP_Decentor/BUILD/GAP8/GCC_RISCV/test:1c007ed4 00000044 t _ldiv5	/home/marcelo/Desktop/gap_sdk/rtos/pulp/pulp-os/libs/io/prf.c:143
/home/marcelo/Desktop/gap_sdk/examples/pmsis/Quantized_PULP_Decentor/BUILD/GAP8/GCC_RISCV/test:1c006f74 00000044 t __rt_bridge_wait
/home/marcelo/Desktop/gap_sdk/examples/pmsis/Quantized_PULP_Decentor/BUILD/GAP8/GCC_RISCV/test:1c0023f4 00000048 T __eqsf2	/home/gitlab-runner/riscv-gnu-toolchain/riscv-gnu-toolchain/riscv-gcc/libgcc/soft-fp/eqsf2.c:35
/home/marcelo/Desktop/gap_sdk/examples/pmsis/Quantized_PULP_Decentor/BUILD/GAP8/GCC_RISCV/test:1c0023f4 00000048 T __nesf2	/home/gitlab-runner/riscv-gnu-toolchain/riscv-gnu-toolchain/riscv-gcc/libgcc/soft-fp/eqsf2.c:43
/home/marcelo/Desktop/gap_sdk/examples/pmsis/Quantized_PULP_Decentor/BUILD/GAP8/GCC_RISCV/test:1c005b54 00000048 T rt_user_alloc	/home/marcelo/Desktop/gap_sdk/rtos/pulp/pulp-os/kernel/alloc.c:207
/home/marcelo/Desktop/gap_sdk/examples/pmsis/Quantized_PULP_Decentor/BUILD/GAP8/GCC_RISCV/test:1c00702a 0000004a T __rt_bridge_check_connection
/home/marcelo/Desktop/gap_sdk/examples/pmsis/Quantized_PULP_Decentor/BUILD/GAP8/GCC_RISCV/test:1c005f62 0000004a T rt_freq_set_and_get	/home/marcelo/Desktop/gap_sdk/rtos/pulp/pulp-os/kernel/gap/freq.c:30
/home/marcelo/Desktop/gap_sdk/examples/pmsis/Quantized_PULP_Decentor/BUILD/GAP8/GCC_RISCV/test:1c006c66 0000004c T rt_irq_set_handler	/home/marcelo/Desktop/gap_sdk/rtos/pulp/pulp-os/kernel/irq.c:61
/home/marcelo/Desktop/gap_sdk/examples/pmsis/Quantized_PULP_Decentor/BUILD/GAP8/GCC_RISCV/test:1c005b9c 0000004c T rt_user_free	/home/marcelo/Desktop/gap_sdk/rtos/pulp/pulp-os/kernel/alloc.c:291
/home/marcelo/Desktop/gap_sdk/examples/pmsis/Quantized_PULP_Decentor/BUILD/GAP8/GCC_RISCV/test:1c008be2 0000004e T rt_uart_close	/home/marcelo/Desktop/gap_sdk/rtos/pulp/pulp-os/drivers_deprecated/uart/uart.c:228
/home/marcelo/Desktop/gap_sdk/examples/pmsis/Quantized_PULP_Decentor/BUILD/GAP8/GCC_RISCV/test:1c006cb4 00000050 T __rt_handle_illegal_instr	/home/marcelo/Desktop/gap_sdk/rtos/pulp/pulp-os/kernel/irq.c:94
/home/marcelo/Desktop/gap_sdk/examples/pmsis/Quantized_PULP_Decentor/BUILD/GAP8/GCC_RISCV/test:1c0076dc 00000050 T __rt_i2s_init	/home/marcelo/Desktop/gap_sdk/rtos/pulp/pulp-os/drivers_deprecated/i2s/i2s-v1.c:268
/home/marcelo/Desktop/gap_sdk/examples/pmsis/Quantized_PULP_Decentor/BUILD/GAP8/GCC_RISCV/test:1c00777a 00000050 t __rt_io_uart_wait_req	/home/marcelo/Desktop/gap_sdk/rtos/pulp/pulp-os/libs/io/io.c:315
/home/marcelo/Desktop/gap_sdk/examples/pmsis/Quantized_PULP_Decentor/BUILD/GAP8/GCC_RISCV/test:1c006d04 00000052 T __rt_irq_init	/home/marcelo/Desktop/gap_sdk/rtos/pulp/pulp-os/kernel/irq.c:103
/home/marcelo/Desktop/gap_sdk/examples/pmsis/Quantized_PULP_Decentor/BUILD/GAP8/GCC_RISCV/test:1c0029b0 00000056 T __fixsfsi	/home/gitlab-runner/riscv-gnu-toolchain/riscv-gnu-toolchain/riscv-gcc/libgcc/soft-fp/fixsfsi.c:35
/home/marcelo/Desktop/gap_sdk/examples/pmsis/Quantized_PULP_Decentor/BUILD/GAP8/GCC_RISCV/test:1c0074ba 00000056 T __rt_periph_wait_event	/home/marcelo/Desktop/gap_sdk/rtos/pulp/pulp-os/kernel/periph-v2.c:237
/home/marcelo/Desktop/gap_sdk/examples/pmsis/Quantized_PULP_Decentor/BUILD/GAP8/GCC_RISCV/test:1c001eb4 00000058 T __floatsidf	/home/gitlab-runner/riscv-gnu-toolchain/riscv-gnu-toolchain/riscv-gcc/libgcc/soft-fp/floatsidf.c:36
/home/marcelo/Desktop/gap_sdk/examples/pmsis/Quantized_PULP_Decentor/BUILD/GAP8/GCC_RISCV/test:1c00695c 00000058 T rt_cluster_mount	/home/marcelo/Desktop/gap_sdk/rtos/pulp/pulp-os/kernel/pulpos_emu.c:68
/home/marcelo/Desktop/gap_sdk/examples/pmsis/Quantized_PULP_Decentor/BUILD/GAP8/GCC_RISCV/test:1c00780a 0000005a t __rt_io_start	/home/marcelo/Desktop/gap_sdk/rtos/pulp/pulp-os/libs/io/io.c:746
/home/marcelo/Desktop/gap_sdk/examples/pmsis/Quantized_PULP_Decentor/BUILD/GAP8/GCC_RISCV/test:1c001e58 0000005c T __fixdfsi	/home/gitlab-runner/riscv-gnu-toolchain/riscv-gnu-toolchain/riscv-gcc/libgcc/soft-fp/fixdfsi.c:35
/home/marcelo/Desktop/gap_sdk/examples/pmsis/Quantized_PULP_Decentor/BUILD/GAP8/GCC_RISCV/test:1c008c64 0000005c T __rt_uart_init	/home/marcelo/Desktop/gap_sdk/rtos/pulp/pulp-os/drivers_deprecated/uart/uart.c:292
/home/marcelo/Desktop/gap_sdk/examples/pmsis/Quantized_PULP_Decentor/BUILD/GAP8/GCC_RISCV/test:1c006562 0000005e t __rt_cluster_init	/home/marcelo/Desktop/gap_sdk/rtos/pulp/pulp-os/kernel/cluster.c:382
/home/marcelo/Desktop/gap_sdk/examples/pmsis/Quantized_PULP_Decentor/BUILD/GAP8/GCC_RISCV/test:1c007510 0000005e T __rt_periph_init	/home/marcelo/Desktop/gap_sdk/rtos/pulp/pulp-os/kernel/periph-v2.c:276
/home/marcelo/Desktop/gap_sdk/examples/pmsis/Quantized_PULP_Decentor/BUILD/GAP8/GCC_RISCV/test:1c007b60 0000005e T __rt_putc_debug_bridge	/home/marcelo/Desktop/gap_sdk/rtos/pulp/pulp-os/libs/io/io.c:288
/home/marcelo/Desktop/gap_sdk/examples/pmsis/Quantized_PULP_Decentor/BUILD/GAP8/GCC_RISCV/test:1c00121e 00000060 T __eqdf2	/home/gitlab-runner/riscv-gnu-toolchain/riscv-gnu-toolchain/riscv-gcc/libgcc/soft-fp/eqdf2.c:35
/home/marcelo/Desktop/gap_sdk/examples/pmsis/Quantized_PULP_Decentor/BUILD/GAP8/GCC_RISCV/test:1c00121e 00000060 T __nedf2	/home/gitlab-runner/riscv-gnu-toolchain/riscv-gnu-toolchain/riscv-gcc/libgcc/soft-fp/eqdf2.c:36
/home/marcelo/Desktop/gap_sdk/examples/pmsis/Quantized_PULP_Decentor/BUILD/GAP8/GCC_RISCV/test:1c006500 00000062 t __rt_init_cluster_data	/home/marcelo/Desktop/gap_sdk/rtos/pulp/pulp-os/kernel/cluster.c:72
/home/marcelo/Desktop/gap_sdk/examples/pmsis/Quantized_PULP_Decentor/BUILD/GAP8/GCC_RISCV/test:1c0072cc 00000064 T __rt_event_execute	/home/marcelo/Desktop/gap_sdk/rtos/pulp/pulp-os/kernel/events.c:189
/home/marcelo/Desktop/gap_sdk/examples/pmsis/Quantized_PULP_Decentor/BUILD/GAP8/GCC_RISCV/test:1c005c60 0000006a T __rt_allocs_init	/home/marcelo/Desktop/gap_sdk/rtos/pulp/pulp-os/kernel/alloc.c:465
/home/marcelo/Desktop/gap_sdk/examples/pmsis/Quantized_PULP_Decentor/BUILD/GAP8/GCC_RISCV/test:1c0067e6 00000070 T __rt_cluster_push_fc_event	/home/marcelo/Desktop/gap_sdk/rtos/pulp/pulp-os/kernel/cluster.c:413
/home/marcelo/Desktop/gap_sdk/examples/pmsis/Quantized_PULP_Decentor/BUILD/GAP8/GCC_RISCV/test:1c007884 00000070 t __rt_io_lock
/home/marcelo/Desktop/gap_sdk/examples/pmsis/Quantized_PULP_Decentor/BUILD/GAP8/GCC_RISCV/test:1c007928 00000070 t __rt_io_unlock
/home/marcelo/Desktop/gap_sdk/examples/pmsis/Quantized_PULP_Decentor/BUILD/GAP8/GCC_RISCV/test:1c006fb8 00000072 T __rt_bridge_handle_notif	/home/marcelo/Desktop/gap_sdk/rtos/pulp/pulp-os/kernel/bridge.c:644
/home/marcelo/Desktop/gap_sdk/examples/pmsis/Quantized_PULP_Decentor/BUILD/GAP8/GCC_RISCV/test:1c007d66 00000072 T __rt_io_init	/home/marcelo/Desktop/gap_sdk/rtos/pulp/pulp-os/libs/io/io.c:800
/home/marcelo/Desktop/gap_sdk/examples/pmsis/Quantized_PULP_Decentor/BUILD/GAP8/GCC_RISCV/test:1c007ce8 00000074 T exit	/home/marcelo/Desktop/gap_sdk/rtos/pulp/pulp-os/libs/io/io.c:690
/home/marcelo/Desktop/gap_sdk/examples/pmsis/Quantized_PULP_Decentor/BUILD/GAP8/GCC_RISCV/test:1c00710c 00000074 T __rt_bridge_req_shutdown	/home/marcelo/Desktop/gap_sdk/rtos/pulp/pulp-os/kernel/bridge.c:774
/home/marcelo/Desktop/gap_sdk/examples/pmsis/Quantized_PULP_Decentor/BUILD/GAP8/GCC_RISCV/test:1c0071f6 00000076 T rt_event_alloc	/home/marcelo/Desktop/gap_sdk/rtos/pulp/pulp-os/kernel/events.c:52
/home/marcelo/Desktop/gap_sdk/examples/pmsis/Quantized_PULP_Decentor/BUILD/GAP8/GCC_RISCV/test:1c005d48 0000007a T rt_event_push_delayed	/home/marcelo/Desktop/gap_sdk/rtos/pulp/pulp-os/kernel/time.c:59
/home/marcelo/Desktop/gap_sdk/examples/pmsis/Quantized_PULP_Decentor/BUILD/GAP8/GCC_RISCV/test:1c002b3a 0000007c T __fixsfdi	/home/gitlab-runner/riscv-gnu-toolchain/riscv-gnu-toolchain/riscv-gcc/libgcc/soft-fp/fixsfdi.c:35
/home/marcelo/Desktop/gap_sdk/examples/pmsis/Quantized_PULP_Decentor/BUILD/GAP8/GCC_RISCV/test:1c006d56 0000007c t __rt_fc_cluster_lock_req	/home/marcelo/Desktop/gap_sdk/rtos/pulp/pulp-os/kernel/utils.c:142
/home/marcelo/Desktop/gap_sdk/examples/pmsis/Quantized_PULP_Decentor/BUILD/GAP8/GCC_RISCV/test:1c026e08 00000080 b __rt_io_event	/home/marcelo/Desktop/gap_sdk/rtos/pulp/pulp-os/libs/io/io.c:39
/home/marcelo/Desktop/gap_sdk/examples/pmsis/Quantized_PULP_Decentor/BUILD/GAP8/GCC_RISCV/test:1c026cb8 00000080 d __rt_putc_host_buffer	/home/marcelo/Desktop/gap_sdk/rtos/pulp/pulp-os/libs/io/io.c:47
/home/marcelo/Desktop/gap_sdk/examples/pmsis/Quantized_PULP_Decentor/BUILD/GAP8/GCC_RISCV/test:1c00243c 00000084 T __gesf2	/home/gitlab-runner/riscv-gnu-toolchain/riscv-gnu-toolchain/riscv-gcc/libgcc/soft-fp/gesf2.c:35
/home/marcelo/Desktop/gap_sdk/examples/pmsis/Quantized_PULP_Decentor/BUILD/GAP8/GCC_RISCV/test:1c00243c 00000084 T __gtsf2	/home/gitlab-runner/riscv-gnu-toolchain/riscv-gnu-toolchain/riscv-gcc/libgcc/soft-fp/gesf2.c:43
/home/marcelo/Desktop/gap_sdk/examples/pmsis/Quantized_PULP_Decentor/BUILD/GAP8/GCC_RISCV/test:1c0075ce 00000086 T __pi_gpio_handler	/home/marcelo/Desktop/gap_sdk/rtos/pulp/pulp-os/drivers/gpio/gpio-v2.c:54
/home/marcelo/Desktop/gap_sdk/examples/pmsis/Quantized_PULP_Decentor/BUILD/GAP8/GCC_RISCV/test:1c002bb6 00000088 T __extendsfdf2	/home/gitlab-runner/riscv-gnu-toolchain/riscv-gnu-toolchain/riscv-gcc/libgcc/soft-fp/extendsfdf2.c:37
/home/marcelo/Desktop/gap_sdk/examples/pmsis/Quantized_PULP_Decentor/BUILD/GAP8/GCC_RISCV/test:1c005de4 0000008c T __rt_time_init	/home/marcelo/Desktop/gap_sdk/rtos/pulp/pulp-os/kernel/time.c:136
/home/marcelo/Desktop/gap_sdk/examples/pmsis/Quantized_PULP_Decentor/BUILD/GAP8/GCC_RISCV/test:1c008b54 0000008e T __rt_uart_open	/home/marcelo/Desktop/gap_sdk/rtos/pulp/pulp-os/drivers_deprecated/uart/uart.c:151
/home/marcelo/Desktop/gap_sdk/examples/pmsis/Quantized_PULP_Decentor/BUILD/GAP8/GCC_RISCV/test:1c002aaa 00000090 T __floatunsisf	/home/gitlab-runner/riscv-gnu-toolchain/riscv-gnu-toolchain/riscv-gcc/libgcc/soft-fp/floatunsisf.c:35
/home/marcelo/Desktop/gap_sdk/examples/pmsis/Quantized_PULP_Decentor/BUILD/GAP8/GCC_RISCV/test:1c0068cc 00000090 T rt_cluster_call	/home/marcelo/Desktop/gap_sdk/rtos/pulp/pulp-os/kernel/pulpos_emu.c:40
/home/marcelo/Desktop/gap_sdk/examples/pmsis/Quantized_PULP_Decentor/BUILD/GAP8/GCC_RISCV/test:1c00603c 00000090 T __rt_pmu_cluster_power_down	/home/marcelo/Desktop/gap_sdk/rtos/pulp/pulp-os/kernel/gap/pmu_driver.c:205
/home/marcelo/Desktop/gap_sdk/examples/pmsis/Quantized_PULP_Decentor/BUILD/GAP8/GCC_RISCV/test:1c007a72 00000092 t __rt_io_uart_wait_pending	/home/marcelo/Desktop/gap_sdk/rtos/pulp/pulp-os/libs/io/io.c:332
/home/marcelo/Desktop/gap_sdk/examples/pmsis/Quantized_PULP_Decentor/BUILD/GAP8/GCC_RISCV/test:1c007e22 00000092 t _to_x	/home/marcelo/Desktop/gap_sdk/rtos/pulp/pulp-os/libs/io/prf.c:44
/home/marcelo/Desktop/gap_sdk/examples/pmsis/Quantized_PULP_Decentor/BUILD/GAP8/GCC_RISCV/test:1c026d70 00000098 b __rt_gpio	/home/marcelo/Desktop/gap_sdk/rtos/pulp/pulp-os/drivers/gpio/gpio-v2.c:34
/home/marcelo/Desktop/gap_sdk/examples/pmsis/Quantized_PULP_Decentor/BUILD/GAP8/GCC_RISCV/test:1c00522e 000000a0 T dequantize_q7	/home/marcelo/Desktop/gap_sdk/examples/pmsis/Quantized_PULP_Decentor/Decentor_L-SGD/Src/quantization.c:18
/home/marcelo/Desktop/gap_sdk/examples/pmsis/Quantized_PULP_Decentor/BUILD/GAP8/GCC_RISCV/test:1c002a06 000000a4 T __floatsisf	/home/gitlab-runner/riscv-gnu-toolchain/riscv-gnu-toolchain/riscv-gcc/libgcc/soft-fp/floatsisf.c:35
/home/marcelo/Desktop/gap_sdk/examples/pmsis/Quantized_PULP_Decentor/BUILD/GAP8/GCC_RISCV/test:1c0001d4 000000a6 T round
/home/marcelo/Desktop/gap_sdk/examples/pmsis/Quantized_PULP_Decentor/BUILD/GAP8/GCC_RISCV/test:1c007bfa 000000ac t tfp_putc.isra.9	/home/marcelo/Desktop/gap_sdk/rtos/pulp/pulp-os/libs/io/io.c:795
/home/marcelo/Desktop/gap_sdk/examples/pmsis/Quantized_PULP_Decentor/BUILD/GAP8/GCC_RISCV/test:1c00127e 000000ae T __gedf2	/home/gitlab-runner/riscv-gnu-toolchain/riscv-gnu-toolchain/riscv-gcc/libgcc/soft-fp/gedf2.c:35
/home/marcelo/Desktop/gap_sdk/examples/pmsis/Quantized_PULP_Decentor/BUILD/GAP8/GCC_RISCV/test:1c00127e 000000ae T __gtdf2	/home/gitlab-runner/riscv-gnu-toolchain/riscv-gnu-toolchain/riscv-gcc/libgcc/soft-fp/gedf2.c:36
/home/marcelo/Desktop/gap_sdk/examples/pmsis/Quantized_PULP_Decentor/BUILD/GAP8/GCC_RISCV/test:1c00132c 000000ae T __ledf2	/home/gitlab-runner/riscv-gnu-toolchain/riscv-gnu-toolchain/riscv-gcc/libgcc/soft-fp/ledf2.c:35
/home/marcelo/Desktop/gap_sdk/examples/pmsis/Quantized_PULP_Decentor/BUILD/GAP8/GCC_RISCV/test:1c00132c 000000ae T __ltdf2	/home/gitlab-runner/riscv-gnu-toolchain/riscv-gnu-toolchain/riscv-gcc/libgcc/soft-fp/ledf2.c:36
/home/marcelo/Desktop/gap_sdk/examples/pmsis/Quantized_PULP_Decentor/BUILD/GAP8/GCC_RISCV/test:1c00517a 000000b4 T quantize_q7	/home/marcelo/Desktop/gap_sdk/examples/pmsis/Quantized_PULP_Decentor/Decentor_L-SGD/Src/quantization.c:4
/home/marcelo/Desktop/gap_sdk/examples/pmsis/Quantized_PULP_Decentor/BUILD/GAP8/GCC_RISCV/test:1c0043c0 000000b8 T outputLayer_delta	/home/marcelo/Desktop/gap_sdk/examples/pmsis/Quantized_PULP_Decentor/Decentor_L-SGD/Src/backward_pass.c:232
/home/marcelo/Desktop/gap_sdk/examples/pmsis/Quantized_PULP_Decentor/BUILD/GAP8/GCC_RISCV/test:1c00642a 000000ba T __rt_pmu_init	/home/marcelo/Desktop/gap_sdk/rtos/pulp/pulp-os/kernel/gap/pmu_driver.c:472
/home/marcelo/Desktop/gap_sdk/examples/pmsis/Quantized_PULP_Decentor/BUILD/GAP8/GCC_RISCV/test:1c026b98 000000c0 D __hal_debug_struct
/home/marcelo/Desktop/gap_sdk/examples/pmsis/Quantized_PULP_Decentor/BUILD/GAP8/GCC_RISCV/test:1c006322 000000c8 T __rt_pmu_cluster_power_up
/home/marcelo/Desktop/gap_sdk/examples/pmsis/Quantized_PULP_Decentor/BUILD/GAP8/GCC_RISCV/test:1c0052ce 000000ca T get_qformats	/home/marcelo/Desktop/gap_sdk/examples/pmsis/Quantized_PULP_Decentor/Decentor_L-SGD/Src/quantization.c:30
/home/marcelo/Desktop/gap_sdk/examples/pmsis/Quantized_PULP_Decentor/BUILD/GAP8/GCC_RISCV/test:1c0066de 000000d6 T pi_cluster_open	/home/marcelo/Desktop/gap_sdk/rtos/pulp/pulp-os/kernel/cluster.c:343
/home/marcelo/Desktop/gap_sdk/examples/pmsis/Quantized_PULP_Decentor/BUILD/GAP8/GCC_RISCV/test:1c007998 000000da t __rt_io_uart_flush.constprop.11	/home/marcelo/Desktop/gap_sdk/rtos/pulp/pulp-os/libs/io/io.c:795
/home/marcelo/Desktop/gap_sdk/examples/pmsis/Quantized_PULP_Decentor/BUILD/GAP8/GCC_RISCV/test:1c0042da 000000e6 T node_activation_pd	/home/marcelo/Desktop/gap_sdk/examples/pmsis/Quantized_PULP_Decentor/Decentor_L-SGD/Src/backward_pass.c:187
/home/marcelo/Desktop/gap_sdk/examples/pmsis/Quantized_PULP_Decentor/BUILD/GAP8/GCC_RISCV/test:1c005e70 000000f2 T __rt_timer_handler	/home/marcelo/Desktop/gap_sdk/rtos/pulp/pulp-os/kernel/time_irq.c:30
/home/marcelo/Desktop/gap_sdk/examples/pmsis/Quantized_PULP_Decentor/BUILD/GAP8/GCC_RISCV/test:1c005398 000000f8 T get_qfrac_bits	/home/marcelo/Desktop/gap_sdk/examples/pmsis/Quantized_PULP_Decentor/Decentor_L-SGD/Src/quantization.c:52
/home/marcelo/Desktop/gap_sdk/examples/pmsis/Quantized_PULP_Decentor/BUILD/GAP8/GCC_RISCV/test:1c0069b4 000000fa T pi_cluster_send_task_to_cl_async	/home/marcelo/Desktop/gap_sdk/rtos/pulp/pulp-os/kernel/cluster_call.c:65
/home/marcelo/Desktop/gap_sdk/examples/pmsis/Quantized_PULP_Decentor/BUILD/GAP8/GCC_RISCV/test:1c005a38 000000fc T validation_process_q7	/home/marcelo/Desktop/gap_sdk/examples/pmsis/Quantized_PULP_Decentor/Decentor_L-SGD/Src/training_process.c:85
/home/marcelo/Desktop/gap_sdk/examples/pmsis/Quantized_PULP_Decentor/BUILD/GAP8/GCC_RISCV/test:1c009674 00000100 R __clz_tab
/home/marcelo/Desktop/gap_sdk/examples/pmsis/Quantized_PULP_Decentor/BUILD/GAP8/GCC_RISCV/test:1c009774 00000100 R sigmoidTable_q7	/home/marcelo/Desktop/gap_sdk/examples/pmsis/Quantized_PULP_Decentor/Decentor_L-SGD/Inc/pulp_nntables.h:16
/home/marcelo/Desktop/gap_sdk/examples/pmsis/Quantized_PULP_Decentor/BUILD/GAP8/GCC_RISCV/test:1c009874 00000100 R tanhTable_q7	/home/marcelo/Desktop/gap_sdk/examples/pmsis/Quantized_PULP_Decentor/Decentor_L-SGD/Inc/pulp_nntables.h:51
/home/marcelo/Desktop/gap_sdk/examples/pmsis/Quantized_PULP_Decentor/BUILD/GAP8/GCC_RISCV/test:1c00027a 00000102 T log
/home/marcelo/Desktop/gap_sdk/examples/pmsis/Quantized_PULP_Decentor/BUILD/GAP8/GCC_RISCV/test:1c002c3e 00000114 T __truncdfsf2	/home/gitlab-runner/riscv-gnu-toolchain/riscv-gnu-toolchain/riscv-gcc/libgcc/soft-fp/truncdfsf2.c:36
/home/marcelo/Desktop/gap_sdk/examples/pmsis/Quantized_PULP_Decentor/BUILD/GAP8/GCC_RISCV/test:1c004eba 00000118 T pulp_nn_activations_direct_q7	/home/marcelo/Desktop/gap_sdk/examples/pmsis/Quantized_PULP_Decentor/Decentor_L-SGD/Src/q_forward_pass.c:13
/home/marcelo/Desktop/gap_sdk/examples/pmsis/Quantized_PULP_Decentor/BUILD/GAP8/GCC_RISCV/test:1c0065c0 00000118 t __rt_cluster_mount_step	/home/marcelo/Desktop/gap_sdk/rtos/pulp/pulp-os/kernel/cluster.c:221
/home/marcelo/Desktop/gap_sdk/examples/pmsis/Quantized_PULP_Decentor/BUILD/GAP8/GCC_RISCV/test:1c006204 0000011e T InitOneFll	/home/marcelo/Desktop/gap_sdk/rtos/pulp/pulp-os/kernel/gap/pmu_driver.c:771
/home/marcelo/Desktop/gap_sdk/examples/pmsis/Quantized_PULP_Decentor/BUILD/GAP8/GCC_RISCV/test:1c0000a0 00000134 T ceil
/home/marcelo/Desktop/gap_sdk/examples/pmsis/Quantized_PULP_Decentor/BUILD/GAP8/GCC_RISCV/test:1c0044a0 00000134 T q_hiddenLayer_delta	/home/marcelo/Desktop/gap_sdk/examples/pmsis/Quantized_PULP_Decentor/Decentor_L-SGD/Src/q_backward_pass.c:148
/home/marcelo/Desktop/gap_sdk/examples/pmsis/Quantized_PULP_Decentor/BUILD/GAP8/GCC_RISCV/test:1c007386 00000134 T rt_periph_copy	/home/marcelo/Desktop/gap_sdk/rtos/pulp/pulp-os/kernel/periph-v2.c:58
/home/marcelo/Desktop/gap_sdk/examples/pmsis/Quantized_PULP_Decentor/BUILD/GAP8/GCC_RISCV/test:1c0060cc 00000138 T SetFllFrequency
/home/marcelo/Desktop/gap_sdk/examples/pmsis/Quantized_PULP_Decentor/BUILD/GAP8/GCC_RISCV/test:1c006ad4 00000166 T __rt_init	/home/marcelo/Desktop/gap_sdk/rtos/pulp/pulp-os/kernel/init.c:74
/home/marcelo/Desktop/gap_sdk/examples/pmsis/Quantized_PULP_Decentor/BUILD/GAP8/GCC_RISCV/test:1c004fd2 00000180 T forward_pass_q7	/home/marcelo/Desktop/gap_sdk/examples/pmsis/Quantized_PULP_Decentor/Decentor_L-SGD/Src/q_forward_pass.c:61
/home/marcelo/Desktop/gap_sdk/examples/pmsis/Quantized_PULP_Decentor/BUILD/GAP8/GCC_RISCV/test:1c004152 00000188 T node_loss_pd	/home/marcelo/Desktop/gap_sdk/examples/pmsis/Quantized_PULP_Decentor/Decentor_L-SGD/Src/backward_pass.c:129
/home/marcelo/Desktop/gap_sdk/examples/pmsis/Quantized_PULP_Decentor/BUILD/GAP8/GCC_RISCV/test:1c00a5d0 00000190 D training_labels	/home/marcelo/Desktop/gap_sdk/examples/pmsis/Quantized_PULP_Decentor/Decentor_L-SGD/Inc/DataSets/CogDist/CogDist_data_file.h:517
/home/marcelo/Desktop/gap_sdk/examples/pmsis/Quantized_PULP_Decentor/BUILD/GAP8/GCC_RISCV/test:1c0024c0 000001ec T __mulsf3	/home/gitlab-runner/riscv-gnu-toolchain/riscv-gnu-toolchain/riscv-gcc/libgcc/soft-fp/mulsf3.c:35
/home/marcelo/Desktop/gap_sdk/examples/pmsis/Quantized_PULP_Decentor/BUILD/GAP8/GCC_RISCV/test:1c0021f6 000001fe T __divsf3	/home/gitlab-runner/riscv-gnu-toolchain/riscv-gnu-toolchain/riscv-gcc/libgcc/soft-fp/divsf3.c:35
/home/marcelo/Desktop/gap_sdk/examples/pmsis/Quantized_PULP_Decentor/BUILD/GAP8/GCC_RISCV/test:1c00582e 0000020a T training_process	/home/marcelo/Desktop/gap_sdk/examples/pmsis/Quantized_PULP_Decentor/Decentor_L-SGD/Src/training_process.c:27
/home/marcelo/Desktop/gap_sdk/examples/pmsis/Quantized_PULP_Decentor/BUILD/GAP8/GCC_RISCV/test:00000030 00000280 D periph_channels
/home/marcelo/Desktop/gap_sdk/examples/pmsis/Quantized_PULP_Decentor/BUILD/GAP8/GCC_RISCV/test:1c0038b8 000002ba T main	/home/marcelo/Desktop/gap_sdk/examples/pmsis/Quantized_PULP_Decentor/Src/main.c:470
/home/marcelo/Desktop/gap_sdk/examples/pmsis/Quantized_PULP_Decentor/BUILD/GAP8/GCC_RISCV/test:1c001f0c 000002ea T __addsf3	/home/gitlab-runner/riscv-gnu-toolchain/riscv-gnu-toolchain/riscv-gcc/libgcc/soft-fp/addsf3.c:35
/home/marcelo/Desktop/gap_sdk/examples/pmsis/Quantized_PULP_Decentor/BUILD/GAP8/GCC_RISCV/test:1c0026ac 00000304 T __subsf3	/home/gitlab-runner/riscv-gnu-toolchain/riscv-gnu-toolchain/riscv-gcc/libgcc/soft-fp/subsf3.c:35
/home/marcelo/Desktop/gap_sdk/examples/pmsis/Quantized_PULP_Decentor/BUILD/GAP8/GCC_RISCV/test:1c00351e 0000032e T __umoddi3	/home/gitlab-runner/riscv-gnu-toolchain/riscv-gnu-toolchain/riscv-gcc/libgcc/libgcc2.c:1305
/home/marcelo/Desktop/gap_sdk/examples/pmsis/Quantized_PULP_Decentor/BUILD/GAP8/GCC_RISCV/test:1c0031e2 0000033c T __udivdi3	/home/gitlab-runner/riscv-gnu-toolchain/riscv-gnu-toolchain/riscv-gcc/libgcc/libgcc2.c:1317
/home/marcelo/Desktop/gap_sdk/examples/pmsis/Quantized_PULP_Decentor/BUILD/GAP8/GCC_RISCV/test:1c005490 0000034a T quantize_model	/home/marcelo/Desktop/gap_sdk/examples/pmsis/Quantized_PULP_Decentor/Decentor_L-SGD/Src/quantization.c:78
/home/marcelo/Desktop/gap_sdk/examples/pmsis/Quantized_PULP_Decentor/BUILD/GAP8/GCC_RISCV/test:1c00037c 000003c0 T __ieee754_log
/home/marcelo/Desktop/gap_sdk/examples/pmsis/Quantized_PULP_Decentor/BUILD/GAP8/GCC_RISCV/test:1c0013da 0000043a T __muldf3	/home/gitlab-runner/riscv-gnu-toolchain/riscv-gnu-toolchain/riscv-gcc/libgcc/soft-fp/muldf3.c:35
/home/marcelo/Desktop/gap_sdk/examples/pmsis/Quantized_PULP_Decentor/BUILD/GAP8/GCC_RISCV/test:1c0045d4 0000044c T q_update_parameters	/home/marcelo/Desktop/gap_sdk/examples/pmsis/Quantized_PULP_Decentor/Decentor_L-SGD/Src/q_backward_pass.c:170
/home/marcelo/Desktop/gap_sdk/examples/pmsis/Quantized_PULP_Decentor/BUILD/GAP8/GCC_RISCV/test:1c004a20 0000049a T q_back_prop	/home/marcelo/Desktop/gap_sdk/examples/pmsis/Quantized_PULP_Decentor/Decentor_L-SGD/Src/q_backward_pass.c:348
/home/marcelo/Desktop/gap_sdk/examples/pmsis/Quantized_PULP_Decentor/BUILD/GAP8/GCC_RISCV/test:1c000d4c 000004d2 T __divdf3	/home/gitlab-runner/riscv-gnu-toolchain/riscv-gnu-toolchain/riscv-gcc/libgcc/soft-fp/divdf3.c:35
/home/marcelo/Desktop/gap_sdk/examples/pmsis/Quantized_PULP_Decentor/BUILD/GAP8/GCC_RISCV/test:1c003bbc 00000596 T pulp_nn_linear_int8	/home/marcelo/Desktop/gap_sdk/examples/pmsis/Quantized_PULP_Decentor/pulp-nn/src/pulp_nn_linear_int8.c:44
/home/marcelo/Desktop/gap_sdk/examples/pmsis/Quantized_PULP_Decentor/BUILD/GAP8/GCC_RISCV/test:1c00074e 000005fe T __adddf3	/home/gitlab-runner/riscv-gnu-toolchain/riscv-gnu-toolchain/riscv-gcc/libgcc/soft-fp/adddf3.c:35
/home/marcelo/Desktop/gap_sdk/examples/pmsis/Quantized_PULP_Decentor/BUILD/GAP8/GCC_RISCV/test:1c001814 00000612 T __subdf3	/home/gitlab-runner/riscv-gnu-toolchain/riscv-gnu-toolchain/riscv-gcc/libgcc/soft-fp/subdf3.c:35
/home/marcelo/Desktop/gap_sdk/examples/pmsis/Quantized_PULP_Decentor/BUILD/GAP8/GCC_RISCV/test:1c0264d0 00000674 D new_model_q7	/home/marcelo/Desktop/gap_sdk/examples/pmsis/Quantized_PULP_Decentor/Src/main.c:339
/home/marcelo/Desktop/gap_sdk/examples/pmsis/Quantized_PULP_Decentor/BUILD/GAP8/GCC_RISCV/test:1b000398 00000800 D __rt_fc_stack	/home/marcelo/Desktop/gap_sdk/rtos/pulp/pulp-os/kernel/conf.c:38
/home/marcelo/Desktop/gap_sdk/examples/pmsis/Quantized_PULP_Decentor/BUILD/GAP8/GCC_RISCV/test:1c009c70 00000960 D training_values	/home/marcelo/Desktop/gap_sdk/examples/pmsis/Quantized_PULP_Decentor/Decentor_L-SGD/Inc/DataSets/CogDist/CogDist_data_file.h:12
/home/marcelo/Desktop/gap_sdk/examples/pmsis/Quantized_PULP_Decentor/BUILD/GAP8/GCC_RISCV/test:1c007f4c 00000ab6 T _prf	/home/marcelo/Desktop/gap_sdk/rtos/pulp/pulp-os/libs/io/prf.c:437
/home/marcelo/Desktop/gap_sdk/examples/pmsis/Quantized_PULP_Decentor/BUILD/GAP8/GCC_RISCV/test:1c024b60 00001970 D new_model	/home/marcelo/Desktop/gap_sdk/examples/pmsis/Quantized_PULP_Decentor/Src/main.c:335
/home/marcelo/Desktop/gap_sdk/examples/pmsis/Quantized_PULP_Decentor/BUILD/GAP8/GCC_RISCV/test:1c020f60 00003c00 D testing_labels	/home/marcelo/Desktop/gap_sdk/examples/pmsis/Quantized_PULP_Decentor/Decentor_L-SGD/Inc/DataSets/CogDist/CogDist_data_file.h:4379
/home/marcelo/Desktop/gap_sdk/examples/pmsis/Quantized_PULP_Decentor/BUILD/GAP8/GCC_RISCV/test:1c00a760 00016800 D testing_values	/home/marcelo/Desktop/gap_sdk/examples/pmsis/Quantized_PULP_Decentor/Decentor_L-SGD/Inc/DataSets/CogDist/CogDist_data_file.h:535
